CPU NODE SOCKET CORE
  0    0      0    0
  1    0      0    1
  2    0      0    2
  3    0      0    3
  4    0      0    4
  5    0      0    5
  6    0      0    6
  7    0      0    7
  8    0      0    8
  9    0      0    9
 10    0      0   10
 11    0      0   11
 12    0      0   12
 13    0      0   13
 14    0      0   14
 15    0      0   15
 16    1      0   16
 17    1      0   17
 18    1      0   18
 19    1      0   19
 20    1      0   20
 21    1      0   21
 22    1      0   22
 23    1      0   23
 24    1      0   24
 25    1      0   25
 26    1      0   26
 27    1      0   27
 28    1      0   28
 29    1      0   29
 30    1      0   30
 31    1      0   31
 32    2      0   32
 33    2      0   33
 34    2      0   34
 35    2      0   35
 36    2      0   36
 37    2      0   37
 38    2      0   38
 39    2      0   39
 40    2      0   40
 41    2      0   41
 42    2      0   42
 43    2      0   43
 44    2      0   44
 45    2      0   45
 46    2      0   46
 47    2      0   47
 48    3      0   48
 49    3      0   49
 50    3      0   50
 51    3      0   51
 52    3      0   52
 53    3      0   53
 54    3      0   54
 55    3      0   55
 56    3      0   56
 57    3      0   57
 58    3      0   58
 59    3      0   59
 60    3      0   60
 61    3      0   61
 62    3      0   62
 63    3      0   63
 64    4      1   64
 65    4      1   65
 66    4      1   66
 67    4      1   67
 68    4      1   68
 69    4      1   69
 70    4      1   70
 71    4      1   71
 72    4      1   72
 73    4      1   73
 74    4      1   74
 75    4      1   75
 76    4      1   76
 77    4      1   77
 78    4      1   78
 79    4      1   79
 80    5      1   80
 81    5      1   81
 82    5      1   82
 83    5      1   83
 84    5      1   84
 85    5      1   85
 86    5      1   86
 87    5      1   87
 88    5      1   88
 89    5      1   89
 90    5      1   90
 91    5      1   91
 92    5      1   92
 93    5      1   93
 94    5      1   94
 95    5      1   95
 96    6      1   96
 97    6      1   97
 98    6      1   98
 99    6      1   99
100    6      1  100
101    6      1  101
102    6      1  102
103    6      1  103
104    6      1  104
105    6      1  105
106    6      1  106
107    6      1  107
108    6      1  108
109    6      1  109
110    6      1  110
111    6      1  111
112    7      1  112
113    7      1  113
114    7      1  114
115    7      1  115
116    7      1  116
117    7      1  117
118    7      1  118
119    7      1  119
120    7      1  120
121    7      1  121
122    7      1  122
123    7      1  123
124    7      1  124
125    7      1  125
126    7      1  126
127    7      1  127
