# RUN: --map-by ppr:128:node --bind-to core ep.B.x
Rank 0: Node m30, CPU core 0, NUMA node 0
Rank 1: Node m30, CPU core 1, NUMA node 0
Rank 2: Node m30, CPU core 2, NUMA node 0
Rank 3: Node m30, CPU core 3, NUMA node 0
Rank 4: Node m30, CPU core 4, NUMA node 0
Rank 5: Node m30, CPU core 5, NUMA node 0
Rank 6: Node m30, CPU core 6, NUMA node 0
Rank 7: Node m30, CPU core 7, NUMA node 0
Rank 8: Node m30, CPU core 8, NUMA node 0
Rank 9: Node m30, CPU core 9, NUMA node 0
Rank 10: Node m30, CPU core 10, NUMA node 0
Rank 11: Node m30, CPU core 11, NUMA node 0
Rank 12: Node m30, CPU core 12, NUMA node 0
Rank 13: Node m30, CPU core 13, NUMA node 0
Rank 14: Node m30, CPU core 14, NUMA node 0
Rank 15: Node m30, CPU core 15, NUMA node 0
Rank 16: Node m30, CPU core 16, NUMA node 1
Rank 17: Node m30, CPU core 17, NUMA node 1
Rank 18: Node m30, CPU core 18, NUMA node 1
Rank 19: Node m30, CPU core 19, NUMA node 1
Rank 20: Node m30, CPU core 20, NUMA node 1
Rank 21: Node m30, CPU core 21, NUMA node 1
Rank 22: Node m30, CPU core 22, NUMA node 1
Rank 23: Node m30, CPU core 23, NUMA node 1
Rank 24: Node m30, CPU core 24, NUMA node 1
Rank 25: Node m30, CPU core 25, NUMA node 1
Rank 26: Node m30, CPU core 26, NUMA node 1
Rank 27: Node m30, CPU core 27, NUMA node 1
Rank 28: Node m30, CPU core 28, NUMA node 1
Rank 29: Node m30, CPU core 29, NUMA node 1
Rank 30: Node m30, CPU core 30, NUMA node 1
Rank 31: Node m30, CPU core 31, NUMA node 1
Rank 32: Node m30, CPU core 32, NUMA node 2
Rank 33: Node m30, CPU core 33, NUMA node 2
Rank 34: Node m30, CPU core 34, NUMA node 2
Rank 35: Node m30, CPU core 35, NUMA node 2
Rank 36: Node m30, CPU core 36, NUMA node 2
Rank 37: Node m30, CPU core 37, NUMA node 2
Rank 38: Node m30, CPU core 38, NUMA node 2
Rank 39: Node m30, CPU core 39, NUMA node 2
Rank 40: Node m30, CPU core 40, NUMA node 2
Rank 41: Node m30, CPU core 41, NUMA node 2
Rank 42: Node m30, CPU core 42, NUMA node 2
Rank 43: Node m30, CPU core 43, NUMA node 2
Rank 44: Node m30, CPU core 44, NUMA node 2
Rank 45: Node m30, CPU core 45, NUMA node 2
Rank 46: Node m30, CPU core 46, NUMA node 2
Rank 86: Node m30, CPU core 86, NUMA node 5
Rank 87: Node m30, CPU core 87, NUMA node 5
Rank 88: Node m30, CPU core 88, NUMA node 5
Rank 89: Node m30, CPU core 89, NUMA node 5
Rank 90: Node m30, CPU core 90, NUMA node 5
Rank 91: Node m30, CPU core 91, NUMA node 5
Rank 92: Node m30, CPU core 92, NUMA node 5
Rank 93: Node m30, CPU core 93, NUMA node 5
Rank 94: Node m30, CPU core 94, NUMA node 5
Rank 95: Node m30, CPU core 95, NUMA node 5
Rank 96: Node m30, CPU core 96, NUMA node 6
Rank 97: Node m30, CPU core 97, NUMA node 6
Rank 98: Node m30, CPU core 98, NUMA node 6
Rank 99: Node m30, CPU core 99, NUMA node 6
Rank 100: Node m30, CPU core 100, NUMA node 6
Rank 101: Node m30, CPU core 101, NUMA node 6
Rank 102: Node m30, CPU core 102, NUMA node 6
Rank 103: Node m30, CPU core 103, NUMA node 6
Rank 104: Node m30, CPU core 104, NUMA node 6
Rank 105: Node m30, CPU core 105, NUMA node 6
Rank 106: Node m30, CPU core 106, NUMA node 6
Rank 107: Node m30, CPU core 107, NUMA node 6
Rank 108: Node m30, CPU core 108, NUMA node 6
Rank 109: Node m30, CPU core 109, NUMA node 6
Rank 110: Node m30, CPU core 110, NUMA node 6
Rank 111: Node m30, CPU core 111, NUMA node 6
Rank 112: Node m30, CPU core 112, NUMA node 7
Rank 113: Node m30, CPU core 113, NUMA node 7
Rank 114: Node m30, CPU core 114, NUMA node 7
Rank 115: Node m30, CPU core 115, NUMA node 7
Rank 116: Node m30, CPU core 116, NUMA node 7
Rank 117: Node m30, CPU core 117, NUMA node 7
Rank 118: Node m30, CPU core 118, NUMA node 7
Rank 119: Node m30, CPU core 119, NUMA node 7
Rank 120: Node m30, CPU core 120, NUMA node 7
Rank 121: Node m30, CPU core 121, NUMA node 7
Rank 122: Node m30, CPU core 122, NUMA node 7
Rank 123: Node m30, CPU core 123, NUMA node 7
Rank 124: Node m30, CPU core 124, NUMA node 7
Rank 125: Node m30, CPU core 125, NUMA node 7
Rank 126: Node m30, CPU core 126, NUMA node 7
Rank 127: Node m30, CPU core 127, NUMA node 7
Rank 47: Node m30, CPU core 47, NUMA node 2
Rank 48: Node m30, CPU core 48, NUMA node 3
Rank 49: Node m30, CPU core 49, NUMA node 3
Rank 50: Node m30, CPU core 50, NUMA node 3
Rank 51: Node m30, CPU core 51, NUMA node 3
Rank 52: Node m30, CPU core 52, NUMA node 3
Rank 53: Node m30, CPU core 53, NUMA node 3
Rank 54: Node m30, CPU core 54, NUMA node 3
Rank 55: Node m30, CPU core 55, NUMA node 3
Rank 56: Node m30, CPU core 56, NUMA node 3
Rank 57: Node m30, CPU core 57, NUMA node 3
Rank 58: Node m30, CPU core 58, NUMA node 3
Rank 59: Node m30, CPU core 59, NUMA node 3
Rank 60: Node m30, CPU core 60, NUMA node 3
Rank 61: Node m30, CPU core 61, NUMA node 3
Rank 62: Node m30, CPU core 62, NUMA node 3
Rank 63: Node m30, CPU core 63, NUMA node 3
Rank 64: Node m30, CPU core 64, NUMA node 4
Rank 65: Node m30, CPU core 65, NUMA node 4
Rank 66: Node m30, CPU core 66, NUMA node 4
Rank 67: Node m30, CPU core 67, NUMA node 4
Rank 68: Node m30, CPU core 68, NUMA node 4
Rank 69: Node m30, CPU core 69, NUMA node 4
Rank 70: Node m30, CPU core 70, NUMA node 4
Rank 71: Node m30, CPU core 71, NUMA node 4
Rank 72: Node m30, CPU core 72, NUMA node 4
Rank 73: Node m30, CPU core 73, NUMA node 4
Rank 74: Node m30, CPU core 74, NUMA node 4
Rank 75: Node m30, CPU core 75, NUMA node 4
Rank 76: Node m30, CPU core 76, NUMA node 4
Rank 77: Node m30, CPU core 77, NUMA node 4
Rank 78: Node m30, CPU core 78, NUMA node 4
Rank 79: Node m30, CPU core 79, NUMA node 4
Rank 80: Node m30, CPU core 80, NUMA node 5
Rank 81: Node m30, CPU core 81, NUMA node 5
Rank 82: Node m30, CPU core 82, NUMA node 5
Rank 83: Node m30, CPU core 83, NUMA node 5
Rank 84: Node m30, CPU core 84, NUMA node 5
Rank 85: Node m30, CPU core 85, NUMA node 5

===== SUMMARY =====

----- NODE: m30 -----
CPU cores used: 0 1 2 3 4 5 6 7 8 9 10 11 12 13 14 15 16 17 18 19 20 21 22 23 24 25 26 27 28 29 30 31 32 33 34 35 36 37 38 39 40 41 42 43 44 45 46 47 48 49 50 51 52 53 54 55 56 57 58 59 60 61 62 63 64 65 66 67 68 69 70 71 72 73 74 75 76 77 78 79 80 81 82 83 84 85 86 87 88 89 90 91 92 93 94 95 96 97 98 99 100 101 102 103 104 105 106 107 108 109 110 111 112 113 114 115 116 117 118 119 120 121 122 123 124 125 126 127
NUMA nodes used: 0 1 2 3 4 5 6 7

 NAS Parallel Benchmarks 3.4 -- EP Benchmark

 Number of random numbers generated:      2147483648  (class B)
 Total number of processes:                      128

EP Benchmark Results:

CPU Time =     0.225
N = 2^   30
No. Gaussian Pairs =     843345606.
Sums =     6.728927543423076D+08    6.728951822504205D+08
Counts:
  0     393058470.
  1     375280898.
  2      70460742.
  3       4438852.
  4        105691.
  5           948.
  6             5.
  7             0.
  8             0.
  9             0.


 EP Benchmark Completed.
 Class           =                        B
 Size            =               2147483648
 Iterations      =                        0
 Time in seconds =                     0.22
 Total processes =                      128
 Active processes=                      128
 Mop/s total     =                  9562.97
 Mop/s/process   =                    74.71
 Operation type  = Random numbers generated
 Verification    =               SUCCESSFUL
 Version         =                    3.4.4
 Compile date    =              29 Jun 2026

 Compile options:
    MPIFC        = mpif90
    FLINK        = $(MPIFC)
    FMPI_LIB     = (none)
    FMPI_INC     = (none)
    FFLAGS       = -O3
    FLINKFLAGS   = $(FFLAGS)
    RAND         = randi8


 Please send feedbacks and/or the results of this run to:

 NPB Development Team
 Internet: npb@nas.nasa.gov



 NAS Parallel Benchmarks 3.4 -- EP Benchmark

 Number of random numbers generated:      2147483648  (class B)
 Total number of processes:                      128

EP Benchmark Results:

CPU Time =     0.193
N = 2^   30
No. Gaussian Pairs =     843345606.
Sums =     6.728927543423076D+08    6.728951822504205D+08
Counts:
  0     393058470.
  1     375280898.
  2      70460742.
  3       4438852.
  4        105691.
  5           948.
  6             5.
  7             0.
  8             0.
  9             0.


 EP Benchmark Completed.
 Class           =                        B
 Size            =               2147483648
 Iterations      =                        0
 Time in seconds =                     0.19
 Total processes =                      128
 Active processes=                      128
 Mop/s total     =                 11128.03
 Mop/s/process   =                    86.94
 Operation type  = Random numbers generated
 Verification    =               SUCCESSFUL
 Version         =                    3.4.4
 Compile date    =              29 Jun 2026

 Compile options:
    MPIFC        = mpif90
    FLINK        = $(MPIFC)
    FMPI_LIB     = (none)
    FMPI_INC     = (none)
    FFLAGS       = -O3
    FLINKFLAGS   = $(FFLAGS)
    RAND         = randi8


 Please send feedbacks and/or the results of this run to:

 NPB Development Team
 Internet: npb@nas.nasa.gov



 NAS Parallel Benchmarks 3.4 -- EP Benchmark

 Number of random numbers generated:      2147483648  (class B)
 Total number of processes:                      128

EP Benchmark Results:

CPU Time =     0.192
N = 2^   30
No. Gaussian Pairs =     843345606.
Sums =     6.728927543423076D+08    6.728951822504205D+08
Counts:
  0     393058470.
  1     375280898.
  2      70460742.
  3       4438852.
  4        105691.
  5           948.
  6             5.
  7             0.
  8             0.
  9             0.


 EP Benchmark Completed.
 Class           =                        B
 Size            =               2147483648
 Iterations      =                        0
 Time in seconds =                     0.19
 Total processes =                      128
 Active processes=                      128
 Mop/s total     =                 11180.19
 Mop/s/process   =                    87.35
 Operation type  = Random numbers generated
 Verification    =               SUCCESSFUL
 Version         =                    3.4.4
 Compile date    =              29 Jun 2026

 Compile options:
    MPIFC        = mpif90
    FLINK        = $(MPIFC)
    FMPI_LIB     = (none)
    FMPI_INC     = (none)
    FFLAGS       = -O3
    FLINKFLAGS   = $(FFLAGS)
    RAND         = randi8


 Please send feedbacks and/or the results of this run to:

 NPB Development Team
 Internet: npb@nas.nasa.gov


# RUN: --map-by ppr:64:node --bind-to core ep.B.x
Rank 0: Node m30, CPU core 0, NUMA node 0
Rank 1: Node m30, CPU core 1, NUMA node 0
Rank 2: Node m30, CPU core 2, NUMA node 0
Rank 3: Node m30, CPU core 3, NUMA node 0
Rank 4: Node m30, CPU core 4, NUMA node 0
Rank 5: Node m30, CPU core 5, NUMA node 0
Rank 6: Node m30, CPU core 6, NUMA node 0
Rank 7: Node m30, CPU core 7, NUMA node 0
Rank 8: Node m30, CPU core 8, NUMA node 0
Rank 9: Node m30, CPU core 9, NUMA node 0
Rank 10: Node m30, CPU core 10, NUMA node 0
Rank 11: Node m30, CPU core 11, NUMA node 0
Rank 12: Node m30, CPU core 12, NUMA node 0
Rank 13: Node m30, CPU core 13, NUMA node 0
Rank 14: Node m30, CPU core 14, NUMA node 0
Rank 15: Node m30, CPU core 15, NUMA node 0
Rank 16: Node m30, CPU core 16, NUMA node 1
Rank 17: Node m30, CPU core 17, NUMA node 1
Rank 18: Node m30, CPU core 18, NUMA node 1
Rank 19: Node m30, CPU core 19, NUMA node 1
Rank 20: Node m30, CPU core 20, NUMA node 1
Rank 21: Node m30, CPU core 21, NUMA node 1
Rank 22: Node m30, CPU core 22, NUMA node 1
Rank 23: Node m30, CPU core 23, NUMA node 1
Rank 24: Node m30, CPU core 24, NUMA node 1
Rank 25: Node m30, CPU core 25, NUMA node 1
Rank 26: Node m30, CPU core 26, NUMA node 1
Rank 27: Node m30, CPU core 27, NUMA node 1
Rank 28: Node m30, CPU core 28, NUMA node 1
Rank 29: Node m30, CPU core 29, NUMA node 1
Rank 30: Node m30, CPU core 30, NUMA node 1
Rank 31: Node m30, CPU core 31, NUMA node 1
Rank 32: Node m30, CPU core 32, NUMA node 2
Rank 33: Node m30, CPU core 33, NUMA node 2
Rank 34: Node m30, CPU core 34, NUMA node 2
Rank 35: Node m30, CPU core 35, NUMA node 2
Rank 36: Node m30, CPU core 36, NUMA node 2
Rank 37: Node m30, CPU core 37, NUMA node 2
Rank 38: Node m30, CPU core 38, NUMA node 2
Rank 39: Node m30, CPU core 39, NUMA node 2
Rank 40: Node m30, CPU core 40, NUMA node 2
Rank 41: Node m30, CPU core 41, NUMA node 2
Rank 42: Node m30, CPU core 42, NUMA node 2
Rank 43: Node m30, CPU core 43, NUMA node 2
Rank 44: Node m30, CPU core 44, NUMA node 2
Rank 45: Node m30, CPU core 45, NUMA node 2
Rank 46: Node m30, CPU core 46, NUMA node 2
Rank 47: Node m30, CPU core 47, NUMA node 2
Rank 48: Node m30, CPU core 48, NUMA node 3
Rank 49: Node m30, CPU core 49, NUMA node 3
Rank 50: Node m30, CPU core 50, NUMA node 3
Rank 51: Node m30, CPU core 51, NUMA node 3
Rank 52: Node m30, CPU core 52, NUMA node 3
Rank 53: Node m30, CPU core 53, NUMA node 3
Rank 54: Node m30, CPU core 54, NUMA node 3
Rank 55: Node m30, CPU core 55, NUMA node 3
Rank 56: Node m30, CPU core 56, NUMA node 3
Rank 57: Node m30, CPU core 57, NUMA node 3
Rank 58: Node m30, CPU core 58, NUMA node 3
Rank 59: Node m30, CPU core 59, NUMA node 3
Rank 60: Node m30, CPU core 60, NUMA node 3
Rank 61: Node m30, CPU core 61, NUMA node 3
Rank 62: Node m30, CPU core 62, NUMA node 3
Rank 63: Node m30, CPU core 63, NUMA node 3
Rank 64: Node m31, CPU core 0, NUMA node 0
Rank 65: Node m31, CPU core 1, NUMA node 0
Rank 66: Node m31, CPU core 2, NUMA node 0
Rank 67: Node m31, CPU core 3, NUMA node 0
Rank 68: Node m31, CPU core 4, NUMA node 0
Rank 69: Node m31, CPU core 5, NUMA node 0
Rank 70: Node m31, CPU core 6, NUMA node 0
Rank 71: Node m31, CPU core 7, NUMA node 0
Rank 72: Node m31, CPU core 8, NUMA node 0
Rank 73: Node m31, CPU core 9, NUMA node 0
Rank 74: Node m31, CPU core 10, NUMA node 0
Rank 75: Node m31, CPU core 11, NUMA node 0
Rank 76: Node m31, CPU core 12, NUMA node 0
Rank 77: Node m31, CPU core 13, NUMA node 0
Rank 78: Node m31, CPU core 14, NUMA node 0
Rank 79: Node m31, CPU core 15, NUMA node 0
Rank 80: Node m31, CPU core 16, NUMA node 1
Rank 81: Node m31, CPU core 17, NUMA node 1
Rank 82: Node m31, CPU core 18, NUMA node 1
Rank 83: Node m31, CPU core 19, NUMA node 1
Rank 84: Node m31, CPU core 20, NUMA node 1
Rank 85: Node m31, CPU core 21, NUMA node 1
Rank 86: Node m31, CPU core 22, NUMA node 1
Rank 87: Node m31, CPU core 23, NUMA node 1
Rank 88: Node m31, CPU core 24, NUMA node 1
Rank 89: Node m31, CPU core 25, NUMA node 1
Rank 90: Node m31, CPU core 26, NUMA node 1
Rank 91: Node m31, CPU core 27, NUMA node 1
Rank 92: Node m31, CPU core 28, NUMA node 1
Rank 93: Node m31, CPU core 29, NUMA node 1
Rank 94: Node m31, CPU core 30, NUMA node 1
Rank 95: Node m31, CPU core 31, NUMA node 1
Rank 96: Node m31, CPU core 32, NUMA node 2
Rank 97: Node m31, CPU core 33, NUMA node 2
Rank 98: Node m31, CPU core 34, NUMA node 2
Rank 99: Node m31, CPU core 35, NUMA node 2
Rank 100: Node m31, CPU core 36, NUMA node 2
Rank 101: Node m31, CPU core 37, NUMA node 2
Rank 102: Node m31, CPU core 38, NUMA node 2
Rank 103: Node m31, CPU core 39, NUMA node 2
Rank 104: Node m31, CPU core 40, NUMA node 2
Rank 105: Node m31, CPU core 41, NUMA node 2
Rank 106: Node m31, CPU core 42, NUMA node 2
Rank 107: Node m31, CPU core 43, NUMA node 2
Rank 108: Node m31, CPU core 44, NUMA node 2
Rank 109: Node m31, CPU core 45, NUMA node 2
Rank 110: Node m31, CPU core 46, NUMA node 2
Rank 111: Node m31, CPU core 47, NUMA node 2
Rank 112: Node m31, CPU core 48, NUMA node 3
Rank 113: Node m31, CPU core 49, NUMA node 3
Rank 114: Node m31, CPU core 50, NUMA node 3
Rank 115: Node m31, CPU core 51, NUMA node 3
Rank 116: Node m31, CPU core 52, NUMA node 3
Rank 117: Node m31, CPU core 53, NUMA node 3
Rank 118: Node m31, CPU core 54, NUMA node 3
Rank 119: Node m31, CPU core 55, NUMA node 3
Rank 120: Node m31, CPU core 56, NUMA node 3
Rank 121: Node m31, CPU core 57, NUMA node 3
Rank 122: Node m31, CPU core 58, NUMA node 3
Rank 123: Node m31, CPU core 59, NUMA node 3
Rank 124: Node m31, CPU core 60, NUMA node 3
Rank 125: Node m31, CPU core 61, NUMA node 3
Rank 126: Node m31, CPU core 62, NUMA node 3
Rank 127: Node m31, CPU core 63, NUMA node 3

===== SUMMARY =====

----- NODE: m30 -----
CPU cores used: 0 1 2 3 4 5 6 7 8 9 10 11 12 13 14 15 16 17 18 19 20 21 22 23 24 25 26 27 28 29 30 31 32 33 34 35 36 37 38 39 40 41 42 43 44 45 46 47 48 49 50 51 52 53 54 55 56 57 58 59 60 61 62 63
NUMA nodes used: 0 1 2 3

----- NODE: m31 -----
CPU cores used: 0 1 2 3 4 5 6 7 8 9 10 11 12 13 14 15 16 17 18 19 20 21 22 23 24 25 26 27 28 29 30 31 32 33 34 35 36 37 38 39 40 41 42 43 44 45 46 47 48 49 50 51 52 53 54 55 56 57 58 59 60 61 62 63
NUMA nodes used: 0 1 2 3

 NAS Parallel Benchmarks 3.4 -- EP Benchmark

 Number of random numbers generated:      2147483648  (class B)
 Total number of processes:                      128

EP Benchmark Results:

CPU Time =     0.259
N = 2^   30
No. Gaussian Pairs =     843345606.
Sums =     6.728927543423076D+08    6.728951822504205D+08
Counts:
  0     393058470.
  1     375280898.
  2      70460742.
  3       4438852.
  4        105691.
  5           948.
  6             5.
  7             0.
  8             0.
  9             0.


 EP Benchmark Completed.
 Class           =                        B
 Size            =               2147483648
 Iterations      =                        0
 Time in seconds =                     0.26
 Total processes =                      128
 Active processes=                      128
 Mop/s total     =                  8292.66
 Mop/s/process   =                    64.79
 Operation type  = Random numbers generated
 Verification    =               SUCCESSFUL
 Version         =                    3.4.4
 Compile date    =              29 Jun 2026

 Compile options:
    MPIFC        = mpif90
    FLINK        = $(MPIFC)
    FMPI_LIB     = (none)
    FMPI_INC     = (none)
    FFLAGS       = -O3
    FLINKFLAGS   = $(FFLAGS)
    RAND         = randi8


 Please send feedbacks and/or the results of this run to:

 NPB Development Team
 Internet: npb@nas.nasa.gov



 NAS Parallel Benchmarks 3.4 -- EP Benchmark

 Number of random numbers generated:      2147483648  (class B)
 Total number of processes:                      128

EP Benchmark Results:

CPU Time =     0.255
N = 2^   30
No. Gaussian Pairs =     843345606.
Sums =     6.728927543423076D+08    6.728951822504205D+08
Counts:
  0     393058470.
  1     375280898.
  2      70460742.
  3       4438852.
  4        105691.
  5           948.
  6             5.
  7             0.
  8             0.
  9             0.


 EP Benchmark Completed.
 Class           =                        B
 Size            =               2147483648
 Iterations      =                        0
 Time in seconds =                     0.25
 Total processes =                      128
 Active processes=                      128
 Mop/s total     =                  8422.06
 Mop/s/process   =                    65.80
 Operation type  = Random numbers generated
 Verification    =               SUCCESSFUL
 Version         =                    3.4.4
 Compile date    =              29 Jun 2026

 Compile options:
    MPIFC        = mpif90
    FLINK        = $(MPIFC)
    FMPI_LIB     = (none)
    FMPI_INC     = (none)
    FFLAGS       = -O3
    FLINKFLAGS   = $(FFLAGS)
    RAND         = randi8


 Please send feedbacks and/or the results of this run to:

 NPB Development Team
 Internet: npb@nas.nasa.gov



 NAS Parallel Benchmarks 3.4 -- EP Benchmark

 Number of random numbers generated:      2147483648  (class B)
 Total number of processes:                      128

EP Benchmark Results:

CPU Time =     0.250
N = 2^   30
No. Gaussian Pairs =     843345606.
Sums =     6.728927543423076D+08    6.728951822504205D+08
Counts:
  0     393058470.
  1     375280898.
  2      70460742.
  3       4438852.
  4        105691.
  5           948.
  6             5.
  7             0.
  8             0.
  9             0.


 EP Benchmark Completed.
 Class           =                        B
 Size            =               2147483648
 Iterations      =                        0
 Time in seconds =                     0.25
 Total processes =                      128
 Active processes=                      128
 Mop/s total     =                  8605.23
 Mop/s/process   =                    67.23
 Operation type  = Random numbers generated
 Verification    =               SUCCESSFUL
 Version         =                    3.4.4
 Compile date    =              29 Jun 2026

 Compile options:
    MPIFC        = mpif90
    FLINK        = $(MPIFC)
    FMPI_LIB     = (none)
    FMPI_INC     = (none)
    FFLAGS       = -O3
    FLINKFLAGS   = $(FFLAGS)
    RAND         = randi8


 Please send feedbacks and/or the results of this run to:

 NPB Development Team
 Internet: npb@nas.nasa.gov


# RUN: --map-by ppr:32:socket --bind-to core ep.B.x
Rank 0: Node m30, CPU core 0, NUMA node 0
Rank 1: Node m30, CPU core 1, NUMA node 0
Rank 2: Node m30, CPU core 2, NUMA node 0
Rank 3: Node m30, CPU core 3, NUMA node 0
Rank 4: Node m30, CPU core 4, NUMA node 0
Rank 5: Node m30, CPU core 5, NUMA node 0
Rank 6: Node m30, CPU core 6, NUMA node 0
Rank 7: Node m30, CPU core 7, NUMA node 0
Rank 8: Node m30, CPU core 8, NUMA node 0
Rank 9: Node m30, CPU core 9, NUMA node 0
Rank 10: Node m30, CPU core 10, NUMA node 0
Rank 11: Node m30, CPU core 11, NUMA node 0
Rank 12: Node m30, CPU core 12, NUMA node 0
Rank 13: Node m30, CPU core 13, NUMA node 0
Rank 14: Node m30, CPU core 14, NUMA node 0
Rank 15: Node m30, CPU core 15, NUMA node 0
Rank 16: Node m30, CPU core 16, NUMA node 1
Rank 17: Node m30, CPU core 17, NUMA node 1
Rank 18: Node m30, CPU core 18, NUMA node 1
Rank 19: Node m30, CPU core 19, NUMA node 1
Rank 20: Node m30, CPU core 20, NUMA node 1
Rank 21: Node m30, CPU core 21, NUMA node 1
Rank 22: Node m30, CPU core 22, NUMA node 1
Rank 23: Node m30, CPU core 23, NUMA node 1
Rank 24: Node m30, CPU core 24, NUMA node 1
Rank 25: Node m30, CPU core 25, NUMA node 1
Rank 26: Node m30, CPU core 26, NUMA node 1
Rank 27: Node m30, CPU core 27, NUMA node 1
Rank 28: Node m30, CPU core 28, NUMA node 1
Rank 29: Node m30, CPU core 29, NUMA node 1
Rank 30: Node m30, CPU core 30, NUMA node 1
Rank 31: Node m30, CPU core 31, NUMA node 1
Rank 32: Node m30, CPU core 64, NUMA node 4
Rank 33: Node m30, CPU core 65, NUMA node 4
Rank 34: Node m30, CPU core 66, NUMA node 4
Rank 35: Node m30, CPU core 67, NUMA node 4
Rank 36: Node m30, CPU core 68, NUMA node 4
Rank 37: Node m30, CPU core 69, NUMA node 4
Rank 38: Node m30, CPU core 70, NUMA node 4
Rank 39: Node m30, CPU core 71, NUMA node 4
Rank 40: Node m30, CPU core 72, NUMA node 4
Rank 41: Node m30, CPU core 73, NUMA node 4
Rank 42: Node m30, CPU core 74, NUMA node 4
Rank 43: Node m30, CPU core 75, NUMA node 4
Rank 44: Node m30, CPU core 76, NUMA node 4
Rank 45: Node m30, CPU core 77, NUMA node 4
Rank 46: Node m30, CPU core 78, NUMA node 4
Rank 47: Node m30, CPU core 79, NUMA node 4
Rank 48: Node m30, CPU core 80, NUMA node 5
Rank 49: Node m30, CPU core 81, NUMA node 5
Rank 50: Node m30, CPU core 82, NUMA node 5
Rank 51: Node m30, CPU core 83, NUMA node 5
Rank 52: Node m30, CPU core 84, NUMA node 5
Rank 53: Node m30, CPU core 85, NUMA node 5
Rank 54: Node m30, CPU core 86, NUMA node 5
Rank 55: Node m30, CPU core 87, NUMA node 5
Rank 56: Node m30, CPU core 88, NUMA node 5
Rank 57: Node m30, CPU core 89, NUMA node 5
Rank 58: Node m30, CPU core 90, NUMA node 5
Rank 59: Node m30, CPU core 91, NUMA node 5
Rank 60: Node m30, CPU core 92, NUMA node 5
Rank 61: Node m30, CPU core 93, NUMA node 5
Rank 62: Node m30, CPU core 94, NUMA node 5
Rank 63: Node m30, CPU core 95, NUMA node 5
Rank 64: Node m31, CPU core 0, NUMA node 0
Rank 65: Node m31, CPU core 1, NUMA node 0
Rank 66: Node m31, CPU core 2, NUMA node 0
Rank 67: Node m31, CPU core 3, NUMA node 0
Rank 68: Node m31, CPU core 4, NUMA node 0
Rank 69: Node m31, CPU core 5, NUMA node 0
Rank 70: Node m31, CPU core 6, NUMA node 0
Rank 71: Node m31, CPU core 7, NUMA node 0
Rank 72: Node m31, CPU core 8, NUMA node 0
Rank 73: Node m31, CPU core 9, NUMA node 0
Rank 74: Node m31, CPU core 10, NUMA node 0
Rank 75: Node m31, CPU core 11, NUMA node 0
Rank 76: Node m31, CPU core 12, NUMA node 0
Rank 77: Node m31, CPU core 13, NUMA node 0
Rank 78: Node m31, CPU core 14, NUMA node 0
Rank 79: Node m31, CPU core 15, NUMA node 0
Rank 80: Node m31, CPU core 16, NUMA node 1
Rank 81: Node m31, CPU core 17, NUMA node 1
Rank 82: Node m31, CPU core 18, NUMA node 1
Rank 83: Node m31, CPU core 19, NUMA node 1
Rank 84: Node m31, CPU core 20, NUMA node 1
Rank 87: Node m31, CPU core 23, NUMA node 1
Rank 85: Node m31, CPU core 21, NUMA node 1
Rank 86: Node m31, CPU core 22, NUMA node 1
Rank 88: Node m31, CPU core 24, NUMA node 1
Rank 89: Node m31, CPU core 25, NUMA node 1
Rank 90: Node m31, CPU core 26, NUMA node 1
Rank 91: Node m31, CPU core 27, NUMA node 1

===== SUMMARY =====

----- NODE: m30 -----
CPU cores used: 0 1 2 3 4 5 6 7 8 9 10 11 12 13 14 15 16 17 18 19 20 21 22 23 24 25 26 27 28 29 30 31 64 65 66 67 68 69 70 71 72 73 74 75 76 77 78 79 80 81 82 83 84 85 86 87 88 89 90 91 92 93 94 95
NUMA nodes used: 0 1 4 5

----- NODE: m31 -----
CPU cores used: 0 1 2 3 4 5 6 7 8 9 10 11 12 13 14 15 16 17 18 19 20 21 22 23 24 25 26 27 28 29 30 31 64 65 66 67 68 69 70 71 72 73 74 75 76 77 78 79 80 81 82 83 84 85 86 87 88 89 90 91 92 93 94 95
NUMA nodes used: 0 1 4 5
Rank 92: Node m31, CPU core 28, NUMA node 1
Rank 93: Node m31, CPU core 29, NUMA node 1
Rank 94: Node m31, CPU core 30, NUMA node 1
Rank 95: Node m31, CPU core 31, NUMA node 1
Rank 96: Node m31, CPU core 64, NUMA node 4
Rank 97: Node m31, CPU core 65, NUMA node 4
Rank 98: Node m31, CPU core 66, NUMA node 4
Rank 99: Node m31, CPU core 67, NUMA node 4
Rank 100: Node m31, CPU core 68, NUMA node 4
Rank 101: Node m31, CPU core 69, NUMA node 4
Rank 102: Node m31, CPU core 70, NUMA node 4
Rank 103: Node m31, CPU core 71, NUMA node 4
Rank 104: Node m31, CPU core 72, NUMA node 4
Rank 105: Node m31, CPU core 73, NUMA node 4
Rank 106: Node m31, CPU core 74, NUMA node 4
Rank 107: Node m31, CPU core 75, NUMA node 4
Rank 108: Node m31, CPU core 76, NUMA node 4
Rank 109: Node m31, CPU core 77, NUMA node 4
Rank 110: Node m31, CPU core 78, NUMA node 4
Rank 111: Node m31, CPU core 79, NUMA node 4
Rank 112: Node m31, CPU core 80, NUMA node 5
Rank 113: Node m31, CPU core 81, NUMA node 5
Rank 114: Node m31, CPU core 82, NUMA node 5
Rank 115: Node m31, CPU core 83, NUMA node 5
Rank 116: Node m31, CPU core 84, NUMA node 5
Rank 117: Node m31, CPU core 85, NUMA node 5
Rank 118: Node m31, CPU core 86, NUMA node 5
Rank 119: Node m31, CPU core 87, NUMA node 5
Rank 120: Node m31, CPU core 88, NUMA node 5
Rank 121: Node m31, CPU core 89, NUMA node 5
Rank 122: Node m31, CPU core 90, NUMA node 5
Rank 123: Node m31, CPU core 91, NUMA node 5
Rank 124: Node m31, CPU core 92, NUMA node 5
Rank 125: Node m31, CPU core 93, NUMA node 5
Rank 126: Node m31, CPU core 94, NUMA node 5
Rank 127: Node m31, CPU core 95, NUMA node 5

 NAS Parallel Benchmarks 3.4 -- EP Benchmark

 Number of random numbers generated:      2147483648  (class B)
 Total number of processes:                      128

EP Benchmark Results:

CPU Time =     0.273
N = 2^   30
No. Gaussian Pairs =     843345606.
Sums =     6.728927543423076D+08    6.728951822504205D+08
Counts:
  0     393058470.
  1     375280898.
  2      70460742.
  3       4438852.
  4        105691.
  5           948.
  6             5.
  7             0.
  8             0.
  9             0.


 EP Benchmark Completed.
 Class           =                        B
 Size            =               2147483648
 Iterations      =                        0
 Time in seconds =                     0.27
 Total processes =                      128
 Active processes=                      128
 Mop/s total     =                  7852.71
 Mop/s/process   =                    61.35
 Operation type  = Random numbers generated
 Verification    =               SUCCESSFUL
 Version         =                    3.4.4
 Compile date    =              29 Jun 2026

 Compile options:
    MPIFC        = mpif90
    FLINK        = $(MPIFC)
    FMPI_LIB     = (none)
    FMPI_INC     = (none)
    FFLAGS       = -O3
    FLINKFLAGS   = $(FFLAGS)
    RAND         = randi8


 Please send feedbacks and/or the results of this run to:

 NPB Development Team
 Internet: npb@nas.nasa.gov



 NAS Parallel Benchmarks 3.4 -- EP Benchmark

 Number of random numbers generated:      2147483648  (class B)
 Total number of processes:                      128

EP Benchmark Results:

CPU Time =     0.275
N = 2^   30
No. Gaussian Pairs =     843345606.
Sums =     6.728927543423076D+08    6.728951822504205D+08
Counts:
  0     393058470.
  1     375280898.
  2      70460742.
  3       4438852.
  4        105691.
  5           948.
  6             5.
  7             0.
  8             0.
  9             0.


 EP Benchmark Completed.
 Class           =                        B
 Size            =               2147483648
 Iterations      =                        0
 Time in seconds =                     0.28
 Total processes =                      128
 Active processes=                      128
 Mop/s total     =                  7800.41
 Mop/s/process   =                    60.94
 Operation type  = Random numbers generated
 Verification    =               SUCCESSFUL
 Version         =                    3.4.4
 Compile date    =              29 Jun 2026

 Compile options:
    MPIFC        = mpif90
    FLINK        = $(MPIFC)
    FMPI_LIB     = (none)
    FMPI_INC     = (none)
    FFLAGS       = -O3
    FLINKFLAGS   = $(FFLAGS)
    RAND         = randi8


 Please send feedbacks and/or the results of this run to:

 NPB Development Team
 Internet: npb@nas.nasa.gov



 NAS Parallel Benchmarks 3.4 -- EP Benchmark

 Number of random numbers generated:      2147483648  (class B)
 Total number of processes:                      128

EP Benchmark Results:

CPU Time =     0.258
N = 2^   30
No. Gaussian Pairs =     843345606.
Sums =     6.728927543423076D+08    6.728951822504205D+08
Counts:
  0     393058470.
  1     375280898.
  2      70460742.
  3       4438852.
  4        105691.
  5           948.
  6             5.
  7             0.
  8             0.
  9             0.


 EP Benchmark Completed.
 Class           =                        B
 Size            =               2147483648
 Iterations      =                        0
 Time in seconds =                     0.26
 Total processes =                      128
 Active processes=                      128
 Mop/s total     =                  8333.31
 Mop/s/process   =                    65.10
 Operation type  = Random numbers generated
 Verification    =               SUCCESSFUL
 Version         =                    3.4.4
 Compile date    =              29 Jun 2026

 Compile options:
    MPIFC        = mpif90
    FLINK        = $(MPIFC)
    FMPI_LIB     = (none)
    FMPI_INC     = (none)
    FFLAGS       = -O3
    FLINKFLAGS   = $(FFLAGS)
    RAND         = randi8


 Please send feedbacks and/or the results of this run to:

 NPB Development Team
 Internet: npb@nas.nasa.gov


# RUN: --map-by ppr:8:numa --bind-to core ep.B.x
Rank 0: Node m30, CPU core 0, NUMA node 0
Rank 1: Node m30, CPU core 1, NUMA node 0
Rank 2: Node m30, CPU core 2, NUMA node 0
Rank 3: Node m30, CPU core 3, NUMA node 0
Rank 4: Node m30, CPU core 4, NUMA node 0
Rank 5: Node m30, CPU core 5, NUMA node 0
Rank 6: Node m30, CPU core 6, NUMA node 0
Rank 7: Node m30, CPU core 7, NUMA node 0
Rank 8: Node m30, CPU core 16, NUMA node 1
Rank 9: Node m30, CPU core 17, NUMA node 1
Rank 10: Node m30, CPU core 18, NUMA node 1
Rank 11: Node m30, CPU core 19, NUMA node 1
Rank 12: Node m30, CPU core 20, NUMA node 1
Rank 13: Node m30, CPU core 21, NUMA node 1
Rank 14: Node m30, CPU core 22, NUMA node 1
Rank 15: Node m30, CPU core 23, NUMA node 1
Rank 16: Node m30, CPU core 32, NUMA node 2
Rank 17: Node m30, CPU core 33, NUMA node 2
Rank 18: Node m30, CPU core 34, NUMA node 2
Rank 19: Node m30, CPU core 35, NUMA node 2
Rank 20: Node m30, CPU core 36, NUMA node 2
Rank 21: Node m30, CPU core 37, NUMA node 2
Rank 22: Node m30, CPU core 38, NUMA node 2
Rank 23: Node m30, CPU core 39, NUMA node 2
Rank 24: Node m30, CPU core 48, NUMA node 3
Rank 25: Node m30, CPU core 49, NUMA node 3
Rank 26: Node m30, CPU core 50, NUMA node 3
Rank 27: Node m30, CPU core 51, NUMA node 3
Rank 28: Node m30, CPU core 52, NUMA node 3
Rank 29: Node m30, CPU core 53, NUMA node 3
Rank 30: Node m30, CPU core 54, NUMA node 3
Rank 31: Node m30, CPU core 55, NUMA node 3
Rank 32: Node m30, CPU core 64, NUMA node 4
Rank 33: Node m30, CPU core 65, NUMA node 4
Rank 34: Node m30, CPU core 66, NUMA node 4
Rank 35: Node m30, CPU core 67, NUMA node 4
Rank 36: Node m30, CPU core 68, NUMA node 4
Rank 37: Node m30, CPU core 69, NUMA node 4
Rank 38: Node m30, CPU core 70, NUMA node 4
Rank 39: Node m30, CPU core 71, NUMA node 4
Rank 40: Node m30, CPU core 80, NUMA node 5
Rank 41: Node m30, CPU core 81, NUMA node 5
Rank 42: Node m30, CPU core 82, NUMA node 5
Rank 43: Node m30, CPU core 83, NUMA node 5
Rank 44: Node m30, CPU core 84, NUMA node 5
Rank 45: Node m30, CPU core 85, NUMA node 5
Rank 46: Node m30, CPU core 86, NUMA node 5
Rank 47: Node m30, CPU core 87, NUMA node 5
Rank 48: Node m30, CPU core 96, NUMA node 6
Rank 49: Node m30, CPU core 97, NUMA node 6
Rank 50: Node m30, CPU core 98, NUMA node 6
Rank 51: Node m30, CPU core 99, NUMA node 6
Rank 52: Node m30, CPU core 100, NUMA node 6
Rank 53: Node m30, CPU core 101, NUMA node 6
Rank 54: Node m30, CPU core 102, NUMA node 6
Rank 55: Node m30, CPU core 103, NUMA node 6
Rank 56: Node m30, CPU core 112, NUMA node 7
Rank 57: Node m30, CPU core 113, NUMA node 7
Rank 58: Node m30, CPU core 114, NUMA node 7
Rank 59: Node m30, CPU core 115, NUMA node 7
Rank 60: Node m30, CPU core 116, NUMA node 7
Rank 62: Node m30, CPU core 118, NUMA node 7
Rank 61: Node m30, CPU core 117, NUMA node 7
Rank 63: Node m30, CPU core 119, NUMA node 7
Rank 64: Node m31, CPU core 0, NUMA node 0
Rank 65: Node m31, CPU core 1, NUMA node 0
Rank 66: Node m31, CPU core 2, NUMA node 0
Rank 67: Node m31, CPU core 3, NUMA node 0
Rank 68: Node m31, CPU core 4, NUMA node 0
Rank 69: Node m31, CPU core 5, NUMA node 0
Rank 70: Node m31, CPU core 6, NUMA node 0
Rank 71: Node m31, CPU core 7, NUMA node 0
Rank 72: Node m31, CPU core 16, NUMA node 1
Rank 73: Node m31, CPU core 17, NUMA node 1
Rank 74: Node m31, CPU core 18, NUMA node 1
Rank 75: Node m31, CPU core 19, NUMA node 1
Rank 76: Node m31, CPU core 20, NUMA node 1
Rank 77: Node m31, CPU core 21, NUMA node 1
Rank 78: Node m31, CPU core 22, NUMA node 1
Rank 79: Node m31, CPU core 23, NUMA node 1
Rank 80: Node m31, CPU core 32, NUMA node 2
Rank 81: Node m31, CPU core 33, NUMA node 2
Rank 82: Node m31, CPU core 34, NUMA node 2
Rank 83: Node m31, CPU core 35, NUMA node 2
Rank 84: Node m31, CPU core 36, NUMA node 2
Rank 85: Node m31, CPU core 37, NUMA node 2
Rank 86: Node m31, CPU core 38, NUMA node 2
Rank 87: Node m31, CPU core 39, NUMA node 2
Rank 88: Node m31, CPU core 48, NUMA node 3
Rank 89: Node m31, CPU core 49, NUMA node 3
Rank 90: Node m31, CPU core 50, NUMA node 3
Rank 91: Node m31, CPU core 51, NUMA node 3
Rank 92: Node m31, CPU core 52, NUMA node 3
Rank 93: Node m31, CPU core 53, NUMA node 3
Rank 94: Node m31, CPU core 54, NUMA node 3
Rank 95: Node m31, CPU core 55, NUMA node 3
Rank 96: Node m31, CPU core 64, NUMA node 4
Rank 97: Node m31, CPU core 65, NUMA node 4
Rank 98: Node m31, CPU core 66, NUMA node 4
Rank 99: Node m31, CPU core 67, NUMA node 4
Rank 100: Node m31, CPU core 68, NUMA node 4
Rank 101: Node m31, CPU core 69, NUMA node 4
Rank 102: Node m31, CPU core 70, NUMA node 4
Rank 103: Node m31, CPU core 71, NUMA node 4
Rank 104: Node m31, CPU core 80, NUMA node 5
Rank 105: Node m31, CPU core 81, NUMA node 5
Rank 106: Node m31, CPU core 82, NUMA node 5
Rank 107: Node m31, CPU core 83, NUMA node 5
Rank 108: Node m31, CPU core 84, NUMA node 5
Rank 109: Node m31, CPU core 85, NUMA node 5
Rank 110: Node m31, CPU core 86, NUMA node 5
Rank 111: Node m31, CPU core 87, NUMA node 5
Rank 112: Node m31, CPU core 96, NUMA node 6
Rank 113: Node m31, CPU core 97, NUMA node 6
Rank 114: Node m31, CPU core 98, NUMA node 6
Rank 115: Node m31, CPU core 99, NUMA node 6
Rank 116: Node m31, CPU core 100, NUMA node 6
Rank 117: Node m31, CPU core 101, NUMA node 6
Rank 118: Node m31, CPU core 102, NUMA node 6
Rank 119: Node m31, CPU core 103, NUMA node 6
Rank 120: Node m31, CPU core 112, NUMA node 7
Rank 121: Node m31, CPU core 113, NUMA node 7
Rank 122: Node m31, CPU core 114, NUMA node 7
Rank 123: Node m31, CPU core 115, NUMA node 7
Rank 124: Node m31, CPU core 116, NUMA node 7
Rank 125: Node m31, CPU core 117, NUMA node 7
Rank 126: Node m31, CPU core 118, NUMA node 7
Rank 127: Node m31, CPU core 119, NUMA node 7

===== SUMMARY =====

----- NODE: m30 -----
CPU cores used: 0 1 2 3 4 5 6 7 16 17 18 19 20 21 22 23 32 33 34 35 36 37 38 39 48 49 50 51 52 53 54 55 64 65 66 67 68 69 70 71 80 81 82 83 84 85 86 87 96 97 98 99 100 101 102 103 112 113 114 115 116 117 118 119
NUMA nodes used: 0 1 2 3 4 5 6 7

----- NODE: m31 -----
CPU cores used: 0 1 2 3 4 5 6 7 16 17 18 19 20 21 22 23 32 33 34 35 36 37 38 39 48 49 50 51 52 53 54 55 64 65 66 67 68 69 70 71 80 81 82 83 84 85 86 87 96 97 98 99 100 101 102 103 112 113 114 115 116 117 118 119
NUMA nodes used: 0 1 2 3 4 5 6 7

 NAS Parallel Benchmarks 3.4 -- EP Benchmark

 Number of random numbers generated:      2147483648  (class B)
 Total number of processes:                      128

EP Benchmark Results:

CPU Time =     0.265
N = 2^   30
No. Gaussian Pairs =     843345606.
Sums =     6.728927543423076D+08    6.728951822504205D+08
Counts:
  0     393058470.
  1     375280898.
  2      70460742.
  3       4438852.
  4        105691.
  5           948.
  6             5.
  7             0.
  8             0.
  9             0.


 EP Benchmark Completed.
 Class           =                        B
 Size            =               2147483648
 Iterations      =                        0
 Time in seconds =                     0.27
 Total processes =                      128
 Active processes=                      128
 Mop/s total     =                  8089.03
 Mop/s/process   =                    63.20
 Operation type  = Random numbers generated
 Verification    =               SUCCESSFUL
 Version         =                    3.4.4
 Compile date    =              29 Jun 2026

 Compile options:
    MPIFC        = mpif90
    FLINK        = $(MPIFC)
    FMPI_LIB     = (none)
    FMPI_INC     = (none)
    FFLAGS       = -O3
    FLINKFLAGS   = $(FFLAGS)
    RAND         = randi8


 Please send feedbacks and/or the results of this run to:

 NPB Development Team
 Internet: npb@nas.nasa.gov



 NAS Parallel Benchmarks 3.4 -- EP Benchmark

 Number of random numbers generated:      2147483648  (class B)
 Total number of processes:                      128

EP Benchmark Results:

CPU Time =     0.264
N = 2^   30
No. Gaussian Pairs =     843345606.
Sums =     6.728927543423076D+08    6.728951822504205D+08
Counts:
  0     393058470.
  1     375280898.
  2      70460742.
  3       4438852.
  4        105691.
  5           948.
  6             5.
  7             0.
  8             0.
  9             0.


 EP Benchmark Completed.
 Class           =                        B
 Size            =               2147483648
 Iterations      =                        0
 Time in seconds =                     0.26
 Total processes =                      128
 Active processes=                      128
 Mop/s total     =                  8130.53
 Mop/s/process   =                    63.52
 Operation type  = Random numbers generated
 Verification    =               SUCCESSFUL
 Version         =                    3.4.4
 Compile date    =              29 Jun 2026

 Compile options:
    MPIFC        = mpif90
    FLINK        = $(MPIFC)
    FMPI_LIB     = (none)
    FMPI_INC     = (none)
    FFLAGS       = -O3
    FLINKFLAGS   = $(FFLAGS)
    RAND         = randi8


 Please send feedbacks and/or the results of this run to:

 NPB Development Team
 Internet: npb@nas.nasa.gov



 NAS Parallel Benchmarks 3.4 -- EP Benchmark

 Number of random numbers generated:      2147483648  (class B)
 Total number of processes:                      128

EP Benchmark Results:

CPU Time =     0.254
N = 2^   30
No. Gaussian Pairs =     843345606.
Sums =     6.728927543423076D+08    6.728951822504205D+08
Counts:
  0     393058470.
  1     375280898.
  2      70460742.
  3       4438852.
  4        105691.
  5           948.
  6             5.
  7             0.
  8             0.
  9             0.


 EP Benchmark Completed.
 Class           =                        B
 Size            =               2147483648
 Iterations      =                        0
 Time in seconds =                     0.25
 Total processes =                      128
 Active processes=                      128
 Mop/s total     =                  8459.08
 Mop/s/process   =                    66.09
 Operation type  = Random numbers generated
 Verification    =               SUCCESSFUL
 Version         =                    3.4.4
 Compile date    =              29 Jun 2026

 Compile options:
    MPIFC        = mpif90
    FLINK        = $(MPIFC)
    FMPI_LIB     = (none)
    FMPI_INC     = (none)
    FFLAGS       = -O3
    FLINKFLAGS   = $(FFLAGS)
    RAND         = randi8


 Please send feedbacks and/or the results of this run to:

 NPB Development Team
 Internet: npb@nas.nasa.gov


# RUN: --map-by ppr:4:L3cache --bind-to core ep.B.x
Rank 0: Node m30, CPU core 0, NUMA node 0
Rank 1: Node m30, CPU core 1, NUMA node 0
Rank 2: Node m30, CPU core 2, NUMA node 0
Rank 3: Node m30, CPU core 3, NUMA node 0
Rank 4: Node m30, CPU core 8, NUMA node 0
Rank 5: Node m30, CPU core 9, NUMA node 0
Rank 6: Node m30, CPU core 10, NUMA node 0
Rank 7: Node m30, CPU core 11, NUMA node 0
Rank 8: Node m30, CPU core 16, NUMA node 1
Rank 9: Node m30, CPU core 17, NUMA node 1
Rank 10: Node m30, CPU core 18, NUMA node 1
Rank 11: Node m30, CPU core 19, NUMA node 1
Rank 12: Node m30, CPU core 24, NUMA node 1
Rank 13: Node m30, CPU core 25, NUMA node 1
Rank 14: Node m30, CPU core 26, NUMA node 1
Rank 15: Node m30, CPU core 27, NUMA node 1
Rank 16: Node m30, CPU core 32, NUMA node 2
Rank 17: Node m30, CPU core 33, NUMA node 2
Rank 18: Node m30, CPU core 34, NUMA node 2
Rank 19: Node m30, CPU core 35, NUMA node 2
Rank 20: Node m30, CPU core 40, NUMA node 2
Rank 21: Node m30, CPU core 41, NUMA node 2
Rank 22: Node m30, CPU core 42, NUMA node 2
Rank 23: Node m30, CPU core 43, NUMA node 2
Rank 24: Node m30, CPU core 48, NUMA node 3
Rank 25: Node m30, CPU core 49, NUMA node 3
Rank 26: Node m30, CPU core 50, NUMA node 3
Rank 27: Node m30, CPU core 51, NUMA node 3
Rank 28: Node m30, CPU core 56, NUMA node 3
Rank 29: Node m30, CPU core 57, NUMA node 3
Rank 30: Node m30, CPU core 58, NUMA node 3
Rank 31: Node m30, CPU core 59, NUMA node 3
Rank 32: Node m30, CPU core 64, NUMA node 4
Rank 33: Node m30, CPU core 65, NUMA node 4
Rank 34: Node m30, CPU core 66, NUMA node 4
Rank 35: Node m30, CPU core 67, NUMA node 4
Rank 36: Node m30, CPU core 72, NUMA node 4
Rank 37: Node m30, CPU core 73, NUMA node 4
Rank 38: Node m30, CPU core 74, NUMA node 4
Rank 39: Node m30, CPU core 75, NUMA node 4
Rank 40: Node m30, CPU core 80, NUMA node 5
Rank 41: Node m30, CPU core 81, NUMA node 5
Rank 42: Node m30, CPU core 82, NUMA node 5
Rank 43: Node m30, CPU core 83, NUMA node 5
Rank 44: Node m30, CPU core 88, NUMA node 5
Rank 45: Node m30, CPU core 89, NUMA node 5
Rank 46: Node m30, CPU core 90, NUMA node 5
Rank 47: Node m30, CPU core 91, NUMA node 5
Rank 48: Node m30, CPU core 96, NUMA node 6
Rank 49: Node m30, CPU core 97, NUMA node 6
Rank 50: Node m30, CPU core 98, NUMA node 6
Rank 51: Node m30, CPU core 99, NUMA node 6
Rank 52: Node m30, CPU core 104, NUMA node 6
Rank 53: Node m30, CPU core 105, NUMA node 6
Rank 54: Node m30, CPU core 106, NUMA node 6
Rank 55: Node m30, CPU core 107, NUMA node 6
Rank 56: Node m30, CPU core 112, NUMA node 7
Rank 57: Node m30, CPU core 113, NUMA node 7
Rank 58: Node m30, CPU core 114, NUMA node 7
Rank 59: Node m30, CPU core 115, NUMA node 7
Rank 60: Node m30, CPU core 120, NUMA node 7
Rank 61: Node m30, CPU core 121, NUMA node 7
Rank 62: Node m30, CPU core 122, NUMA node 7
Rank 63: Node m30, CPU core 123, NUMA node 7
Rank 64: Node m31, CPU core 0, NUMA node 0
Rank 65: Node m31, CPU core 1, NUMA node 0
Rank 66: Node m31, CPU core 2, NUMA node 0
Rank 67: Node m31, CPU core 3, NUMA node 0
Rank 68: Node m31, CPU core 8, NUMA node 0
Rank 69: Node m31, CPU core 9, NUMA node 0
Rank 70: Node m31, CPU core 10, NUMA node 0
Rank 71: Node m31, CPU core 11, NUMA node 0
Rank 72: Node m31, CPU core 16, NUMA node 1
Rank 73: Node m31, CPU core 17, NUMA node 1
Rank 74: Node m31, CPU core 18, NUMA node 1
Rank 75: Node m31, CPU core 19, NUMA node 1
Rank 76: Node m31, CPU core 24, NUMA node 1
Rank 77: Node m31, CPU core 25, NUMA node 1
Rank 78: Node m31, CPU core 26, NUMA node 1
Rank 79: Node m31, CPU core 27, NUMA node 1
Rank 80: Node m31, CPU core 32, NUMA node 2
Rank 81: Node m31, CPU core 33, NUMA node 2
Rank 82: Node m31, CPU core 34, NUMA node 2
Rank 83: Node m31, CPU core 35, NUMA node 2
Rank 84: Node m31, CPU core 40, NUMA node 2
Rank 85: Node m31, CPU core 41, NUMA node 2
Rank 86: Node m31, CPU core 42, NUMA node 2
Rank 87: Node m31, CPU core 43, NUMA node 2
Rank 88: Node m31, CPU core 48, NUMA node 3
Rank 89: Node m31, CPU core 49, NUMA node 3
Rank 90: Node m31, CPU core 50, NUMA node 3
Rank 91: Node m31, CPU core 51, NUMA node 3
Rank 92: Node m31, CPU core 56, NUMA node 3
Rank 93: Node m31, CPU core 57, NUMA node 3
Rank 94: Node m31, CPU core 58, NUMA node 3
Rank 95: Node m31, CPU core 59, NUMA node 3
Rank 96: Node m31, CPU core 64, NUMA node 4
Rank 97: Node m31, CPU core 65, NUMA node 4
Rank 98: Node m31, CPU core 66, NUMA node 4
Rank 99: Node m31, CPU core 67, NUMA node 4
Rank 100: Node m31, CPU core 72, NUMA node 4
Rank 101: Node m31, CPU core 73, NUMA node 4
Rank 102: Node m31, CPU core 74, NUMA node 4
Rank 103: Node m31, CPU core 75, NUMA node 4
Rank 104: Node m31, CPU core 80, NUMA node 5
Rank 105: Node m31, CPU core 81, NUMA node 5
Rank 106: Node m31, CPU core 82, NUMA node 5
Rank 107: Node m31, CPU core 83, NUMA node 5
Rank 108: Node m31, CPU core 88, NUMA node 5
Rank 109: Node m31, CPU core 89, NUMA node 5
Rank 110: Node m31, CPU core 90, NUMA node 5
Rank 111: Node m31, CPU core 91, NUMA node 5
Rank 112: Node m31, CPU core 96, NUMA node 6
Rank 113: Node m31, CPU core 97, NUMA node 6
Rank 114: Node m31, CPU core 98, NUMA node 6
Rank 115: Node m31, CPU core 99, NUMA node 6
Rank 116: Node m31, CPU core 104, NUMA node 6
Rank 117: Node m31, CPU core 105, NUMA node 6
Rank 118: Node m31, CPU core 106, NUMA node 6
Rank 119: Node m31, CPU core 107, NUMA node 6
Rank 120: Node m31, CPU core 112, NUMA node 7
Rank 121: Node m31, CPU core 113, NUMA node 7
Rank 122: Node m31, CPU core 114, NUMA node 7
Rank 123: Node m31, CPU core 115, NUMA node 7
Rank 124: Node m31, CPU core 120, NUMA node 7
Rank 125: Node m31, CPU core 121, NUMA node 7
Rank 126: Node m31, CPU core 122, NUMA node 7
Rank 127: Node m31, CPU core 123, NUMA node 7

===== SUMMARY =====

----- NODE: m30 -----
CPU cores used: 0 1 2 3 8 9 10 11 16 17 18 19 24 25 26 27 32 33 34 35 40 41 42 43 48 49 50 51 56 57 58 59 64 65 66 67 72 73 74 75 80 81 82 83 88 89 90 91 96 97 98 99 104 105 106 107 112 113 114 115 120 121 122 123
NUMA nodes used: 0 1 2 3 4 5 6 7

----- NODE: m31 -----
CPU cores used: 0 1 2 3 8 9 10 11 16 17 18 19 24 25 26 27 32 33 34 35 40 41 42 43 48 49 50 51 56 57 58 59 64 65 66 67 72 73 74 75 80 81 82 83 88 89 90 91 96 97 98 99 104 105 106 107 112 113 114 115 120 121 122 123
NUMA nodes used: 0 1 2 3 4 5 6 7

 NAS Parallel Benchmarks 3.4 -- EP Benchmark

 Number of random numbers generated:      2147483648  (class B)
 Total number of processes:                      128

EP Benchmark Results:

CPU Time =     0.259
N = 2^   30
No. Gaussian Pairs =     843345606.
Sums =     6.728927543423076D+08    6.728951822504205D+08
Counts:
  0     393058470.
  1     375280898.
  2      70460742.
  3       4438852.
  4        105691.
  5           948.
  6             5.
  7             0.
  8             0.
  9             0.


 EP Benchmark Completed.
 Class           =                        B
 Size            =               2147483648
 Iterations      =                        0
 Time in seconds =                     0.26
 Total processes =                      128
 Active processes=                      128
 Mop/s total     =                  8295.88
 Mop/s/process   =                    64.81
 Operation type  = Random numbers generated
 Verification    =               SUCCESSFUL
 Version         =                    3.4.4
 Compile date    =              29 Jun 2026

 Compile options:
    MPIFC        = mpif90
    FLINK        = $(MPIFC)
    FMPI_LIB     = (none)
    FMPI_INC     = (none)
    FFLAGS       = -O3
    FLINKFLAGS   = $(FFLAGS)
    RAND         = randi8


 Please send feedbacks and/or the results of this run to:

 NPB Development Team
 Internet: npb@nas.nasa.gov



 NAS Parallel Benchmarks 3.4 -- EP Benchmark

 Number of random numbers generated:      2147483648  (class B)
 Total number of processes:                      128

EP Benchmark Results:

CPU Time =     0.254
N = 2^   30
No. Gaussian Pairs =     843345606.
Sums =     6.728927543423076D+08    6.728951822504205D+08
Counts:
  0     393058470.
  1     375280898.
  2      70460742.
  3       4438852.
  4        105691.
  5           948.
  6             5.
  7             0.
  8             0.
  9             0.


 EP Benchmark Completed.
 Class           =                        B
 Size            =               2147483648
 Iterations      =                        0
 Time in seconds =                     0.25
 Total processes =                      128
 Active processes=                      128
 Mop/s total     =                  8440.32
 Mop/s/process   =                    65.94
 Operation type  = Random numbers generated
 Verification    =               SUCCESSFUL
 Version         =                    3.4.4
 Compile date    =              29 Jun 2026

 Compile options:
    MPIFC        = mpif90
    FLINK        = $(MPIFC)
    FMPI_LIB     = (none)
    FMPI_INC     = (none)
    FFLAGS       = -O3
    FLINKFLAGS   = $(FFLAGS)
    RAND         = randi8


 Please send feedbacks and/or the results of this run to:

 NPB Development Team
 Internet: npb@nas.nasa.gov



 NAS Parallel Benchmarks 3.4 -- EP Benchmark

 Number of random numbers generated:      2147483648  (class B)
 Total number of processes:                      128

EP Benchmark Results:

CPU Time =     0.260
N = 2^   30
No. Gaussian Pairs =     843345606.
Sums =     6.728927543423076D+08    6.728951822504205D+08
Counts:
  0     393058470.
  1     375280898.
  2      70460742.
  3       4438852.
  4        105691.
  5           948.
  6             5.
  7             0.
  8             0.
  9             0.


 EP Benchmark Completed.
 Class           =                        B
 Size            =               2147483648
 Iterations      =                        0
 Time in seconds =                     0.26
 Total processes =                      128
 Active processes=                      128
 Mop/s total     =                  8259.54
 Mop/s/process   =                    64.53
 Operation type  = Random numbers generated
 Verification    =               SUCCESSFUL
 Version         =                    3.4.4
 Compile date    =              29 Jun 2026

 Compile options:
    MPIFC        = mpif90
    FLINK        = $(MPIFC)
    FMPI_LIB     = (none)
    FMPI_INC     = (none)
    FFLAGS       = -O3
    FLINKFLAGS   = $(FFLAGS)
    RAND         = randi8


 Please send feedbacks and/or the results of this run to:

 NPB Development Team
 Internet: npb@nas.nasa.gov


# RUN: --map-by socket --bind-to core ep.B.x
Rank 0: Node m30, CPU core 0, NUMA node 0
Rank 1: Node m30, CPU core 64, NUMA node 4
Rank 2: Node m30, CPU core 1, NUMA node 0
Rank 3: Node m30, CPU core 65, NUMA node 4
Rank 4: Node m30, CPU core 2, NUMA node 0
Rank 5: Node m30, CPU core 66, NUMA node 4
Rank 6: Node m30, CPU core 3, NUMA node 0
Rank 7: Node m30, CPU core 67, NUMA node 4
Rank 8: Node m30, CPU core 4, NUMA node 0
Rank 9: Node m30, CPU core 68, NUMA node 4
Rank 10: Node m30, CPU core 5, NUMA node 0
Rank 11: Node m30, CPU core 69, NUMA node 4
Rank 12: Node m30, CPU core 6, NUMA node 0
Rank 13: Node m30, CPU core 70, NUMA node 4
Rank 14: Node m30, CPU core 7, NUMA node 0
Rank 15: Node m30, CPU core 71, NUMA node 4
Rank 16: Node m30, CPU core 8, NUMA node 0
Rank 17: Node m30, CPU core 72, NUMA node 4
Rank 18: Node m30, CPU core 9, NUMA node 0
Rank 19: Node m30, CPU core 73, NUMA node 4
Rank 20: Node m30, CPU core 10, NUMA node 0
Rank 21: Node m30, CPU core 74, NUMA node 4
Rank 22: Node m30, CPU core 11, NUMA node 0
Rank 23: Node m30, CPU core 75, NUMA node 4
Rank 24: Node m30, CPU core 12, NUMA node 0
Rank 25: Node m30, CPU core 76, NUMA node 4
Rank 26: Node m30, CPU core 13, NUMA node 0
Rank 27: Node m30, CPU core 77, NUMA node 4
Rank 28: Node m30, CPU core 14, NUMA node 0
Rank 29: Node m30, CPU core 78, NUMA node 4
Rank 30: Node m30, CPU core 15, NUMA node 0
Rank 31: Node m30, CPU core 79, NUMA node 4
Rank 32: Node m30, CPU core 16, NUMA node 1
Rank 33: Node m30, CPU core 80, NUMA node 5
Rank 34: Node m30, CPU core 17, NUMA node 1
Rank 35: Node m30, CPU core 81, NUMA node 5
Rank 36: Node m30, CPU core 18, NUMA node 1
Rank 37: Node m30, CPU core 82, NUMA node 5
Rank 38: Node m30, CPU core 19, NUMA node 1
Rank 39: Node m30, CPU core 83, NUMA node 5
Rank 40: Node m30, CPU core 20, NUMA node 1
Rank 41: Node m30, CPU core 84, NUMA node 5
Rank 52: Node m30, CPU core 26, NUMA node 1
Rank 53: Node m30, CPU core 90, NUMA node 5
Rank 54: Node m30, CPU core 27, NUMA node 1
Rank 55: Node m30, CPU core 91, NUMA node 5
Rank 56: Node m30, CPU core 28, NUMA node 1
Rank 57: Node m30, CPU core 92, NUMA node 5
Rank 58: Node m30, CPU core 29, NUMA node 1
Rank 59: Node m30, CPU core 93, NUMA node 5
Rank 60: Node m30, CPU core 30, NUMA node 1
Rank 61: Node m30, CPU core 94, NUMA node 5
Rank 62: Node m30, CPU core 31, NUMA node 1
Rank 63: Node m30, CPU core 95, NUMA node 5
Rank 64: Node m30, CPU core 32, NUMA node 2
Rank 65: Node m30, CPU core 96, NUMA node 6
Rank 66: Node m30, CPU core 33, NUMA node 2
Rank 67: Node m30, CPU core 97, NUMA node 6
Rank 68: Node m30, CPU core 34, NUMA node 2
Rank 69: Node m30, CPU core 98, NUMA node 6
Rank 70: Node m30, CPU core 35, NUMA node 2
Rank 71: Node m30, CPU core 99, NUMA node 6
Rank 72: Node m30, CPU core 36, NUMA node 2
Rank 73: Node m30, CPU core 100, NUMA node 6
Rank 74: Node m30, CPU core 37, NUMA node 2
Rank 75: Node m30, CPU core 101, NUMA node 6
Rank 76: Node m30, CPU core 38, NUMA node 2
Rank 77: Node m30, CPU core 102, NUMA node 6
Rank 78: Node m30, CPU core 39, NUMA node 2
Rank 79: Node m30, CPU core 103, NUMA node 6
Rank 80: Node m30, CPU core 40, NUMA node 2
Rank 81: Node m30, CPU core 104, NUMA node 6
Rank 82: Node m30, CPU core 41, NUMA node 2
Rank 83: Node m30, CPU core 105, NUMA node 6
Rank 84: Node m30, CPU core 42, NUMA node 2
Rank 85: Node m30, CPU core 106, NUMA node 6
Rank 86: Node m30, CPU core 43, NUMA node 2
Rank 87: Node m30, CPU core 107, NUMA node 6
Rank 88: Node m30, CPU core 44, NUMA node 2
Rank 89: Node m30, CPU core 108, NUMA node 6
Rank 90: Node m30, CPU core 45, NUMA node 2
Rank 91: Node m30, CPU core 109, NUMA node 6
Rank 92: Node m30, CPU core 46, NUMA node 2
Rank 93: Node m30, CPU core 110, NUMA node 6
Rank 94: Node m30, CPU core 47, NUMA node 2
Rank 95: Node m30, CPU core 111, NUMA node 6
Rank 96: Node m30, CPU core 48, NUMA node 3
Rank 97: Node m30, CPU core 112, NUMA node 7
Rank 98: Node m30, CPU core 49, NUMA node 3
Rank 99: Node m30, CPU core 113, NUMA node 7
Rank 100: Node m30, CPU core 50, NUMA node 3
Rank 101: Node m30, CPU core 114, NUMA node 7
Rank 102: Node m30, CPU core 51, NUMA node 3
Rank 103: Node m30, CPU core 115, NUMA node 7
Rank 104: Node m30, CPU core 52, NUMA node 3
Rank 105: Node m30, CPU core 116, NUMA node 7
Rank 106: Node m30, CPU core 53, NUMA node 3
Rank 107: Node m30, CPU core 117, NUMA node 7
Rank 108: Node m30, CPU core 54, NUMA node 3
Rank 109: Node m30, CPU core 118, NUMA node 7
Rank 110: Node m30, CPU core 55, NUMA node 3
Rank 111: Node m30, CPU core 119, NUMA node 7
Rank 112: Node m30, CPU core 56, NUMA node 3
Rank 113: Node m30, CPU core 120, NUMA node 7
Rank 114: Node m30, CPU core 57, NUMA node 3
Rank 115: Node m30, CPU core 121, NUMA node 7
Rank 116: Node m30, CPU core 58, NUMA node 3
Rank 117: Node m30, CPU core 122, NUMA node 7
Rank 118: Node m30, CPU core 59, NUMA node 3
Rank 119: Node m30, CPU core 123, NUMA node 7
Rank 120: Node m30, CPU core 60, NUMA node 3
Rank 121: Node m30, CPU core 124, NUMA node 7
Rank 122: Node m30, CPU core 61, NUMA node 3
Rank 123: Node m30, CPU core 125, NUMA node 7
Rank 124: Node m30, CPU core 62, NUMA node 3
Rank 125: Node m30, CPU core 126, NUMA node 7
Rank 126: Node m30, CPU core 63, NUMA node 3
Rank 127: Node m30, CPU core 127, NUMA node 7
Rank 42: Node m30, CPU core 21, NUMA node 1
Rank 43: Node m30, CPU core 85, NUMA node 5
Rank 44: Node m30, CPU core 22, NUMA node 1
Rank 45: Node m30, CPU core 86, NUMA node 5
Rank 46: Node m30, CPU core 23, NUMA node 1
Rank 47: Node m30, CPU core 87, NUMA node 5
Rank 48: Node m30, CPU core 24, NUMA node 1
Rank 49: Node m30, CPU core 88, NUMA node 5
Rank 50: Node m30, CPU core 25, NUMA node 1
Rank 51: Node m30, CPU core 89, NUMA node 5

===== SUMMARY =====

----- NODE: m30 -----
CPU cores used: 0 64 1 65 2 66 3 67 4 68 5 69 6 70 7 71 8 72 9 73 10 74 11 75 12 76 13 77 14 78 15 79 16 80 17 81 18 82 19 83 20 84 21 85 22 86 23 87 24 88 25 89 26 90 27 91 28 92 29 93 30 94 31 95 32 96 33 97 34 98 35 99 36 100 37 101 38 102 39 103 40 104 41 105 42 106 43 107 44 108 45 109 46 110 47 111 48 112 49 113 50 114 51 115 52 116 53 117 54 118 55 119 56 120 57 121 58 122 59 123 60 124 61 125 62 126 63 127
NUMA nodes used: 0 1 2 3 4 5 6 7

 NAS Parallel Benchmarks 3.4 -- EP Benchmark

 Number of random numbers generated:      2147483648  (class B)
 Total number of processes:                      128

EP Benchmark Results:

CPU Time =     0.212
N = 2^   30
No. Gaussian Pairs =     843345606.
Sums =     6.728927543423076D+08    6.728951822504205D+08
Counts:
  0     393058470.
  1     375280898.
  2      70460742.
  3       4438852.
  4        105691.
  5           948.
  6             5.
  7             0.
  8             0.
  9             0.


 EP Benchmark Completed.
 Class           =                        B
 Size            =               2147483648
 Iterations      =                        0
 Time in seconds =                     0.21
 Total processes =                      128
 Active processes=                      128
 Mop/s total     =                 10128.97
 Mop/s/process   =                    79.13
 Operation type  = Random numbers generated
 Verification    =               SUCCESSFUL
 Version         =                    3.4.4
 Compile date    =              29 Jun 2026

 Compile options:
    MPIFC        = mpif90
    FLINK        = $(MPIFC)
    FMPI_LIB     = (none)
    FMPI_INC     = (none)
    FFLAGS       = -O3
    FLINKFLAGS   = $(FFLAGS)
    RAND         = randi8


 Please send feedbacks and/or the results of this run to:

 NPB Development Team
 Internet: npb@nas.nasa.gov



 NAS Parallel Benchmarks 3.4 -- EP Benchmark

 Number of random numbers generated:      2147483648  (class B)
 Total number of processes:                      128

EP Benchmark Results:

CPU Time =     0.224
N = 2^   30
No. Gaussian Pairs =     843345606.
Sums =     6.728927543423076D+08    6.728951822504205D+08
Counts:
  0     393058470.
  1     375280898.
  2      70460742.
  3       4438852.
  4        105691.
  5           948.
  6             5.
  7             0.
  8             0.
  9             0.


 EP Benchmark Completed.
 Class           =                        B
 Size            =               2147483648
 Iterations      =                        0
 Time in seconds =                     0.22
 Total processes =                      128
 Active processes=                      128
 Mop/s total     =                  9595.54
 Mop/s/process   =                    74.97
 Operation type  = Random numbers generated
 Verification    =               SUCCESSFUL
 Version         =                    3.4.4
 Compile date    =              29 Jun 2026

 Compile options:
    MPIFC        = mpif90
    FLINK        = $(MPIFC)
    FMPI_LIB     = (none)
    FMPI_INC     = (none)
    FFLAGS       = -O3
    FLINKFLAGS   = $(FFLAGS)
    RAND         = randi8


 Please send feedbacks and/or the results of this run to:

 NPB Development Team
 Internet: npb@nas.nasa.gov



 NAS Parallel Benchmarks 3.4 -- EP Benchmark

 Number of random numbers generated:      2147483648  (class B)
 Total number of processes:                      128

EP Benchmark Results:

CPU Time =     0.226
N = 2^   30
No. Gaussian Pairs =     843345606.
Sums =     6.728927543423076D+08    6.728951822504205D+08
Counts:
  0     393058470.
  1     375280898.
  2      70460742.
  3       4438852.
  4        105691.
  5           948.
  6             5.
  7             0.
  8             0.
  9             0.


 EP Benchmark Completed.
 Class           =                        B
 Size            =               2147483648
 Iterations      =                        0
 Time in seconds =                     0.23
 Total processes =                      128
 Active processes=                      128
 Mop/s total     =                  9491.68
 Mop/s/process   =                    74.15
 Operation type  = Random numbers generated
 Verification    =               SUCCESSFUL
 Version         =                    3.4.4
 Compile date    =              29 Jun 2026

 Compile options:
    MPIFC        = mpif90
    FLINK        = $(MPIFC)
    FMPI_LIB     = (none)
    FMPI_INC     = (none)
    FFLAGS       = -O3
    FLINKFLAGS   = $(FFLAGS)
    RAND         = randi8


 Please send feedbacks and/or the results of this run to:

 NPB Development Team
 Internet: npb@nas.nasa.gov


# RUN: --map-by numa --bind-to core ep.B.x
Rank 0: Node m30, CPU core 0, NUMA node 0
Rank 1: Node m30, CPU core 16, NUMA node 1
Rank 2: Node m30, CPU core 32, NUMA node 2
Rank 3: Node m30, CPU core 48, NUMA node 3
Rank 4: Node m30, CPU core 64, NUMA node 4
Rank 5: Node m30, CPU core 80, NUMA node 5
Rank 6: Node m30, CPU core 96, NUMA node 6
Rank 7: Node m30, CPU core 112, NUMA node 7
Rank 8: Node m30, CPU core 1, NUMA node 0
Rank 9: Node m30, CPU core 17, NUMA node 1
Rank 10: Node m30, CPU core 33, NUMA node 2
Rank 11: Node m30, CPU core 49, NUMA node 3
Rank 12: Node m30, CPU core 65, NUMA node 4
Rank 13: Node m30, CPU core 81, NUMA node 5
Rank 14: Node m30, CPU core 97, NUMA node 6
Rank 15: Node m30, CPU core 113, NUMA node 7
Rank 16: Node m30, CPU core 2, NUMA node 0
Rank 17: Node m30, CPU core 18, NUMA node 1
Rank 18: Node m30, CPU core 34, NUMA node 2
Rank 19: Node m30, CPU core 50, NUMA node 3
Rank 20: Node m30, CPU core 66, NUMA node 4
Rank 21: Node m30, CPU core 82, NUMA node 5
Rank 22: Node m30, CPU core 98, NUMA node 6
Rank 23: Node m30, CPU core 114, NUMA node 7
Rank 24: Node m30, CPU core 3, NUMA node 0
Rank 25: Node m30, CPU core 19, NUMA node 1
Rank 26: Node m30, CPU core 35, NUMA node 2
Rank 27: Node m30, CPU core 51, NUMA node 3
Rank 28: Node m30, CPU core 67, NUMA node 4
Rank 29: Node m30, CPU core 83, NUMA node 5
Rank 30: Node m30, CPU core 99, NUMA node 6
Rank 31: Node m30, CPU core 115, NUMA node 7
Rank 32: Node m30, CPU core 4, NUMA node 0
Rank 33: Node m30, CPU core 20, NUMA node 1
Rank 34: Node m30, CPU core 36, NUMA node 2
Rank 35: Node m30, CPU core 52, NUMA node 3
Rank 36: Node m30, CPU core 68, NUMA node 4
Rank 37: Node m30, CPU core 84, NUMA node 5
Rank 38: Node m30, CPU core 100, NUMA node 6
Rank 39: Node m30, CPU core 116, NUMA node 7
Rank 40: Node m30, CPU core 5, NUMA node 0
Rank 122: Node m30, CPU core 47, NUMA node 2
Rank 123: Node m30, CPU core 63, NUMA node 3
Rank 124: Node m30, CPU core 79, NUMA node 4
Rank 125: Node m30, CPU core 95, NUMA node 5
Rank 126: Node m30, CPU core 111, NUMA node 6
Rank 127: Node m30, CPU core 127, NUMA node 7
Rank 41: Node m30, CPU core 21, NUMA node 1
Rank 42: Node m30, CPU core 37, NUMA node 2
Rank 43: Node m30, CPU core 53, NUMA node 3
Rank 44: Node m30, CPU core 69, NUMA node 4
Rank 45: Node m30, CPU core 85, NUMA node 5
Rank 46: Node m30, CPU core 101, NUMA node 6
Rank 47: Node m30, CPU core 117, NUMA node 7
Rank 48: Node m30, CPU core 6, NUMA node 0
Rank 49: Node m30, CPU core 22, NUMA node 1
Rank 50: Node m30, CPU core 38, NUMA node 2
Rank 51: Node m30, CPU core 54, NUMA node 3
Rank 52: Node m30, CPU core 70, NUMA node 4
Rank 53: Node m30, CPU core 86, NUMA node 5
Rank 54: Node m30, CPU core 102, NUMA node 6
Rank 55: Node m30, CPU core 118, NUMA node 7
Rank 56: Node m30, CPU core 7, NUMA node 0
Rank 57: Node m30, CPU core 23, NUMA node 1
Rank 58: Node m30, CPU core 39, NUMA node 2
Rank 59: Node m30, CPU core 55, NUMA node 3
Rank 60: Node m30, CPU core 71, NUMA node 4
Rank 61: Node m30, CPU core 87, NUMA node 5
Rank 62: Node m30, CPU core 103, NUMA node 6
Rank 63: Node m30, CPU core 119, NUMA node 7
Rank 64: Node m30, CPU core 8, NUMA node 0
Rank 65: Node m30, CPU core 24, NUMA node 1
Rank 66: Node m30, CPU core 40, NUMA node 2
Rank 67: Node m30, CPU core 56, NUMA node 3
Rank 68: Node m30, CPU core 72, NUMA node 4
Rank 69: Node m30, CPU core 88, NUMA node 5
Rank 70: Node m30, CPU core 104, NUMA node 6
Rank 71: Node m30, CPU core 120, NUMA node 7
Rank 72: Node m30, CPU core 9, NUMA node 0
Rank 73: Node m30, CPU core 25, NUMA node 1
Rank 74: Node m30, CPU core 41, NUMA node 2
Rank 75: Node m30, CPU core 57, NUMA node 3
Rank 76: Node m30, CPU core 73, NUMA node 4
Rank 77: Node m30, CPU core 89, NUMA node 5
Rank 78: Node m30, CPU core 105, NUMA node 6
Rank 79: Node m30, CPU core 121, NUMA node 7
Rank 80: Node m30, CPU core 10, NUMA node 0
Rank 81: Node m30, CPU core 26, NUMA node 1
Rank 82: Node m30, CPU core 42, NUMA node 2
Rank 83: Node m30, CPU core 58, NUMA node 3
Rank 84: Node m30, CPU core 74, NUMA node 4
Rank 85: Node m30, CPU core 90, NUMA node 5
Rank 86: Node m30, CPU core 106, NUMA node 6
Rank 87: Node m30, CPU core 122, NUMA node 7
Rank 88: Node m30, CPU core 11, NUMA node 0
Rank 89: Node m30, CPU core 27, NUMA node 1
Rank 90: Node m30, CPU core 43, NUMA node 2
Rank 91: Node m30, CPU core 59, NUMA node 3
Rank 92: Node m30, CPU core 75, NUMA node 4
Rank 93: Node m30, CPU core 91, NUMA node 5
Rank 94: Node m30, CPU core 107, NUMA node 6
Rank 95: Node m30, CPU core 123, NUMA node 7
Rank 96: Node m30, CPU core 12, NUMA node 0
Rank 97: Node m30, CPU core 28, NUMA node 1
Rank 98: Node m30, CPU core 44, NUMA node 2
Rank 99: Node m30, CPU core 60, NUMA node 3
Rank 100: Node m30, CPU core 76, NUMA node 4
Rank 101: Node m30, CPU core 92, NUMA node 5
Rank 102: Node m30, CPU core 108, NUMA node 6
Rank 103: Node m30, CPU core 124, NUMA node 7
Rank 104: Node m30, CPU core 13, NUMA node 0
Rank 105: Node m30, CPU core 29, NUMA node 1
Rank 106: Node m30, CPU core 45, NUMA node 2
Rank 107: Node m30, CPU core 61, NUMA node 3
Rank 108: Node m30, CPU core 77, NUMA node 4
Rank 109: Node m30, CPU core 93, NUMA node 5
Rank 110: Node m30, CPU core 109, NUMA node 6
Rank 111: Node m30, CPU core 125, NUMA node 7
Rank 112: Node m30, CPU core 14, NUMA node 0
Rank 113: Node m30, CPU core 30, NUMA node 1
Rank 114: Node m30, CPU core 46, NUMA node 2
Rank 115: Node m30, CPU core 62, NUMA node 3
Rank 116: Node m30, CPU core 78, NUMA node 4
Rank 117: Node m30, CPU core 94, NUMA node 5
Rank 118: Node m30, CPU core 110, NUMA node 6
Rank 119: Node m30, CPU core 126, NUMA node 7
Rank 120: Node m30, CPU core 15, NUMA node 0
Rank 121: Node m30, CPU core 31, NUMA node 1

===== SUMMARY =====

----- NODE: m30 -----
CPU cores used: 0 16 32 48 64 80 96 112 1 17 33 49 65 81 97 113 2 18 34 50 66 82 98 114 3 19 35 51 67 83 99 115 4 20 36 52 68 84 100 116 5 21 37 53 69 85 101 117 6 22 38 54 70 86 102 118 7 23 39 55 71 87 103 119 8 24 40 56 72 88 104 120 9 25 41 57 73 89 105 121 10 26 42 58 74 90 106 122 11 27 43 59 75 91 107 123 12 28 44 60 76 92 108 124 13 29 45 61 77 93 109 125 14 30 46 62 78 94 110 126 15 31 47 63 79 95 111 127
NUMA nodes used: 0 1 2 3 4 5 6 7

 NAS Parallel Benchmarks 3.4 -- EP Benchmark

 Number of random numbers generated:      2147483648  (class B)
 Total number of processes:                      128

EP Benchmark Results:

CPU Time =     0.297
N = 2^   30
No. Gaussian Pairs =     843345606.
Sums =     6.728927543423076D+08    6.728951822504205D+08
Counts:
  0     393058470.
  1     375280898.
  2      70460742.
  3       4438852.
  4        105691.
  5           948.
  6             5.
  7             0.
  8             0.
  9             0.


 EP Benchmark Completed.
 Class           =                        B
 Size            =               2147483648
 Iterations      =                        0
 Time in seconds =                     0.30
 Total processes =                      128
 Active processes=                      128
 Mop/s total     =                  7223.97
 Mop/s/process   =                    56.44
 Operation type  = Random numbers generated
 Verification    =               SUCCESSFUL
 Version         =                    3.4.4
 Compile date    =              29 Jun 2026

 Compile options:
    MPIFC        = mpif90
    FLINK        = $(MPIFC)
    FMPI_LIB     = (none)
    FMPI_INC     = (none)
    FFLAGS       = -O3
    FLINKFLAGS   = $(FFLAGS)
    RAND         = randi8


 Please send feedbacks and/or the results of this run to:

 NPB Development Team
 Internet: npb@nas.nasa.gov



 NAS Parallel Benchmarks 3.4 -- EP Benchmark

 Number of random numbers generated:      2147483648  (class B)
 Total number of processes:                      128

EP Benchmark Results:

CPU Time =     0.243
N = 2^   30
No. Gaussian Pairs =     843345606.
Sums =     6.728927543423076D+08    6.728951822504205D+08
Counts:
  0     393058470.
  1     375280898.
  2      70460742.
  3       4438852.
  4        105691.
  5           948.
  6             5.
  7             0.
  8             0.
  9             0.


 EP Benchmark Completed.
 Class           =                        B
 Size            =               2147483648
 Iterations      =                        0
 Time in seconds =                     0.24
 Total processes =                      128
 Active processes=                      128
 Mop/s total     =                  8830.10
 Mop/s/process   =                    68.99
 Operation type  = Random numbers generated
 Verification    =               SUCCESSFUL
 Version         =                    3.4.4
 Compile date    =              29 Jun 2026

 Compile options:
    MPIFC        = mpif90
    FLINK        = $(MPIFC)
    FMPI_LIB     = (none)
    FMPI_INC     = (none)
    FFLAGS       = -O3
    FLINKFLAGS   = $(FFLAGS)
    RAND         = randi8


 Please send feedbacks and/or the results of this run to:

 NPB Development Team
 Internet: npb@nas.nasa.gov



 NAS Parallel Benchmarks 3.4 -- EP Benchmark

 Number of random numbers generated:      2147483648  (class B)
 Total number of processes:                      128

EP Benchmark Results:

CPU Time =     0.198
N = 2^   30
No. Gaussian Pairs =     843345606.
Sums =     6.728927543423076D+08    6.728951822504205D+08
Counts:
  0     393058470.
  1     375280898.
  2      70460742.
  3       4438852.
  4        105691.
  5           948.
  6             5.
  7             0.
  8             0.
  9             0.


 EP Benchmark Completed.
 Class           =                        B
 Size            =               2147483648
 Iterations      =                        0
 Time in seconds =                     0.20
 Total processes =                      128
 Active processes=                      128
 Mop/s total     =                 10858.02
 Mop/s/process   =                    84.83
 Operation type  = Random numbers generated
 Verification    =               SUCCESSFUL
 Version         =                    3.4.4
 Compile date    =              29 Jun 2026

 Compile options:
    MPIFC        = mpif90
    FLINK        = $(MPIFC)
    FMPI_LIB     = (none)
    FMPI_INC     = (none)
    FFLAGS       = -O3
    FLINKFLAGS   = $(FFLAGS)
    RAND         = randi8


 Please send feedbacks and/or the results of this run to:

 NPB Development Team
 Internet: npb@nas.nasa.gov


# RUN: --map-by L3cache --bind-to core ep.B.x
Rank 0: Node m30, CPU core 0, NUMA node 0
Rank 1: Node m30, CPU core 8, NUMA node 0
Rank 2: Node m30, CPU core 16, NUMA node 1
Rank 3: Node m30, CPU core 24, NUMA node 1
Rank 4: Node m30, CPU core 32, NUMA node 2
Rank 5: Node m30, CPU core 40, NUMA node 2
Rank 6: Node m30, CPU core 48, NUMA node 3
Rank 7: Node m30, CPU core 56, NUMA node 3
Rank 8: Node m30, CPU core 64, NUMA node 4
Rank 9: Node m30, CPU core 72, NUMA node 4
Rank 10: Node m30, CPU core 80, NUMA node 5
Rank 11: Node m30, CPU core 88, NUMA node 5
Rank 12: Node m30, CPU core 96, NUMA node 6
Rank 13: Node m30, CPU core 104, NUMA node 6
Rank 14: Node m30, CPU core 112, NUMA node 7
Rank 15: Node m30, CPU core 120, NUMA node 7
Rank 16: Node m30, CPU core 1, NUMA node 0
Rank 17: Node m30, CPU core 9, NUMA node 0
Rank 18: Node m30, CPU core 17, NUMA node 1
Rank 19: Node m30, CPU core 25, NUMA node 1
Rank 20: Node m30, CPU core 33, NUMA node 2
Rank 21: Node m30, CPU core 41, NUMA node 2
Rank 22: Node m30, CPU core 49, NUMA node 3
Rank 23: Node m30, CPU core 57, NUMA node 3
Rank 24: Node m30, CPU core 65, NUMA node 4
Rank 25: Node m30, CPU core 73, NUMA node 4
Rank 26: Node m30, CPU core 81, NUMA node 5
Rank 27: Node m30, CPU core 89, NUMA node 5
Rank 28: Node m30, CPU core 97, NUMA node 6
Rank 29: Node m30, CPU core 105, NUMA node 6
Rank 30: Node m30, CPU core 113, NUMA node 7
Rank 31: Node m30, CPU core 121, NUMA node 7
Rank 32: Node m30, CPU core 2, NUMA node 0
Rank 33: Node m30, CPU core 10, NUMA node 0
Rank 34: Node m30, CPU core 18, NUMA node 1
Rank 35: Node m30, CPU core 26, NUMA node 1
Rank 36: Node m30, CPU core 34, NUMA node 2
Rank 37: Node m30, CPU core 42, NUMA node 2
Rank 38: Node m30, CPU core 50, NUMA node 3
Rank 39: Node m30, CPU core 58, NUMA node 3
Rank 40: Node m30, CPU core 66, NUMA node 4
Rank 41: Node m30, CPU core 74, NUMA node 4
Rank 42: Node m30, CPU core 82, NUMA node 5
Rank 43: Node m30, CPU core 90, NUMA node 5
Rank 44: Node m30, CPU core 98, NUMA node 6
Rank 45: Node m30, CPU core 106, NUMA node 6
Rank 46: Node m30, CPU core 114, NUMA node 7
Rank 47: Node m30, CPU core 122, NUMA node 7
Rank 48: Node m30, CPU core 3, NUMA node 0
Rank 49: Node m30, CPU core 11, NUMA node 0
Rank 50: Node m30, CPU core 19, NUMA node 1
Rank 51: Node m30, CPU core 27, NUMA node 1
Rank 52: Node m30, CPU core 35, NUMA node 2
Rank 53: Node m30, CPU core 43, NUMA node 2
Rank 54: Node m30, CPU core 51, NUMA node 3
Rank 55: Node m30, CPU core 59, NUMA node 3
Rank 56: Node m30, CPU core 67, NUMA node 4
Rank 57: Node m30, CPU core 75, NUMA node 4
Rank 58: Node m30, CPU core 83, NUMA node 5
Rank 59: Node m30, CPU core 91, NUMA node 5
Rank 60: Node m30, CPU core 99, NUMA node 6
Rank 61: Node m30, CPU core 107, NUMA node 6
Rank 62: Node m30, CPU core 115, NUMA node 7
Rank 63: Node m30, CPU core 123, NUMA node 7
Rank 64: Node m30, CPU core 4, NUMA node 0
Rank 65: Node m30, CPU core 12, NUMA node 0
Rank 66: Node m30, CPU core 20, NUMA node 1
Rank 67: Node m30, CPU core 28, NUMA node 1
Rank 68: Node m30, CPU core 36, NUMA node 2
Rank 69: Node m30, CPU core 44, NUMA node 2
Rank 70: Node m30, CPU core 52, NUMA node 3
Rank 71: Node m30, CPU core 60, NUMA node 3
Rank 72: Node m30, CPU core 68, NUMA node 4
Rank 73: Node m30, CPU core 76, NUMA node 4
Rank 74: Node m30, CPU core 84, NUMA node 5
Rank 75: Node m30, CPU core 92, NUMA node 5
Rank 76: Node m30, CPU core 100, NUMA node 6
Rank 77: Node m30, CPU core 108, NUMA node 6
Rank 78: Node m30, CPU core 116, NUMA node 7
Rank 79: Node m30, CPU core 124, NUMA node 7
Rank 80: Node m30, CPU core 5, NUMA node 0
Rank 81: Node m30, CPU core 13, NUMA node 0
Rank 82: Node m30, CPU core 21, NUMA node 1
Rank 83: Node m30, CPU core 29, NUMA node 1
Rank 84: Node m30, CPU core 37, NUMA node 2
Rank 85: Node m30, CPU core 45, NUMA node 2
Rank 86: Node m30, CPU core 53, NUMA node 3
Rank 87: Node m30, CPU core 61, NUMA node 3
Rank 88: Node m30, CPU core 69, NUMA node 4
Rank 89: Node m30, CPU core 77, NUMA node 4
Rank 90: Node m30, CPU core 85, NUMA node 5
Rank 91: Node m30, CPU core 93, NUMA node 5
Rank 92: Node m30, CPU core 101, NUMA node 6
Rank 93: Node m30, CPU core 109, NUMA node 6
Rank 94: Node m30, CPU core 117, NUMA node 7
Rank 95: Node m30, CPU core 125, NUMA node 7
Rank 96: Node m30, CPU core 6, NUMA node 0
Rank 97: Node m30, CPU core 14, NUMA node 0
Rank 98: Node m30, CPU core 22, NUMA node 1
Rank 99: Node m30, CPU core 30, NUMA node 1
Rank 100: Node m30, CPU core 38, NUMA node 2
Rank 101: Node m30, CPU core 46, NUMA node 2
Rank 102: Node m30, CPU core 54, NUMA node 3
Rank 103: Node m30, CPU core 62, NUMA node 3
Rank 104: Node m30, CPU core 70, NUMA node 4
Rank 105: Node m30, CPU core 78, NUMA node 4
Rank 106: Node m30, CPU core 86, NUMA node 5
Rank 107: Node m30, CPU core 94, NUMA node 5
Rank 108: Node m30, CPU core 102, NUMA node 6
Rank 109: Node m30, CPU core 110, NUMA node 6
Rank 110: Node m30, CPU core 118, NUMA node 7
Rank 111: Node m30, CPU core 126, NUMA node 7
Rank 112: Node m30, CPU core 7, NUMA node 0
Rank 113: Node m30, CPU core 15, NUMA node 0
Rank 114: Node m30, CPU core 23, NUMA node 1
Rank 115: Node m30, CPU core 31, NUMA node 1
Rank 116: Node m30, CPU core 39, NUMA node 2
Rank 117: Node m30, CPU core 47, NUMA node 2
Rank 118: Node m30, CPU core 55, NUMA node 3
Rank 119: Node m30, CPU core 63, NUMA node 3
Rank 120: Node m30, CPU core 71, NUMA node 4
Rank 121: Node m30, CPU core 79, NUMA node 4
Rank 122: Node m30, CPU core 87, NUMA node 5
Rank 123: Node m30, CPU core 95, NUMA node 5
Rank 124: Node m30, CPU core 103, NUMA node 6
Rank 125: Node m30, CPU core 111, NUMA node 6
Rank 126: Node m30, CPU core 119, NUMA node 7
Rank 127: Node m30, CPU core 127, NUMA node 7

===== SUMMARY =====

----- NODE: m30 -----
CPU cores used: 0 8 16 24 32 40 48 56 64 72 80 88 96 104 112 120 1 9 17 25 33 41 49 57 65 73 81 89 97 105 113 121 2 10 18 26 34 42 50 58 66 74 82 90 98 106 114 122 3 11 19 27 35 43 51 59 67 75 83 91 99 107 115 123 4 12 20 28 36 44 52 60 68 76 84 92 100 108 116 124 5 13 21 29 37 45 53 61 69 77 85 93 101 109 117 125 6 14 22 30 38 46 54 62 70 78 86 94 102 110 118 126 7 15 23 31 39 47 55 63 71 79 87 95 103 111 119 127
NUMA nodes used: 0 1 2 3 4 5 6 7

 NAS Parallel Benchmarks 3.4 -- EP Benchmark

 Number of random numbers generated:      2147483648  (class B)
 Total number of processes:                      128

EP Benchmark Results:

CPU Time =     0.200
N = 2^   30
No. Gaussian Pairs =     843345606.
Sums =     6.728927543423076D+08    6.728951822504205D+08
Counts:
  0     393058470.
  1     375280898.
  2      70460742.
  3       4438852.
  4        105691.
  5           948.
  6             5.
  7             0.
  8             0.
  9             0.


 EP Benchmark Completed.
 Class           =                        B
 Size            =               2147483648
 Iterations      =                        0
 Time in seconds =                     0.20
 Total processes =                      128
 Active processes=                      128
 Mop/s total     =                 10746.81
 Mop/s/process   =                    83.96
 Operation type  = Random numbers generated
 Verification    =               SUCCESSFUL
 Version         =                    3.4.4
 Compile date    =              29 Jun 2026

 Compile options:
    MPIFC        = mpif90
    FLINK        = $(MPIFC)
    FMPI_LIB     = (none)
    FMPI_INC     = (none)
    FFLAGS       = -O3
    FLINKFLAGS   = $(FFLAGS)
    RAND         = randi8


 Please send feedbacks and/or the results of this run to:

 NPB Development Team
 Internet: npb@nas.nasa.gov



 NAS Parallel Benchmarks 3.4 -- EP Benchmark

 Number of random numbers generated:      2147483648  (class B)
 Total number of processes:                      128

EP Benchmark Results:

CPU Time =     0.190
N = 2^   30
No. Gaussian Pairs =     843345606.
Sums =     6.728927543423076D+08    6.728951822504205D+08
Counts:
  0     393058470.
  1     375280898.
  2      70460742.
  3       4438852.
  4        105691.
  5           948.
  6             5.
  7             0.
  8             0.
  9             0.


 EP Benchmark Completed.
 Class           =                        B
 Size            =               2147483648
 Iterations      =                        0
 Time in seconds =                     0.19
 Total processes =                      128
 Active processes=                      128
 Mop/s total     =                 11287.57
 Mop/s/process   =                    88.18
 Operation type  = Random numbers generated
 Verification    =               SUCCESSFUL
 Version         =                    3.4.4
 Compile date    =              29 Jun 2026

 Compile options:
    MPIFC        = mpif90
    FLINK        = $(MPIFC)
    FMPI_LIB     = (none)
    FMPI_INC     = (none)
    FFLAGS       = -O3
    FLINKFLAGS   = $(FFLAGS)
    RAND         = randi8


 Please send feedbacks and/or the results of this run to:

 NPB Development Team
 Internet: npb@nas.nasa.gov



 NAS Parallel Benchmarks 3.4 -- EP Benchmark

 Number of random numbers generated:      2147483648  (class B)
 Total number of processes:                      128

EP Benchmark Results:

CPU Time =     0.192
N = 2^   30
No. Gaussian Pairs =     843345606.
Sums =     6.728927543423076D+08    6.728951822504205D+08
Counts:
  0     393058470.
  1     375280898.
  2      70460742.
  3       4438852.
  4        105691.
  5           948.
  6             5.
  7             0.
  8             0.
  9             0.


 EP Benchmark Completed.
 Class           =                        B
 Size            =               2147483648
 Iterations      =                        0
 Time in seconds =                     0.19
 Total processes =                      128
 Active processes=                      128
 Mop/s total     =                 11194.54
 Mop/s/process   =                    87.46
 Operation type  = Random numbers generated
 Verification    =               SUCCESSFUL
 Version         =                    3.4.4
 Compile date    =              29 Jun 2026

 Compile options:
    MPIFC        = mpif90
    FLINK        = $(MPIFC)
    FMPI_LIB     = (none)
    FMPI_INC     = (none)
    FFLAGS       = -O3
    FLINKFLAGS   = $(FFLAGS)
    RAND         = randi8


 Please send feedbacks and/or the results of this run to:

 NPB Development Team
 Internet: npb@nas.nasa.gov


