# RUN: --map-by ppr:128:node --bind-to core mg.E.x
Rank 0: Node m07, CPU core 0, NUMA node 0
Rank 1: Node m07, CPU core 1, NUMA node 0
Rank 2: Node m07, CPU core 2, NUMA node 0
Rank 3: Node m07, CPU core 3, NUMA node 0
Rank 4: Node m07, CPU core 4, NUMA node 0
Rank 5: Node m07, CPU core 5, NUMA node 0
Rank 6: Node m07, CPU core 6, NUMA node 0
Rank 7: Node m07, CPU core 7, NUMA node 0
Rank 8: Node m07, CPU core 8, NUMA node 0
Rank 9: Node m07, CPU core 9, NUMA node 0
Rank 10: Node m07, CPU core 10, NUMA node 0
Rank 11: Node m07, CPU core 11, NUMA node 0
Rank 12: Node m07, CPU core 12, NUMA node 0
Rank 13: Node m07, CPU core 13, NUMA node 0
Rank 14: Node m07, CPU core 14, NUMA node 0
Rank 15: Node m07, CPU core 15, NUMA node 0
Rank 16: Node m07, CPU core 16, NUMA node 1
Rank 17: Node m07, CPU core 17, NUMA node 1
Rank 18: Node m07, CPU core 18, NUMA node 1
Rank 19: Node m07, CPU core 19, NUMA node 1
Rank 20: Node m07, CPU core 20, NUMA node 1
Rank 21: Node m07, CPU core 21, NUMA node 1
Rank 22: Node m07, CPU core 22, NUMA node 1
Rank 23: Node m07, CPU core 23, NUMA node 1
Rank 24: Node m07, CPU core 24, NUMA node 1
Rank 25: Node m07, CPU core 25, NUMA node 1
Rank 26: Node m07, CPU core 26, NUMA node 1
Rank 27: Node m07, CPU core 27, NUMA node 1
Rank 28: Node m07, CPU core 28, NUMA node 1
Rank 29: Node m07, CPU core 29, NUMA node 1
Rank 30: Node m07, CPU core 30, NUMA node 1
Rank 31: Node m07, CPU core 31, NUMA node 1
Rank 32: Node m07, CPU core 32, NUMA node 2
Rank 33: Node m07, CPU core 33, NUMA node 2
Rank 34: Node m07, CPU core 34, NUMA node 2
Rank 35: Node m07, CPU core 35, NUMA node 2
Rank 36: Node m07, CPU core 36, NUMA node 2
Rank 37: Node m07, CPU core 37, NUMA node 2
Rank 38: Node m07, CPU core 38, NUMA node 2
Rank 39: Node m07, CPU core 39, NUMA node 2
Rank 40: Node m07, CPU core 40, NUMA node 2
Rank 41: Node m07, CPU core 41, NUMA node 2
Rank 42: Node m07, CPU core 42, NUMA node 2
Rank 43: Node m07, CPU core 43, NUMA node 2
Rank 44: Node m07, CPU core 44, NUMA node 2
Rank 45: Node m07, CPU core 45, NUMA node 2
Rank 46: Node m07, CPU core 46, NUMA node 2
Rank 47: Node m07, CPU core 47, NUMA node 2
Rank 48: Node m07, CPU core 48, NUMA node 3
Rank 49: Node m07, CPU core 49, NUMA node 3
Rank 50: Node m07, CPU core 50, NUMA node 3
Rank 51: Node m07, CPU core 51, NUMA node 3
Rank 52: Node m07, CPU core 52, NUMA node 3
Rank 53: Node m07, CPU core 53, NUMA node 3
Rank 54: Node m07, CPU core 54, NUMA node 3
Rank 55: Node m07, CPU core 55, NUMA node 3
Rank 56: Node m07, CPU core 56, NUMA node 3
Rank 57: Node m07, CPU core 57, NUMA node 3
Rank 58: Node m07, CPU core 58, NUMA node 3
Rank 59: Node m07, CPU core 59, NUMA node 3
Rank 60: Node m07, CPU core 60, NUMA node 3
Rank 61: Node m07, CPU core 61, NUMA node 3
Rank 62: Node m07, CPU core 62, NUMA node 3
Rank 63: Node m07, CPU core 63, NUMA node 3
Rank 64: Node m07, CPU core 64, NUMA node 4
Rank 65: Node m07, CPU core 65, NUMA node 4
Rank 66: Node m07, CPU core 66, NUMA node 4
Rank 67: Node m07, CPU core 67, NUMA node 4
Rank 68: Node m07, CPU core 68, NUMA node 4
Rank 69: Node m07, CPU core 69, NUMA node 4
Rank 70: Node m07, CPU core 70, NUMA node 4
Rank 71: Node m07, CPU core 71, NUMA node 4
Rank 72: Node m07, CPU core 72, NUMA node 4
Rank 73: Node m07, CPU core 73, NUMA node 4
Rank 74: Node m07, CPU core 74, NUMA node 4
Rank 75: Node m07, CPU core 75, NUMA node 4
Rank 76: Node m07, CPU core 76, NUMA node 4
Rank 77: Node m07, CPU core 77, NUMA node 4
Rank 78: Node m07, CPU core 78, NUMA node 4
Rank 79: Node m07, CPU core 79, NUMA node 4
Rank 80: Node m07, CPU core 80, NUMA node 5
Rank 81: Node m07, CPU core 81, NUMA node 5
Rank 82: Node m07, CPU core 82, NUMA node 5
Rank 83: Node m07, CPU core 83, NUMA node 5
Rank 84: Node m07, CPU core 84, NUMA node 5
Rank 85: Node m07, CPU core 85, NUMA node 5
Rank 86: Node m07, CPU core 86, NUMA node 5
Rank 87: Node m07, CPU core 87, NUMA node 5
Rank 88: Node m07, CPU core 88, NUMA node 5
Rank 89: Node m07, CPU core 89, NUMA node 5
Rank 90: Node m07, CPU core 90, NUMA node 5
Rank 91: Node m07, CPU core 91, NUMA node 5
Rank 92: Node m07, CPU core 92, NUMA node 5
Rank 93: Node m07, CPU core 93, NUMA node 5
Rank 94: Node m07, CPU core 94, NUMA node 5
Rank 95: Node m07, CPU core 95, NUMA node 5
Rank 96: Node m07, CPU core 96, NUMA node 6
Rank 97: Node m07, CPU core 97, NUMA node 6
Rank 98: Node m07, CPU core 98, NUMA node 6
Rank 99: Node m07, CPU core 99, NUMA node 6
Rank 100: Node m07, CPU core 100, NUMA node 6
Rank 101: Node m07, CPU core 101, NUMA node 6
Rank 102: Node m07, CPU core 102, NUMA node 6
Rank 103: Node m07, CPU core 103, NUMA node 6
Rank 104: Node m07, CPU core 104, NUMA node 6
Rank 105: Node m07, CPU core 105, NUMA node 6
Rank 106: Node m07, CPU core 106, NUMA node 6
Rank 107: Node m07, CPU core 107, NUMA node 6
Rank 108: Node m07, CPU core 108, NUMA node 6
Rank 109: Node m07, CPU core 109, NUMA node 6
Rank 110: Node m07, CPU core 110, NUMA node 6
Rank 111: Node m07, CPU core 111, NUMA node 6
Rank 112: Node m07, CPU core 112, NUMA node 7
Rank 113: Node m07, CPU core 113, NUMA node 7
Rank 114: Node m07, CPU core 114, NUMA node 7
Rank 115: Node m07, CPU core 115, NUMA node 7
Rank 116: Node m07, CPU core 116, NUMA node 7
Rank 117: Node m07, CPU core 117, NUMA node 7
Rank 118: Node m07, CPU core 118, NUMA node 7
Rank 119: Node m07, CPU core 119, NUMA node 7
Rank 120: Node m07, CPU core 120, NUMA node 7
Rank 121: Node m07, CPU core 121, NUMA node 7
Rank 122: Node m07, CPU core 122, NUMA node 7
Rank 123: Node m07, CPU core 123, NUMA node 7
Rank 124: Node m07, CPU core 124, NUMA node 7
Rank 125: Node m07, CPU core 125, NUMA node 7
Rank 126: Node m07, CPU core 126, NUMA node 7
Rank 127: Node m07, CPU core 127, NUMA node 7

===== SUMMARY =====

----- NODE: m07 -----
CPU cores used: 0 1 2 3 4 5 6 7 8 9 10 11 12 13 14 15 16 17 18 19 20 21 22 23 24 25 26 27 28 29 30 31 32 33 34 35 36 37 38 39 40 41 42 43 44 45 46 47 48 49 50 51 52 53 54 55 56 57 58 59 60 61 62 63 64 65 66 67 68 69 70 71 72 73 74 75 76 77 78 79 80 81 82 83 84 85 86 87 88 89 90 91 92 93 94 95 96 97 98 99 100 101 102 103 104 105 106 107 108 109 110 111 112 113 114 115 116 117 118 119 120 121 122 123 124 125 126 127
NUMA nodes used: 0 1 2 3 4 5 6 7


 NAS Parallel Benchmarks 3.4 -- MG Benchmark

 No input file. Using compiled defaults
 Size: 2048x2048x2048  (class E)
 Iterations:   50
 Total number of processes:    128


 Initialization time:          11.446 seconds

  iter    1
  iter    5
  iter   10
  iter   15
  iter   20
  iter   25
  iter   30
  iter   35
  iter   40
  iter   45
  iter   50

 Benchmark completed
 VERIFICATION SUCCESSFUL
 L2 Norm is  0.5630442584623E-10
 Error is    0.1566921731553E-10


 MG Benchmark Completed.
 Class           =                        E
 Size            =           2048x2048x2048
 Iterations      =                       50
 Time in seconds =                   259.79
 Total processes =                      128
 Active processes=                      128
 Mop/s total     =                 95889.56
 Mop/s/process   =                   749.14
 Operation type  =           floating point
 Verification    =               SUCCESSFUL
 Version         =                    3.4.4
 Compile date    =              06 Apr 2026

 Compile options:
    MPIFC        = mpif90
    FLINK        = $(MPIFC)
    FMPI_LIB     = (none)
    FMPI_INC     = (none)
    FFLAGS       = -O3
    FLINKFLAGS   = $(FFLAGS)
    RAND         = randi8


 Please send feedbacks and/or the results of this run to:

 NPB Development Team
 Internet: npb@nas.nasa.gov




 NAS Parallel Benchmarks 3.4 -- MG Benchmark

 No input file. Using compiled defaults
 Size: 2048x2048x2048  (class E)
 Iterations:   50
 Total number of processes:    128


 Initialization time:          11.432 seconds

  iter    1
  iter    5
  iter   10
  iter   15
  iter   20
  iter   25
  iter   30
  iter   35
  iter   40
  iter   45
  iter   50

 Benchmark completed
 VERIFICATION SUCCESSFUL
 L2 Norm is  0.5630442584623E-10
 Error is    0.1566921731553E-10


 MG Benchmark Completed.
 Class           =                        E
 Size            =           2048x2048x2048
 Iterations      =                       50
 Time in seconds =                   260.13
 Total processes =                      128
 Active processes=                      128
 Mop/s total     =                 95761.14
 Mop/s/process   =                   748.13
 Operation type  =           floating point
 Verification    =               SUCCESSFUL
 Version         =                    3.4.4
 Compile date    =              06 Apr 2026

 Compile options:
    MPIFC        = mpif90
    FLINK        = $(MPIFC)
    FMPI_LIB     = (none)
    FMPI_INC     = (none)
    FFLAGS       = -O3
    FLINKFLAGS   = $(FFLAGS)
    RAND         = randi8


 Please send feedbacks and/or the results of this run to:

 NPB Development Team
 Internet: npb@nas.nasa.gov




 NAS Parallel Benchmarks 3.4 -- MG Benchmark

 No input file. Using compiled defaults
 Size: 2048x2048x2048  (class E)
 Iterations:   50
 Total number of processes:    128


 Initialization time:          11.491 seconds

  iter    1
  iter    5
  iter   10
  iter   15
  iter   20
  iter   25
  iter   30
  iter   35
  iter   40
  iter   45
  iter   50

 Benchmark completed
 VERIFICATION SUCCESSFUL
 L2 Norm is  0.5630442584623E-10
 Error is    0.1566921731553E-10


 MG Benchmark Completed.
 Class           =                        E
 Size            =           2048x2048x2048
 Iterations      =                       50
 Time in seconds =                   259.95
 Total processes =                      128
 Active processes=                      128
 Mop/s total     =                 95829.42
 Mop/s/process   =                   748.67
 Operation type  =           floating point
 Verification    =               SUCCESSFUL
 Version         =                    3.4.4
 Compile date    =              06 Apr 2026

 Compile options:
    MPIFC        = mpif90
    FLINK        = $(MPIFC)
    FMPI_LIB     = (none)
    FMPI_INC     = (none)
    FFLAGS       = -O3
    FLINKFLAGS   = $(FFLAGS)
    RAND         = randi8


 Please send feedbacks and/or the results of this run to:

 NPB Development Team
 Internet: npb@nas.nasa.gov


# RUN: --map-by ppr:64:node --bind-to core mg.E.x
Rank 0: Node m07, CPU core 0, NUMA node 0
Rank 1: Node m07, CPU core 1, NUMA node 0
Rank 2: Node m07, CPU core 2, NUMA node 0
Rank 3: Node m07, CPU core 3, NUMA node 0
Rank 4: Node m07, CPU core 4, NUMA node 0
Rank 5: Node m07, CPU core 5, NUMA node 0
Rank 6: Node m07, CPU core 6, NUMA node 0
Rank 7: Node m07, CPU core 7, NUMA node 0
Rank 8: Node m07, CPU core 8, NUMA node 0
Rank 9: Node m07, CPU core 9, NUMA node 0
Rank 10: Node m07, CPU core 10, NUMA node 0
Rank 11: Node m07, CPU core 11, NUMA node 0
Rank 12: Node m07, CPU core 12, NUMA node 0
Rank 13: Node m07, CPU core 13, NUMA node 0
Rank 14: Node m07, CPU core 14, NUMA node 0
Rank 15: Node m07, CPU core 15, NUMA node 0
Rank 16: Node m07, CPU core 16, NUMA node 1
Rank 17: Node m07, CPU core 17, NUMA node 1
Rank 18: Node m07, CPU core 18, NUMA node 1
Rank 19: Node m07, CPU core 19, NUMA node 1
Rank 20: Node m07, CPU core 20, NUMA node 1
Rank 21: Node m07, CPU core 21, NUMA node 1
Rank 22: Node m07, CPU core 22, NUMA node 1
Rank 23: Node m07, CPU core 23, NUMA node 1
Rank 24: Node m07, CPU core 24, NUMA node 1
Rank 25: Node m07, CPU core 25, NUMA node 1
Rank 26: Node m07, CPU core 26, NUMA node 1
Rank 27: Node m07, CPU core 27, NUMA node 1
Rank 28: Node m07, CPU core 28, NUMA node 1
Rank 29: Node m07, CPU core 29, NUMA node 1
Rank 30: Node m07, CPU core 30, NUMA node 1
Rank 31: Node m07, CPU core 31, NUMA node 1
Rank 32: Node m07, CPU core 32, NUMA node 2
Rank 33: Node m07, CPU core 33, NUMA node 2
Rank 34: Node m07, CPU core 34, NUMA node 2
Rank 35: Node m07, CPU core 35, NUMA node 2
Rank 36: Node m07, CPU core 36, NUMA node 2
Rank 37: Node m07, CPU core 37, NUMA node 2
Rank 38: Node m07, CPU core 38, NUMA node 2
Rank 39: Node m07, CPU core 39, NUMA node 2
Rank 40: Node m07, CPU core 40, NUMA node 2
Rank 41: Node m07, CPU core 41, NUMA node 2
Rank 42: Node m07, CPU core 42, NUMA node 2
Rank 43: Node m07, CPU core 43, NUMA node 2
Rank 44: Node m07, CPU core 44, NUMA node 2
Rank 45: Node m07, CPU core 45, NUMA node 2
Rank 46: Node m07, CPU core 46, NUMA node 2
Rank 47: Node m07, CPU core 47, NUMA node 2
Rank 48: Node m07, CPU core 48, NUMA node 3
Rank 49: Node m07, CPU core 49, NUMA node 3
Rank 50: Node m07, CPU core 50, NUMA node 3
Rank 51: Node m07, CPU core 51, NUMA node 3
Rank 52: Node m07, CPU core 52, NUMA node 3
Rank 53: Node m07, CPU core 53, NUMA node 3
Rank 54: Node m07, CPU core 54, NUMA node 3
Rank 55: Node m07, CPU core 55, NUMA node 3
Rank 56: Node m07, CPU core 56, NUMA node 3
Rank 57: Node m07, CPU core 57, NUMA node 3
Rank 58: Node m07, CPU core 58, NUMA node 3
Rank 59: Node m07, CPU core 59, NUMA node 3
Rank 60: Node m07, CPU core 60, NUMA node 3
Rank 61: Node m07, CPU core 61, NUMA node 3
Rank 62: Node m07, CPU core 62, NUMA node 3
Rank 63: Node m07, CPU core 63, NUMA node 3
Rank 64: Node m08, CPU core 0, NUMA node 0
Rank 65: Node m08, CPU core 1, NUMA node 0
Rank 66: Node m08, CPU core 2, NUMA node 0
Rank 67: Node m08, CPU core 3, NUMA node 0
Rank 68: Node m08, CPU core 4, NUMA node 0
Rank 69: Node m08, CPU core 5, NUMA node 0
Rank 70: Node m08, CPU core 6, NUMA node 0
Rank 71: Node m08, CPU core 7, NUMA node 0
Rank 72: Node m08, CPU core 8, NUMA node 0
Rank 73: Node m08, CPU core 9, NUMA node 0
Rank 74: Node m08, CPU core 10, NUMA node 0
Rank 75: Node m08, CPU core 11, NUMA node 0
Rank 76: Node m08, CPU core 12, NUMA node 0
Rank 77: Node m08, CPU core 13, NUMA node 0
Rank 78: Node m08, CPU core 14, NUMA node 0
Rank 79: Node m08, CPU core 15, NUMA node 0
Rank 80: Node m08, CPU core 16, NUMA node 1
Rank 81: Node m08, CPU core 17, NUMA node 1
Rank 82: Node m08, CPU core 18, NUMA node 1
Rank 83: Node m08, CPU core 19, NUMA node 1
Rank 84: Node m08, CPU core 20, NUMA node 1
Rank 85: Node m08, CPU core 21, NUMA node 1
Rank 86: Node m08, CPU core 22, NUMA node 1
Rank 87: Node m08, CPU core 23, NUMA node 1
Rank 88: Node m08, CPU core 24, NUMA node 1
Rank 89: Node m08, CPU core 25, NUMA node 1
Rank 90: Node m08, CPU core 26, NUMA node 1
Rank 91: Node m08, CPU core 27, NUMA node 1
Rank 92: Node m08, CPU core 28, NUMA node 1
Rank 93: Node m08, CPU core 29, NUMA node 1
Rank 94: Node m08, CPU core 30, NUMA node 1
Rank 95: Node m08, CPU core 31, NUMA node 1
Rank 96: Node m08, CPU core 32, NUMA node 2
Rank 97: Node m08, CPU core 33, NUMA node 2
Rank 98: Node m08, CPU core 34, NUMA node 2
Rank 99: Node m08, CPU core 35, NUMA node 2
Rank 100: Node m08, CPU core 36, NUMA node 2
Rank 101: Node m08, CPU core 37, NUMA node 2
Rank 102: Node m08, CPU core 38, NUMA node 2
Rank 103: Node m08, CPU core 39, NUMA node 2
Rank 104: Node m08, CPU core 40, NUMA node 2
Rank 105: Node m08, CPU core 41, NUMA node 2
Rank 106: Node m08, CPU core 42, NUMA node 2
Rank 107: Node m08, CPU core 43, NUMA node 2
Rank 108: Node m08, CPU core 44, NUMA node 2
Rank 109: Node m08, CPU core 45, NUMA node 2
Rank 110: Node m08, CPU core 46, NUMA node 2
Rank 111: Node m08, CPU core 47, NUMA node 2
Rank 112: Node m08, CPU core 48, NUMA node 3
Rank 113: Node m08, CPU core 49, NUMA node 3
Rank 114: Node m08, CPU core 50, NUMA node 3
Rank 115: Node m08, CPU core 51, NUMA node 3
Rank 116: Node m08, CPU core 52, NUMA node 3
Rank 117: Node m08, CPU core 53, NUMA node 3
Rank 118: Node m08, CPU core 54, NUMA node 3
Rank 119: Node m08, CPU core 55, NUMA node 3
Rank 120: Node m08, CPU core 56, NUMA node 3
Rank 121: Node m08, CPU core 57, NUMA node 3
Rank 122: Node m08, CPU core 58, NUMA node 3
Rank 123: Node m08, CPU core 59, NUMA node 3
Rank 124: Node m08, CPU core 60, NUMA node 3
Rank 125: Node m08, CPU core 61, NUMA node 3
Rank 126: Node m08, CPU core 62, NUMA node 3
Rank 127: Node m08, CPU core 63, NUMA node 3

===== SUMMARY =====

----- NODE: m07 -----
CPU cores used: 0 1 2 3 4 5 6 7 8 9 10 11 12 13 14 15 16 17 18 19 20 21 22 23 24 25 26 27 28 29 30 31 32 33 34 35 36 37 38 39 40 41 42 43 44 45 46 47 48 49 50 51 52 53 54 55 56 57 58 59 60 61 62 63
NUMA nodes used: 0 1 2 3

----- NODE: m08 -----
CPU cores used: 0 1 2 3 4 5 6 7 8 9 10 11 12 13 14 15 16 17 18 19 20 21 22 23 24 25 26 27 28 29 30 31 32 33 34 35 36 37 38 39 40 41 42 43 44 45 46 47 48 49 50 51 52 53 54 55 56 57 58 59 60 61 62 63
NUMA nodes used: 0 1 2 3


 NAS Parallel Benchmarks 3.4 -- MG Benchmark

 No input file. Using compiled defaults
 Size: 2048x2048x2048  (class E)
 Iterations:   50
 Total number of processes:    128


 Initialization time:          11.513 seconds

  iter    1
  iter    5
  iter   10
  iter   15
  iter   20
  iter   25
  iter   30
  iter   35
  iter   40
  iter   45
  iter   50

 Benchmark completed
 VERIFICATION SUCCESSFUL
 L2 Norm is  0.5630442584623E-10
 Error is    0.1566921731553E-10


 MG Benchmark Completed.
 Class           =                        E
 Size            =           2048x2048x2048
 Iterations      =                       50
 Time in seconds =                   260.65
 Total processes =                      128
 Active processes=                      128
 Mop/s total     =                 95572.35
 Mop/s/process   =                   746.66
 Operation type  =           floating point
 Verification    =               SUCCESSFUL
 Version         =                    3.4.4
 Compile date    =              06 Apr 2026

 Compile options:
    MPIFC        = mpif90
    FLINK        = $(MPIFC)
    FMPI_LIB     = (none)
    FMPI_INC     = (none)
    FFLAGS       = -O3
    FLINKFLAGS   = $(FFLAGS)
    RAND         = randi8


 Please send feedbacks and/or the results of this run to:

 NPB Development Team
 Internet: npb@nas.nasa.gov




 NAS Parallel Benchmarks 3.4 -- MG Benchmark

 No input file. Using compiled defaults
 Size: 2048x2048x2048  (class E)
 Iterations:   50
 Total number of processes:    128


 Initialization time:          11.513 seconds

  iter    1
  iter    5
  iter   10
  iter   15
  iter   20
  iter   25
  iter   30
  iter   35
  iter   40
  iter   45
  iter   50

 Benchmark completed
 VERIFICATION SUCCESSFUL
 L2 Norm is  0.5630442584623E-10
 Error is    0.1566921731553E-10


 MG Benchmark Completed.
 Class           =                        E
 Size            =           2048x2048x2048
 Iterations      =                       50
 Time in seconds =                   260.62
 Total processes =                      128
 Active processes=                      128
 Mop/s total     =                 95582.17
 Mop/s/process   =                   746.74
 Operation type  =           floating point
 Verification    =               SUCCESSFUL
 Version         =                    3.4.4
 Compile date    =              06 Apr 2026

 Compile options:
    MPIFC        = mpif90
    FLINK        = $(MPIFC)
    FMPI_LIB     = (none)
    FMPI_INC     = (none)
    FFLAGS       = -O3
    FLINKFLAGS   = $(FFLAGS)
    RAND         = randi8


 Please send feedbacks and/or the results of this run to:

 NPB Development Team
 Internet: npb@nas.nasa.gov




 NAS Parallel Benchmarks 3.4 -- MG Benchmark

 No input file. Using compiled defaults
 Size: 2048x2048x2048  (class E)
 Iterations:   50
 Total number of processes:    128


 Initialization time:          11.539 seconds

  iter    1
  iter    5
  iter   10
  iter   15
  iter   20
  iter   25
  iter   30
  iter   35
  iter   40
  iter   45
  iter   50

 Benchmark completed
 VERIFICATION SUCCESSFUL
 L2 Norm is  0.5630442584623E-10
 Error is    0.1566921731553E-10


 MG Benchmark Completed.
 Class           =                        E
 Size            =           2048x2048x2048
 Iterations      =                       50
 Time in seconds =                   260.77
 Total processes =                      128
 Active processes=                      128
 Mop/s total     =                 95526.99
 Mop/s/process   =                   746.30
 Operation type  =           floating point
 Verification    =               SUCCESSFUL
 Version         =                    3.4.4
 Compile date    =              06 Apr 2026

 Compile options:
    MPIFC        = mpif90
    FLINK        = $(MPIFC)
    FMPI_LIB     = (none)
    FMPI_INC     = (none)
    FFLAGS       = -O3
    FLINKFLAGS   = $(FFLAGS)
    RAND         = randi8


 Please send feedbacks and/or the results of this run to:

 NPB Development Team
 Internet: npb@nas.nasa.gov


# RUN: --map-by ppr:32:socket --bind-to core mg.E.x
Rank 0: Node m07, CPU core 0, NUMA node 0
Rank 1: Node m07, CPU core 1, NUMA node 0
Rank 2: Node m07, CPU core 2, NUMA node 0
Rank 3: Node m07, CPU core 3, NUMA node 0
Rank 4: Node m07, CPU core 4, NUMA node 0
Rank 5: Node m07, CPU core 5, NUMA node 0
Rank 6: Node m07, CPU core 6, NUMA node 0
Rank 7: Node m07, CPU core 7, NUMA node 0
Rank 8: Node m07, CPU core 8, NUMA node 0
Rank 9: Node m07, CPU core 9, NUMA node 0
Rank 10: Node m07, CPU core 10, NUMA node 0
Rank 11: Node m07, CPU core 11, NUMA node 0
Rank 12: Node m07, CPU core 12, NUMA node 0
Rank 13: Node m07, CPU core 13, NUMA node 0
Rank 14: Node m07, CPU core 14, NUMA node 0
Rank 15: Node m07, CPU core 15, NUMA node 0
Rank 16: Node m07, CPU core 16, NUMA node 1
Rank 17: Node m07, CPU core 17, NUMA node 1
Rank 18: Node m07, CPU core 18, NUMA node 1
Rank 19: Node m07, CPU core 19, NUMA node 1
Rank 20: Node m07, CPU core 20, NUMA node 1
Rank 21: Node m07, CPU core 21, NUMA node 1
Rank 22: Node m07, CPU core 22, NUMA node 1
Rank 23: Node m07, CPU core 23, NUMA node 1
Rank 24: Node m07, CPU core 24, NUMA node 1
Rank 25: Node m07, CPU core 25, NUMA node 1
Rank 26: Node m07, CPU core 26, NUMA node 1
Rank 27: Node m07, CPU core 27, NUMA node 1
Rank 28: Node m07, CPU core 28, NUMA node 1
Rank 29: Node m07, CPU core 29, NUMA node 1
Rank 30: Node m07, CPU core 30, NUMA node 1
Rank 31: Node m07, CPU core 31, NUMA node 1
Rank 32: Node m07, CPU core 64, NUMA node 4
Rank 33: Node m07, CPU core 65, NUMA node 4
Rank 34: Node m07, CPU core 66, NUMA node 4
Rank 35: Node m07, CPU core 67, NUMA node 4
Rank 36: Node m07, CPU core 68, NUMA node 4
Rank 37: Node m07, CPU core 69, NUMA node 4
Rank 38: Node m07, CPU core 70, NUMA node 4
Rank 39: Node m07, CPU core 71, NUMA node 4
Rank 40: Node m07, CPU core 72, NUMA node 4
Rank 41: Node m07, CPU core 73, NUMA node 4
Rank 42: Node m07, CPU core 74, NUMA node 4
Rank 43: Node m07, CPU core 75, NUMA node 4
Rank 44: Node m07, CPU core 76, NUMA node 4
Rank 45: Node m07, CPU core 77, NUMA node 4
Rank 46: Node m07, CPU core 78, NUMA node 4
Rank 47: Node m07, CPU core 79, NUMA node 4
Rank 48: Node m07, CPU core 80, NUMA node 5
Rank 49: Node m07, CPU core 81, NUMA node 5
Rank 50: Node m07, CPU core 82, NUMA node 5
Rank 51: Node m07, CPU core 83, NUMA node 5
Rank 52: Node m07, CPU core 84, NUMA node 5
Rank 53: Node m07, CPU core 85, NUMA node 5
Rank 54: Node m07, CPU core 86, NUMA node 5
Rank 55: Node m07, CPU core 87, NUMA node 5
Rank 56: Node m07, CPU core 88, NUMA node 5
Rank 57: Node m07, CPU core 89, NUMA node 5
Rank 58: Node m07, CPU core 90, NUMA node 5
Rank 59: Node m07, CPU core 91, NUMA node 5
Rank 60: Node m07, CPU core 92, NUMA node 5
Rank 61: Node m07, CPU core 93, NUMA node 5
Rank 62: Node m07, CPU core 94, NUMA node 5
Rank 63: Node m07, CPU core 95, NUMA node 5
Rank 64: Node m08, CPU core 0, NUMA node 0
Rank 65: Node m08, CPU core 1, NUMA node 0
Rank 66: Node m08, CPU core 2, NUMA node 0
Rank 67: Node m08, CPU core 3, NUMA node 0
Rank 68: Node m08, CPU core 4, NUMA node 0
Rank 69: Node m08, CPU core 5, NUMA node 0
Rank 70: Node m08, CPU core 6, NUMA node 0
Rank 71: Node m08, CPU core 7, NUMA node 0
Rank 72: Node m08, CPU core 8, NUMA node 0
Rank 73: Node m08, CPU core 9, NUMA node 0
Rank 74: Node m08, CPU core 10, NUMA node 0
Rank 75: Node m08, CPU core 11, NUMA node 0
Rank 76: Node m08, CPU core 12, NUMA node 0
Rank 77: Node m08, CPU core 13, NUMA node 0
Rank 78: Node m08, CPU core 14, NUMA node 0
Rank 79: Node m08, CPU core 15, NUMA node 0
Rank 80: Node m08, CPU core 16, NUMA node 1
Rank 81: Node m08, CPU core 17, NUMA node 1
Rank 82: Node m08, CPU core 18, NUMA node 1
Rank 83: Node m08, CPU core 19, NUMA node 1
Rank 84: Node m08, CPU core 20, NUMA node 1
Rank 85: Node m08, CPU core 21, NUMA node 1
Rank 86: Node m08, CPU core 22, NUMA node 1
Rank 87: Node m08, CPU core 23, NUMA node 1
Rank 88: Node m08, CPU core 24, NUMA node 1
Rank 89: Node m08, CPU core 25, NUMA node 1
Rank 90: Node m08, CPU core 26, NUMA node 1
Rank 91: Node m08, CPU core 27, NUMA node 1
Rank 92: Node m08, CPU core 28, NUMA node 1
Rank 93: Node m08, CPU core 29, NUMA node 1
Rank 94: Node m08, CPU core 30, NUMA node 1
Rank 95: Node m08, CPU core 31, NUMA node 1
Rank 96: Node m08, CPU core 64, NUMA node 4
Rank 97: Node m08, CPU core 65, NUMA node 4
Rank 98: Node m08, CPU core 66, NUMA node 4
Rank 99: Node m08, CPU core 67, NUMA node 4
Rank 100: Node m08, CPU core 68, NUMA node 4
Rank 101: Node m08, CPU core 69, NUMA node 4
Rank 102: Node m08, CPU core 70, NUMA node 4
Rank 103: Node m08, CPU core 71, NUMA node 4
Rank 104: Node m08, CPU core 72, NUMA node 4
Rank 105: Node m08, CPU core 73, NUMA node 4
Rank 106: Node m08, CPU core 74, NUMA node 4
Rank 107: Node m08, CPU core 75, NUMA node 4
Rank 108: Node m08, CPU core 76, NUMA node 4
Rank 109: Node m08, CPU core 77, NUMA node 4
Rank 110: Node m08, CPU core 78, NUMA node 4
Rank 111: Node m08, CPU core 79, NUMA node 4
Rank 112: Node m08, CPU core 80, NUMA node 5
Rank 113: Node m08, CPU core 81, NUMA node 5
Rank 114: Node m08, CPU core 82, NUMA node 5
Rank 115: Node m08, CPU core 83, NUMA node 5
Rank 116: Node m08, CPU core 84, NUMA node 5
Rank 117: Node m08, CPU core 85, NUMA node 5
Rank 118: Node m08, CPU core 86, NUMA node 5
Rank 119: Node m08, CPU core 87, NUMA node 5
Rank 120: Node m08, CPU core 88, NUMA node 5
Rank 121: Node m08, CPU core 89, NUMA node 5
Rank 122: Node m08, CPU core 90, NUMA node 5
Rank 123: Node m08, CPU core 91, NUMA node 5
Rank 124: Node m08, CPU core 92, NUMA node 5
Rank 125: Node m08, CPU core 93, NUMA node 5
Rank 126: Node m08, CPU core 94, NUMA node 5
Rank 127: Node m08, CPU core 95, NUMA node 5

===== SUMMARY =====

----- NODE: m07 -----
CPU cores used: 0 1 2 3 4 5 6 7 8 9 10 11 12 13 14 15 16 17 18 19 20 21 22 23 24 25 26 27 28 29 30 31 64 65 66 67 68 69 70 71 72 73 74 75 76 77 78 79 80 81 82 83 84 85 86 87 88 89 90 91 92 93 94 95
NUMA nodes used: 0 1 4 5

----- NODE: m08 -----
CPU cores used: 0 1 2 3 4 5 6 7 8 9 10 11 12 13 14 15 16 17 18 19 20 21 22 23 24 25 26 27 28 29 30 31 64 65 66 67 68 69 70 71 72 73 74 75 76 77 78 79 80 81 82 83 84 85 86 87 88 89 90 91 92 93 94 95
NUMA nodes used: 0 1 4 5


 NAS Parallel Benchmarks 3.4 -- MG Benchmark

 No input file. Using compiled defaults
 Size: 2048x2048x2048  (class E)
 Iterations:   50
 Total number of processes:    128


 Initialization time:          11.436 seconds

  iter    1
  iter    5
  iter   10
  iter   15
  iter   20
  iter   25
  iter   30
  iter   35
  iter   40
  iter   45
  iter   50

 Benchmark completed
 VERIFICATION SUCCESSFUL
 L2 Norm is  0.5630442584623E-10
 Error is    0.1566921731553E-10


 MG Benchmark Completed.
 Class           =                        E
 Size            =           2048x2048x2048
 Iterations      =                       50
 Time in seconds =                   259.81
 Total processes =                      128
 Active processes=                      128
 Mop/s total     =                 95879.11
 Mop/s/process   =                   749.06
 Operation type  =           floating point
 Verification    =               SUCCESSFUL
 Version         =                    3.4.4
 Compile date    =              06 Apr 2026

 Compile options:
    MPIFC        = mpif90
    FLINK        = $(MPIFC)
    FMPI_LIB     = (none)
    FMPI_INC     = (none)
    FFLAGS       = -O3
    FLINKFLAGS   = $(FFLAGS)
    RAND         = randi8


 Please send feedbacks and/or the results of this run to:

 NPB Development Team
 Internet: npb@nas.nasa.gov




 NAS Parallel Benchmarks 3.4 -- MG Benchmark

 No input file. Using compiled defaults
 Size: 2048x2048x2048  (class E)
 Iterations:   50
 Total number of processes:    128


 Initialization time:          11.455 seconds

  iter    1
  iter    5
  iter   10
  iter   15
  iter   20
  iter   25
  iter   30
  iter   35
  iter   40
  iter   45
  iter   50

 Benchmark completed
 VERIFICATION SUCCESSFUL
 L2 Norm is  0.5630442584623E-10
 Error is    0.1566921731553E-10


 MG Benchmark Completed.
 Class           =                        E
 Size            =           2048x2048x2048
 Iterations      =                       50
 Time in seconds =                   259.76
 Total processes =                      128
 Active processes=                      128
 Mop/s total     =                 95900.60
 Mop/s/process   =                   749.22
 Operation type  =           floating point
 Verification    =               SUCCESSFUL
 Version         =                    3.4.4
 Compile date    =              06 Apr 2026

 Compile options:
    MPIFC        = mpif90
    FLINK        = $(MPIFC)
    FMPI_LIB     = (none)
    FMPI_INC     = (none)
    FFLAGS       = -O3
    FLINKFLAGS   = $(FFLAGS)
    RAND         = randi8


 Please send feedbacks and/or the results of this run to:

 NPB Development Team
 Internet: npb@nas.nasa.gov




 NAS Parallel Benchmarks 3.4 -- MG Benchmark

 No input file. Using compiled defaults
 Size: 2048x2048x2048  (class E)
 Iterations:   50
 Total number of processes:    128


 Initialization time:          11.457 seconds

  iter    1
  iter    5
  iter   10
  iter   15
  iter   20
  iter   25
  iter   30
  iter   35
  iter   40
  iter   45
  iter   50

 Benchmark completed
 VERIFICATION SUCCESSFUL
 L2 Norm is  0.5630442584623E-10
 Error is    0.1566921731553E-10


 MG Benchmark Completed.
 Class           =                        E
 Size            =           2048x2048x2048
 Iterations      =                       50
 Time in seconds =                   259.97
 Total processes =                      128
 Active processes=                      128
 Mop/s total     =                 95823.20
 Mop/s/process   =                   748.62
 Operation type  =           floating point
 Verification    =               SUCCESSFUL
 Version         =                    3.4.4
 Compile date    =              06 Apr 2026

 Compile options:
    MPIFC        = mpif90
    FLINK        = $(MPIFC)
    FMPI_LIB     = (none)
    FMPI_INC     = (none)
    FFLAGS       = -O3
    FLINKFLAGS   = $(FFLAGS)
    RAND         = randi8


 Please send feedbacks and/or the results of this run to:

 NPB Development Team
 Internet: npb@nas.nasa.gov


# RUN: --map-by ppr:8:numa --bind-to core mg.E.x
Rank 0: Node m07, CPU core 0, NUMA node 0
Rank 1: Node m07, CPU core 1, NUMA node 0
Rank 2: Node m07, CPU core 2, NUMA node 0
Rank 3: Node m07, CPU core 3, NUMA node 0
Rank 4: Node m07, CPU core 4, NUMA node 0
Rank 5: Node m07, CPU core 5, NUMA node 0
Rank 6: Node m07, CPU core 6, NUMA node 0
Rank 7: Node m07, CPU core 7, NUMA node 0
Rank 8: Node m07, CPU core 16, NUMA node 1
Rank 9: Node m07, CPU core 17, NUMA node 1
Rank 10: Node m07, CPU core 18, NUMA node 1
Rank 11: Node m07, CPU core 19, NUMA node 1
Rank 12: Node m07, CPU core 20, NUMA node 1
Rank 13: Node m07, CPU core 21, NUMA node 1
Rank 14: Node m07, CPU core 22, NUMA node 1
Rank 15: Node m07, CPU core 23, NUMA node 1
Rank 16: Node m07, CPU core 32, NUMA node 2
Rank 17: Node m07, CPU core 33, NUMA node 2
Rank 18: Node m07, CPU core 34, NUMA node 2
Rank 19: Node m07, CPU core 35, NUMA node 2
Rank 20: Node m07, CPU core 36, NUMA node 2
Rank 21: Node m07, CPU core 37, NUMA node 2
Rank 22: Node m07, CPU core 38, NUMA node 2
Rank 23: Node m07, CPU core 39, NUMA node 2
Rank 24: Node m07, CPU core 48, NUMA node 3
Rank 25: Node m07, CPU core 49, NUMA node 3
Rank 26: Node m07, CPU core 50, NUMA node 3
Rank 27: Node m07, CPU core 51, NUMA node 3
Rank 28: Node m07, CPU core 52, NUMA node 3
Rank 29: Node m07, CPU core 53, NUMA node 3
Rank 30: Node m07, CPU core 54, NUMA node 3
Rank 31: Node m07, CPU core 55, NUMA node 3
Rank 32: Node m07, CPU core 64, NUMA node 4
Rank 33: Node m07, CPU core 65, NUMA node 4
Rank 34: Node m07, CPU core 66, NUMA node 4
Rank 35: Node m07, CPU core 67, NUMA node 4
Rank 36: Node m07, CPU core 68, NUMA node 4
Rank 37: Node m07, CPU core 69, NUMA node 4
Rank 38: Node m07, CPU core 70, NUMA node 4
Rank 39: Node m07, CPU core 71, NUMA node 4
Rank 40: Node m07, CPU core 80, NUMA node 5
Rank 41: Node m07, CPU core 81, NUMA node 5
Rank 42: Node m07, CPU core 82, NUMA node 5
Rank 43: Node m07, CPU core 83, NUMA node 5
Rank 44: Node m07, CPU core 84, NUMA node 5
Rank 45: Node m07, CPU core 85, NUMA node 5
Rank 46: Node m07, CPU core 86, NUMA node 5
Rank 47: Node m07, CPU core 87, NUMA node 5
Rank 48: Node m07, CPU core 96, NUMA node 6
Rank 49: Node m07, CPU core 97, NUMA node 6
Rank 50: Node m07, CPU core 98, NUMA node 6
Rank 51: Node m07, CPU core 99, NUMA node 6
Rank 52: Node m07, CPU core 100, NUMA node 6
Rank 53: Node m07, CPU core 101, NUMA node 6
Rank 54: Node m07, CPU core 102, NUMA node 6
Rank 55: Node m07, CPU core 103, NUMA node 6
Rank 56: Node m07, CPU core 112, NUMA node 7
Rank 57: Node m07, CPU core 113, NUMA node 7
Rank 58: Node m07, CPU core 114, NUMA node 7
Rank 59: Node m07, CPU core 115, NUMA node 7
Rank 60: Node m07, CPU core 116, NUMA node 7
Rank 61: Node m07, CPU core 117, NUMA node 7
Rank 62: Node m07, CPU core 118, NUMA node 7
Rank 63: Node m07, CPU core 119, NUMA node 7
Rank 64: Node m08, CPU core 0, NUMA node 0
Rank 65: Node m08, CPU core 1, NUMA node 0
Rank 66: Node m08, CPU core 2, NUMA node 0
Rank 67: Node m08, CPU core 3, NUMA node 0
Rank 68: Node m08, CPU core 4, NUMA node 0
Rank 69: Node m08, CPU core 5, NUMA node 0
Rank 70: Node m08, CPU core 6, NUMA node 0
Rank 71: Node m08, CPU core 7, NUMA node 0
Rank 72: Node m08, CPU core 16, NUMA node 1
Rank 73: Node m08, CPU core 17, NUMA node 1
Rank 74: Node m08, CPU core 18, NUMA node 1
Rank 75: Node m08, CPU core 19, NUMA node 1
Rank 76: Node m08, CPU core 20, NUMA node 1
Rank 77: Node m08, CPU core 21, NUMA node 1
Rank 78: Node m08, CPU core 22, NUMA node 1
Rank 79: Node m08, CPU core 23, NUMA node 1
Rank 80: Node m08, CPU core 32, NUMA node 2
Rank 81: Node m08, CPU core 33, NUMA node 2
Rank 82: Node m08, CPU core 34, NUMA node 2
Rank 83: Node m08, CPU core 35, NUMA node 2
Rank 84: Node m08, CPU core 36, NUMA node 2
Rank 85: Node m08, CPU core 37, NUMA node 2
Rank 86: Node m08, CPU core 38, NUMA node 2
Rank 87: Node m08, CPU core 39, NUMA node 2
Rank 88: Node m08, CPU core 48, NUMA node 3
Rank 89: Node m08, CPU core 49, NUMA node 3
Rank 90: Node m08, CPU core 50, NUMA node 3
Rank 91: Node m08, CPU core 51, NUMA node 3
Rank 92: Node m08, CPU core 52, NUMA node 3
Rank 93: Node m08, CPU core 53, NUMA node 3
Rank 94: Node m08, CPU core 54, NUMA node 3
Rank 95: Node m08, CPU core 55, NUMA node 3
Rank 96: Node m08, CPU core 64, NUMA node 4
Rank 97: Node m08, CPU core 65, NUMA node 4
Rank 98: Node m08, CPU core 66, NUMA node 4
Rank 99: Node m08, CPU core 67, NUMA node 4
Rank 100: Node m08, CPU core 68, NUMA node 4
Rank 101: Node m08, CPU core 69, NUMA node 4
Rank 102: Node m08, CPU core 70, NUMA node 4
Rank 103: Node m08, CPU core 71, NUMA node 4
Rank 104: Node m08, CPU core 80, NUMA node 5
Rank 105: Node m08, CPU core 81, NUMA node 5
Rank 106: Node m08, CPU core 82, NUMA node 5
Rank 107: Node m08, CPU core 83, NUMA node 5
Rank 108: Node m08, CPU core 84, NUMA node 5
Rank 109: Node m08, CPU core 85, NUMA node 5
Rank 110: Node m08, CPU core 86, NUMA node 5
Rank 111: Node m08, CPU core 87, NUMA node 5
Rank 112: Node m08, CPU core 96, NUMA node 6
Rank 113: Node m08, CPU core 97, NUMA node 6
Rank 114: Node m08, CPU core 98, NUMA node 6
Rank 115: Node m08, CPU core 99, NUMA node 6
Rank 116: Node m08, CPU core 100, NUMA node 6
Rank 117: Node m08, CPU core 101, NUMA node 6
Rank 118: Node m08, CPU core 102, NUMA node 6
Rank 119: Node m08, CPU core 103, NUMA node 6
Rank 120: Node m08, CPU core 112, NUMA node 7
Rank 121: Node m08, CPU core 113, NUMA node 7
Rank 122: Node m08, CPU core 114, NUMA node 7
Rank 123: Node m08, CPU core 115, NUMA node 7
Rank 124: Node m08, CPU core 116, NUMA node 7
Rank 125: Node m08, CPU core 117, NUMA node 7
Rank 126: Node m08, CPU core 118, NUMA node 7
Rank 127: Node m08, CPU core 119, NUMA node 7

===== SUMMARY =====

----- NODE: m07 -----
CPU cores used: 0 1 2 3 4 5 6 7 16 17 18 19 20 21 22 23 32 33 34 35 36 37 38 39 48 49 50 51 52 53 54 55 64 65 66 67 68 69 70 71 80 81 82 83 84 85 86 87 96 97 98 99 100 101 102 103 112 113 114 115 116 117 118 119
NUMA nodes used: 0 1 2 3 4 5 6 7

----- NODE: m08 -----
CPU cores used: 0 1 2 3 4 5 6 7 16 17 18 19 20 21 22 23 32 33 34 35 36 37 38 39 48 49 50 51 52 53 54 55 64 65 66 67 68 69 70 71 80 81 82 83 84 85 86 87 96 97 98 99 100 101 102 103 112 113 114 115 116 117 118 119
NUMA nodes used: 0 1 2 3 4 5 6 7


 NAS Parallel Benchmarks 3.4 -- MG Benchmark

 No input file. Using compiled defaults
 Size: 2048x2048x2048  (class E)
 Iterations:   50
 Total number of processes:    128


 Initialization time:           6.141 seconds

  iter    1
  iter    5
  iter   10
  iter   15
  iter   20
  iter   25
  iter   30
  iter   35
  iter   40
  iter   45
  iter   50

 Benchmark completed
 VERIFICATION SUCCESSFUL
 L2 Norm is  0.5630442584623E-10
 Error is    0.1566921731553E-10


 MG Benchmark Completed.
 Class           =                        E
 Size            =           2048x2048x2048
 Iterations      =                       50
 Time in seconds =                   141.90
 Total processes =                      128
 Active processes=                      128
 Mop/s total     =                175548.54
 Mop/s/process   =                  1371.47
 Operation type  =           floating point
 Verification    =               SUCCESSFUL
 Version         =                    3.4.4
 Compile date    =              06 Apr 2026

 Compile options:
    MPIFC        = mpif90
    FLINK        = $(MPIFC)
    FMPI_LIB     = (none)
    FMPI_INC     = (none)
    FFLAGS       = -O3
    FLINKFLAGS   = $(FFLAGS)
    RAND         = randi8


 Please send feedbacks and/or the results of this run to:

 NPB Development Team
 Internet: npb@nas.nasa.gov




 NAS Parallel Benchmarks 3.4 -- MG Benchmark

 No input file. Using compiled defaults
 Size: 2048x2048x2048  (class E)
 Iterations:   50
 Total number of processes:    128


 Initialization time:           6.141 seconds

  iter    1
  iter    5
  iter   10
  iter   15
  iter   20
  iter   25
  iter   30
  iter   35
  iter   40
  iter   45
  iter   50

 Benchmark completed
 VERIFICATION SUCCESSFUL
 L2 Norm is  0.5630442584623E-10
 Error is    0.1566921731553E-10


 MG Benchmark Completed.
 Class           =                        E
 Size            =           2048x2048x2048
 Iterations      =                       50
 Time in seconds =                   141.66
 Total processes =                      128
 Active processes=                      128
 Mop/s total     =                175848.79
 Mop/s/process   =                  1373.82
 Operation type  =           floating point
 Verification    =               SUCCESSFUL
 Version         =                    3.4.4
 Compile date    =              06 Apr 2026

 Compile options:
    MPIFC        = mpif90
    FLINK        = $(MPIFC)
    FMPI_LIB     = (none)
    FMPI_INC     = (none)
    FFLAGS       = -O3
    FLINKFLAGS   = $(FFLAGS)
    RAND         = randi8


 Please send feedbacks and/or the results of this run to:

 NPB Development Team
 Internet: npb@nas.nasa.gov




 NAS Parallel Benchmarks 3.4 -- MG Benchmark

 No input file. Using compiled defaults
 Size: 2048x2048x2048  (class E)
 Iterations:   50
 Total number of processes:    128


 Initialization time:           6.154 seconds

  iter    1
  iter    5
  iter   10
  iter   15
  iter   20
  iter   25
  iter   30
  iter   35
  iter   40
  iter   45
  iter   50

 Benchmark completed
 VERIFICATION SUCCESSFUL
 L2 Norm is  0.5630442584623E-10
 Error is    0.1566921731553E-10


 MG Benchmark Completed.
 Class           =                        E
 Size            =           2048x2048x2048
 Iterations      =                       50
 Time in seconds =                   141.70
 Total processes =                      128
 Active processes=                      128
 Mop/s total     =                175793.97
 Mop/s/process   =                  1373.39
 Operation type  =           floating point
 Verification    =               SUCCESSFUL
 Version         =                    3.4.4
 Compile date    =              06 Apr 2026

 Compile options:
    MPIFC        = mpif90
    FLINK        = $(MPIFC)
    FMPI_LIB     = (none)
    FMPI_INC     = (none)
    FFLAGS       = -O3
    FLINKFLAGS   = $(FFLAGS)
    RAND         = randi8


 Please send feedbacks and/or the results of this run to:

 NPB Development Team
 Internet: npb@nas.nasa.gov


# RUN: --map-by ppr:4:L3cache --bind-to core mg.E.x
Rank 0: Node m07, CPU core 0, NUMA node 0
Rank 1: Node m07, CPU core 1, NUMA node 0
Rank 2: Node m07, CPU core 2, NUMA node 0
Rank 3: Node m07, CPU core 3, NUMA node 0
Rank 4: Node m07, CPU core 8, NUMA node 0
Rank 5: Node m07, CPU core 9, NUMA node 0
Rank 6: Node m07, CPU core 10, NUMA node 0
Rank 7: Node m07, CPU core 11, NUMA node 0
Rank 8: Node m07, CPU core 16, NUMA node 1
Rank 9: Node m07, CPU core 17, NUMA node 1
Rank 10: Node m07, CPU core 18, NUMA node 1
Rank 11: Node m07, CPU core 19, NUMA node 1
Rank 12: Node m07, CPU core 24, NUMA node 1
Rank 13: Node m07, CPU core 25, NUMA node 1
Rank 14: Node m07, CPU core 26, NUMA node 1
Rank 15: Node m07, CPU core 27, NUMA node 1
Rank 16: Node m07, CPU core 32, NUMA node 2
Rank 17: Node m07, CPU core 33, NUMA node 2
Rank 18: Node m07, CPU core 34, NUMA node 2
Rank 19: Node m07, CPU core 35, NUMA node 2
Rank 20: Node m07, CPU core 40, NUMA node 2
Rank 21: Node m07, CPU core 41, NUMA node 2
Rank 22: Node m07, CPU core 42, NUMA node 2
Rank 23: Node m07, CPU core 43, NUMA node 2
Rank 24: Node m07, CPU core 48, NUMA node 3
Rank 25: Node m07, CPU core 49, NUMA node 3
Rank 26: Node m07, CPU core 50, NUMA node 3
Rank 27: Node m07, CPU core 51, NUMA node 3
Rank 28: Node m07, CPU core 56, NUMA node 3
Rank 29: Node m07, CPU core 57, NUMA node 3
Rank 30: Node m07, CPU core 58, NUMA node 3
Rank 31: Node m07, CPU core 59, NUMA node 3
Rank 32: Node m07, CPU core 64, NUMA node 4
Rank 33: Node m07, CPU core 65, NUMA node 4
Rank 34: Node m07, CPU core 66, NUMA node 4
Rank 35: Node m07, CPU core 67, NUMA node 4
Rank 36: Node m07, CPU core 72, NUMA node 4
Rank 37: Node m07, CPU core 73, NUMA node 4
Rank 38: Node m07, CPU core 74, NUMA node 4
Rank 39: Node m07, CPU core 75, NUMA node 4
Rank 40: Node m07, CPU core 80, NUMA node 5
Rank 41: Node m07, CPU core 81, NUMA node 5
Rank 42: Node m07, CPU core 82, NUMA node 5
Rank 43: Node m07, CPU core 83, NUMA node 5
Rank 44: Node m07, CPU core 88, NUMA node 5
Rank 45: Node m07, CPU core 89, NUMA node 5
Rank 46: Node m07, CPU core 90, NUMA node 5
Rank 47: Node m07, CPU core 91, NUMA node 5
Rank 48: Node m07, CPU core 96, NUMA node 6
Rank 49: Node m07, CPU core 97, NUMA node 6
Rank 50: Node m07, CPU core 98, NUMA node 6
Rank 51: Node m07, CPU core 99, NUMA node 6
Rank 52: Node m07, CPU core 104, NUMA node 6
Rank 53: Node m07, CPU core 105, NUMA node 6
Rank 54: Node m07, CPU core 106, NUMA node 6
Rank 55: Node m07, CPU core 107, NUMA node 6
Rank 56: Node m07, CPU core 112, NUMA node 7
Rank 57: Node m07, CPU core 113, NUMA node 7
Rank 58: Node m07, CPU core 114, NUMA node 7
Rank 59: Node m07, CPU core 115, NUMA node 7
Rank 60: Node m07, CPU core 120, NUMA node 7
Rank 61: Node m07, CPU core 121, NUMA node 7
Rank 62: Node m07, CPU core 122, NUMA node 7
Rank 63: Node m07, CPU core 123, NUMA node 7
Rank 64: Node m08, CPU core 0, NUMA node 0
Rank 65: Node m08, CPU core 1, NUMA node 0
Rank 66: Node m08, CPU core 2, NUMA node 0
Rank 67: Node m08, CPU core 3, NUMA node 0
Rank 68: Node m08, CPU core 8, NUMA node 0
Rank 69: Node m08, CPU core 9, NUMA node 0
Rank 70: Node m08, CPU core 10, NUMA node 0
Rank 71: Node m08, CPU core 11, NUMA node 0
Rank 72: Node m08, CPU core 16, NUMA node 1
Rank 73: Node m08, CPU core 17, NUMA node 1
Rank 74: Node m08, CPU core 18, NUMA node 1
Rank 75: Node m08, CPU core 19, NUMA node 1
Rank 76: Node m08, CPU core 24, NUMA node 1
Rank 77: Node m08, CPU core 25, NUMA node 1
Rank 78: Node m08, CPU core 26, NUMA node 1
Rank 79: Node m08, CPU core 27, NUMA node 1
Rank 80: Node m08, CPU core 32, NUMA node 2
Rank 81: Node m08, CPU core 33, NUMA node 2
Rank 82: Node m08, CPU core 34, NUMA node 2
Rank 83: Node m08, CPU core 35, NUMA node 2
Rank 84: Node m08, CPU core 40, NUMA node 2
Rank 85: Node m08, CPU core 41, NUMA node 2
Rank 86: Node m08, CPU core 42, NUMA node 2
Rank 87: Node m08, CPU core 43, NUMA node 2
Rank 88: Node m08, CPU core 48, NUMA node 3
Rank 89: Node m08, CPU core 49, NUMA node 3
Rank 90: Node m08, CPU core 50, NUMA node 3
Rank 91: Node m08, CPU core 51, NUMA node 3
Rank 92: Node m08, CPU core 56, NUMA node 3
Rank 93: Node m08, CPU core 57, NUMA node 3
Rank 94: Node m08, CPU core 58, NUMA node 3
Rank 95: Node m08, CPU core 59, NUMA node 3
Rank 96: Node m08, CPU core 64, NUMA node 4
Rank 97: Node m08, CPU core 65, NUMA node 4
Rank 98: Node m08, CPU core 66, NUMA node 4
Rank 99: Node m08, CPU core 67, NUMA node 4
Rank 100: Node m08, CPU core 72, NUMA node 4
Rank 101: Node m08, CPU core 73, NUMA node 4
Rank 102: Node m08, CPU core 74, NUMA node 4
Rank 103: Node m08, CPU core 75, NUMA node 4
Rank 104: Node m08, CPU core 80, NUMA node 5
Rank 105: Node m08, CPU core 81, NUMA node 5
Rank 106: Node m08, CPU core 82, NUMA node 5
Rank 107: Node m08, CPU core 83, NUMA node 5
Rank 108: Node m08, CPU core 88, NUMA node 5
Rank 109: Node m08, CPU core 89, NUMA node 5
Rank 110: Node m08, CPU core 90, NUMA node 5
Rank 111: Node m08, CPU core 91, NUMA node 5
Rank 112: Node m08, CPU core 96, NUMA node 6
Rank 113: Node m08, CPU core 97, NUMA node 6
Rank 114: Node m08, CPU core 98, NUMA node 6
Rank 115: Node m08, CPU core 99, NUMA node 6
Rank 116: Node m08, CPU core 104, NUMA node 6
Rank 117: Node m08, CPU core 105, NUMA node 6
Rank 118: Node m08, CPU core 106, NUMA node 6
Rank 119: Node m08, CPU core 107, NUMA node 6
Rank 120: Node m08, CPU core 112, NUMA node 7
Rank 121: Node m08, CPU core 113, NUMA node 7
Rank 122: Node m08, CPU core 114, NUMA node 7
Rank 123: Node m08, CPU core 115, NUMA node 7
Rank 124: Node m08, CPU core 120, NUMA node 7
Rank 125: Node m08, CPU core 121, NUMA node 7
Rank 126: Node m08, CPU core 122, NUMA node 7
Rank 127: Node m08, CPU core 123, NUMA node 7

===== SUMMARY =====

----- NODE: m07 -----
CPU cores used: 0 1 2 3 8 9 10 11 16 17 18 19 24 25 26 27 32 33 34 35 40 41 42 43 48 49 50 51 56 57 58 59 64 65 66 67 72 73 74 75 80 81 82 83 88 89 90 91 96 97 98 99 104 105 106 107 112 113 114 115 120 121 122 123
NUMA nodes used: 0 1 2 3 4 5 6 7

----- NODE: m08 -----
CPU cores used: 0 1 2 3 8 9 10 11 16 17 18 19 24 25 26 27 32 33 34 35 40 41 42 43 48 49 50 51 56 57 58 59 64 65 66 67 72 73 74 75 80 81 82 83 88 89 90 91 96 97 98 99 104 105 106 107 112 113 114 115 120 121 122 123
NUMA nodes used: 0 1 2 3 4 5 6 7


 NAS Parallel Benchmarks 3.4 -- MG Benchmark

 No input file. Using compiled defaults
 Size: 2048x2048x2048  (class E)
 Iterations:   50
 Total number of processes:    128


 Initialization time:           5.324 seconds

  iter    1
  iter    5
  iter   10
  iter   15
  iter   20
  iter   25
  iter   30
  iter   35
  iter   40
  iter   45
  iter   50

 Benchmark completed
 VERIFICATION SUCCESSFUL
 L2 Norm is  0.5630442584623E-10
 Error is    0.1566921731553E-10


 MG Benchmark Completed.
 Class           =                        E
 Size            =           2048x2048x2048
 Iterations      =                       50
 Time in seconds =                   114.85
 Total processes =                      128
 Active processes=                      128
 Mop/s total     =                216902.68
 Mop/s/process   =                  1694.55
 Operation type  =           floating point
 Verification    =               SUCCESSFUL
 Version         =                    3.4.4
 Compile date    =              06 Apr 2026

 Compile options:
    MPIFC        = mpif90
    FLINK        = $(MPIFC)
    FMPI_LIB     = (none)
    FMPI_INC     = (none)
    FFLAGS       = -O3
    FLINKFLAGS   = $(FFLAGS)
    RAND         = randi8


 Please send feedbacks and/or the results of this run to:

 NPB Development Team
 Internet: npb@nas.nasa.gov




 NAS Parallel Benchmarks 3.4 -- MG Benchmark

 No input file. Using compiled defaults
 Size: 2048x2048x2048  (class E)
 Iterations:   50
 Total number of processes:    128


 Initialization time:           5.349 seconds

  iter    1
  iter    5
  iter   10
  iter   15
  iter   20
  iter   25
  iter   30
  iter   35
  iter   40
  iter   45
  iter   50

 Benchmark completed
 VERIFICATION SUCCESSFUL
 L2 Norm is  0.5630442584623E-10
 Error is    0.1566921731553E-10


 MG Benchmark Completed.
 Class           =                        E
 Size            =           2048x2048x2048
 Iterations      =                       50
 Time in seconds =                   114.93
 Total processes =                      128
 Active processes=                      128
 Mop/s total     =                216755.20
 Mop/s/process   =                  1693.40
 Operation type  =           floating point
 Verification    =               SUCCESSFUL
 Version         =                    3.4.4
 Compile date    =              06 Apr 2026

 Compile options:
    MPIFC        = mpif90
    FLINK        = $(MPIFC)
    FMPI_LIB     = (none)
    FMPI_INC     = (none)
    FFLAGS       = -O3
    FLINKFLAGS   = $(FFLAGS)
    RAND         = randi8


 Please send feedbacks and/or the results of this run to:

 NPB Development Team
 Internet: npb@nas.nasa.gov




 NAS Parallel Benchmarks 3.4 -- MG Benchmark

 No input file. Using compiled defaults
 Size: 2048x2048x2048  (class E)
 Iterations:   50
 Total number of processes:    128


 Initialization time:           5.378 seconds

  iter    1
  iter    5
  iter   10
  iter   15
  iter   20
  iter   25
  iter   30
  iter   35
  iter   40
  iter   45
  iter   50

 Benchmark completed
 VERIFICATION SUCCESSFUL
 L2 Norm is  0.5630442584623E-10
 Error is    0.1566921731553E-10


 MG Benchmark Completed.
 Class           =                        E
 Size            =           2048x2048x2048
 Iterations      =                       50
 Time in seconds =                   114.87
 Total processes =                      128
 Active processes=                      128
 Mop/s total     =                216858.51
 Mop/s/process   =                  1694.21
 Operation type  =           floating point
 Verification    =               SUCCESSFUL
 Version         =                    3.4.4
 Compile date    =              06 Apr 2026

 Compile options:
    MPIFC        = mpif90
    FLINK        = $(MPIFC)
    FMPI_LIB     = (none)
    FMPI_INC     = (none)
    FFLAGS       = -O3
    FLINKFLAGS   = $(FFLAGS)
    RAND         = randi8


 Please send feedbacks and/or the results of this run to:

 NPB Development Team
 Internet: npb@nas.nasa.gov


# RUN: --map-by node -N 64 --bind-to core mg.E.x
Rank 0: Node m07, CPU core 0, NUMA node 0
Rank 2: Node m07, CPU core 1, NUMA node 0
Rank 1: Node m08, CPU core 0, NUMA node 0
Rank 4: Node m07, CPU core 2, NUMA node 0
Rank 3: Node m08, CPU core 1, NUMA node 0
Rank 6: Node m07, CPU core 3, NUMA node 0
Rank 8: Node m07, CPU core 4, NUMA node 0
Rank 5: Node m08, CPU core 2, NUMA node 0
Rank 10: Node m07, CPU core 5, NUMA node 0
Rank 7: Node m08, CPU core 3, NUMA node 0
Rank 12: Node m07, CPU core 6, NUMA node 0
Rank 9: Node m08, CPU core 4, NUMA node 0
Rank 14: Node m07, CPU core 7, NUMA node 0
Rank 11: Node m08, CPU core 5, NUMA node 0
Rank 13: Node m08, CPU core 6, NUMA node 0
Rank 15: Node m08, CPU core 7, NUMA node 0
Rank 16: Node m07, CPU core 8, NUMA node 0
Rank 18: Node m07, CPU core 9, NUMA node 0
Rank 20: Node m07, CPU core 10, NUMA node 0
Rank 22: Node m07, CPU core 11, NUMA node 0
Rank 17: Node m08, CPU core 8, NUMA node 0
Rank 19: Node m08, CPU core 9, NUMA node 0
Rank 21: Node m08, CPU core 10, NUMA node 0
Rank 24: Node m07, CPU core 12, NUMA node 0
Rank 26: Node m07, CPU core 13, NUMA node 0
Rank 23: Node m08, CPU core 11, NUMA node 0
Rank 28: Node m07, CPU core 14, NUMA node 0
Rank 25: Node m08, CPU core 12, NUMA node 0
Rank 27: Node m08, CPU core 13, NUMA node 0
Rank 30: Node m07, CPU core 15, NUMA node 0
Rank 32: Node m07, CPU core 16, NUMA node 1
Rank 29: Node m08, CPU core 14, NUMA node 0
Rank 34: Node m07, CPU core 17, NUMA node 1
Rank 31: Node m08, CPU core 15, NUMA node 0
Rank 36: Node m07, CPU core 18, NUMA node 1
Rank 33: Node m08, CPU core 16, NUMA node 1
Rank 38: Node m07, CPU core 19, NUMA node 1
Rank 35: Node m08, CPU core 17, NUMA node 1
Rank 37: Node m08, CPU core 18, NUMA node 1
Rank 40: Node m07, CPU core 20, NUMA node 1
Rank 39: Node m08, CPU core 19, NUMA node 1
Rank 42: Node m07, CPU core 21, NUMA node 1
Rank 44: Node m07, CPU core 22, NUMA node 1
Rank 41: Node m08, CPU core 20, NUMA node 1
Rank 46: Node m07, CPU core 23, NUMA node 1
Rank 43: Node m08, CPU core 21, NUMA node 1
Rank 48: Node m07, CPU core 24, NUMA node 1
Rank 45: Node m08, CPU core 22, NUMA node 1
Rank 50: Node m07, CPU core 25, NUMA node 1
Rank 47: Node m08, CPU core 23, NUMA node 1
Rank 52: Node m07, CPU core 26, NUMA node 1
Rank 49: Node m08, CPU core 24, NUMA node 1
Rank 54: Node m07, CPU core 27, NUMA node 1
Rank 51: Node m08, CPU core 25, NUMA node 1
Rank 56: Node m07, CPU core 28, NUMA node 1
Rank 53: Node m08, CPU core 26, NUMA node 1
Rank 58: Node m07, CPU core 29, NUMA node 1
Rank 55: Node m08, CPU core 27, NUMA node 1
Rank 60: Node m07, CPU core 30, NUMA node 1
Rank 57: Node m08, CPU core 28, NUMA node 1
Rank 62: Node m07, CPU core 31, NUMA node 1
Rank 59: Node m08, CPU core 29, NUMA node 1
Rank 64: Node m07, CPU core 32, NUMA node 2
Rank 61: Node m08, CPU core 30, NUMA node 1
Rank 63: Node m08, CPU core 31, NUMA node 1
Rank 66: Node m07, CPU core 33, NUMA node 2
Rank 68: Node m07, CPU core 34, NUMA node 2
Rank 65: Node m08, CPU core 32, NUMA node 2
Rank 70: Node m07, CPU core 35, NUMA node 2
Rank 67: Node m08, CPU core 33, NUMA node 2
Rank 72: Node m07, CPU core 36, NUMA node 2
Rank 69: Node m08, CPU core 34, NUMA node 2
Rank 71: Node m08, CPU core 35, NUMA node 2
Rank 74: Node m07, CPU core 37, NUMA node 2
Rank 76: Node m07, CPU core 38, NUMA node 2
Rank 73: Node m08, CPU core 36, NUMA node 2
Rank 78: Node m07, CPU core 39, NUMA node 2
Rank 75: Node m08, CPU core 37, NUMA node 2
Rank 80: Node m07, CPU core 40, NUMA node 2
Rank 77: Node m08, CPU core 38, NUMA node 2
Rank 82: Node m07, CPU core 41, NUMA node 2
Rank 79: Node m08, CPU core 39, NUMA node 2
Rank 84: Node m07, CPU core 42, NUMA node 2
Rank 81: Node m08, CPU core 40, NUMA node 2
Rank 86: Node m07, CPU core 43, NUMA node 2
Rank 83: Node m08, CPU core 41, NUMA node 2
Rank 88: Node m07, CPU core 44, NUMA node 2
Rank 85: Node m08, CPU core 42, NUMA node 2
Rank 87: Node m08, CPU core 43, NUMA node 2
Rank 90: Node m07, CPU core 45, NUMA node 2
Rank 89: Node m08, CPU core 44, NUMA node 2
Rank 92: Node m07, CPU core 46, NUMA node 2
Rank 91: Node m08, CPU core 45, NUMA node 2
Rank 94: Node m07, CPU core 47, NUMA node 2
Rank 96: Node m07, CPU core 48, NUMA node 3
Rank 93: Node m08, CPU core 46, NUMA node 2
Rank 98: Node m07, CPU core 49, NUMA node 3
Rank 95: Node m08, CPU core 47, NUMA node 2
Rank 97: Node m08, CPU core 48, NUMA node 3
Rank 100: Node m07, CPU core 50, NUMA node 3
Rank 99: Node m08, CPU core 49, NUMA node 3
Rank 102: Node m07, CPU core 51, NUMA node 3
Rank 101: Node m08, CPU core 50, NUMA node 3
Rank 104: Node m07, CPU core 52, NUMA node 3
Rank 103: Node m08, CPU core 51, NUMA node 3
Rank 106: Node m07, CPU core 53, NUMA node 3
Rank 108: Node m07, CPU core 54, NUMA node 3
Rank 105: Node m08, CPU core 52, NUMA node 3
Rank 110: Node m07, CPU core 55, NUMA node 3
Rank 107: Node m08, CPU core 53, NUMA node 3
Rank 112: Node m07, CPU core 56, NUMA node 3
Rank 109: Node m08, CPU core 54, NUMA node 3
Rank 114: Node m07, CPU core 57, NUMA node 3
Rank 111: Node m08, CPU core 55, NUMA node 3
Rank 116: Node m07, CPU core 58, NUMA node 3
Rank 113: Node m08, CPU core 56, NUMA node 3
Rank 118: Node m07, CPU core 59, NUMA node 3
Rank 115: Node m08, CPU core 57, NUMA node 3
Rank 120: Node m07, CPU core 60, NUMA node 3
Rank 117: Node m08, CPU core 58, NUMA node 3
Rank 122: Node m07, CPU core 61, NUMA node 3
Rank 119: Node m08, CPU core 59, NUMA node 3
Rank 121: Node m08, CPU core 60, NUMA node 3
Rank 124: Node m07, CPU core 62, NUMA node 3
Rank 123: Node m08, CPU core 61, NUMA node 3
Rank 126: Node m07, CPU core 63, NUMA node 3
Rank 125: Node m08, CPU core 62, NUMA node 3
Rank 127: Node m08, CPU core 63, NUMA node 3

===== SUMMARY =====

----- NODE: m07 -----
CPU cores used: 0 1 2 3 4 5 6 7 8 9 10 11 12 13 14 15 16 17 18 19 20 21 22 23 24 25 26 27 28 29 30 31 32 33 34 35 36 37 38 39 40 41 42 43 44 45 46 47 48 49 50 51 52 53 54 55 56 57 58 59 60 61 62 63
NUMA nodes used: 0 1 2 3

----- NODE: m08 -----
CPU cores used: 0 1 2 3 4 5 6 7 8 9 10 11 12 13 14 15 16 17 18 19 20 21 22 23 24 25 26 27 28 29 30 31 32 33 34 35 36 37 38 39 40 41 42 43 44 45 46 47 48 49 50 51 52 53 54 55 56 57 58 59 60 61 62 63
NUMA nodes used: 0 1 2 3


 NAS Parallel Benchmarks 3.4 -- MG Benchmark

 No input file. Using compiled defaults
 Size: 2048x2048x2048  (class E)
 Iterations:   50
 Total number of processes:    128


 Initialization time:          11.885 seconds

  iter    1
  iter    5
  iter   10
  iter   15
  iter   20
  iter   25
  iter   30
  iter   35
  iter   40
  iter   45
  iter   50

 Benchmark completed
 VERIFICATION SUCCESSFUL
 L2 Norm is  0.5630442584623E-10
 Error is    0.1566921731553E-10


 MG Benchmark Completed.
 Class           =                        E
 Size            =           2048x2048x2048
 Iterations      =                       50
 Time in seconds =                   274.73
 Total processes =                      128
 Active processes=                      128
 Mop/s total     =                 90672.62
 Mop/s/process   =                   708.38
 Operation type  =           floating point
 Verification    =               SUCCESSFUL
 Version         =                    3.4.4
 Compile date    =              06 Apr 2026

 Compile options:
    MPIFC        = mpif90
    FLINK        = $(MPIFC)
    FMPI_LIB     = (none)
    FMPI_INC     = (none)
    FFLAGS       = -O3
    FLINKFLAGS   = $(FFLAGS)
    RAND         = randi8


 Please send feedbacks and/or the results of this run to:

 NPB Development Team
 Internet: npb@nas.nasa.gov




 NAS Parallel Benchmarks 3.4 -- MG Benchmark

 No input file. Using compiled defaults
 Size: 2048x2048x2048  (class E)
 Iterations:   50
 Total number of processes:    128


 Initialization time:          11.944 seconds

  iter    1
  iter    5
  iter   10
  iter   15
  iter   20
  iter   25
  iter   30
  iter   35
  iter   40
  iter   45
  iter   50

 Benchmark completed
 VERIFICATION SUCCESSFUL
 L2 Norm is  0.5630442584623E-10
 Error is    0.1566921731553E-10


 MG Benchmark Completed.
 Class           =                        E
 Size            =           2048x2048x2048
 Iterations      =                       50
 Time in seconds =                   274.31
 Total processes =                      128
 Active processes=                      128
 Mop/s total     =                 90813.32
 Mop/s/process   =                   709.48
 Operation type  =           floating point
 Verification    =               SUCCESSFUL
 Version         =                    3.4.4
 Compile date    =              06 Apr 2026

 Compile options:
    MPIFC        = mpif90
    FLINK        = $(MPIFC)
    FMPI_LIB     = (none)
    FMPI_INC     = (none)
    FFLAGS       = -O3
    FLINKFLAGS   = $(FFLAGS)
    RAND         = randi8


 Please send feedbacks and/or the results of this run to:

 NPB Development Team
 Internet: npb@nas.nasa.gov




 NAS Parallel Benchmarks 3.4 -- MG Benchmark

 No input file. Using compiled defaults
 Size: 2048x2048x2048  (class E)
 Iterations:   50
 Total number of processes:    128


 Initialization time:          11.981 seconds

  iter    1
  iter    5
  iter   10
  iter   15
  iter   20
  iter   25
  iter   30
  iter   35
  iter   40
  iter   45
  iter   50

 Benchmark completed
 VERIFICATION SUCCESSFUL
 L2 Norm is  0.5630442584623E-10
 Error is    0.1566921731553E-10


 MG Benchmark Completed.
 Class           =                        E
 Size            =           2048x2048x2048
 Iterations      =                       50
 Time in seconds =                   273.95
 Total processes =                      128
 Active processes=                      128
 Mop/s total     =                 90931.80
 Mop/s/process   =                   710.40
 Operation type  =           floating point
 Verification    =               SUCCESSFUL
 Version         =                    3.4.4
 Compile date    =              06 Apr 2026

 Compile options:
    MPIFC        = mpif90
    FLINK        = $(MPIFC)
    FMPI_LIB     = (none)
    FMPI_INC     = (none)
    FFLAGS       = -O3
    FLINKFLAGS   = $(FFLAGS)
    RAND         = randi8


 Please send feedbacks and/or the results of this run to:

 NPB Development Team
 Internet: npb@nas.nasa.gov


# RUN: --map-by socket -N 64 --bind-to core mg.E.x
Rank 0: Node m07, CPU core 0, NUMA node 0
Rank 1: Node m07, CPU core 64, NUMA node 4
Rank 2: Node m07, CPU core 1, NUMA node 0
Rank 3: Node m07, CPU core 65, NUMA node 4
Rank 4: Node m07, CPU core 2, NUMA node 0
Rank 5: Node m07, CPU core 66, NUMA node 4
Rank 6: Node m07, CPU core 3, NUMA node 0
Rank 7: Node m07, CPU core 67, NUMA node 4
Rank 8: Node m07, CPU core 4, NUMA node 0
Rank 9: Node m07, CPU core 68, NUMA node 4
Rank 10: Node m07, CPU core 5, NUMA node 0
Rank 11: Node m07, CPU core 69, NUMA node 4
Rank 12: Node m07, CPU core 6, NUMA node 0
Rank 13: Node m07, CPU core 70, NUMA node 4
Rank 14: Node m07, CPU core 7, NUMA node 0
Rank 15: Node m07, CPU core 71, NUMA node 4
Rank 16: Node m07, CPU core 8, NUMA node 0
Rank 17: Node m07, CPU core 72, NUMA node 4
Rank 18: Node m07, CPU core 9, NUMA node 0
Rank 19: Node m07, CPU core 73, NUMA node 4
Rank 20: Node m07, CPU core 10, NUMA node 0
Rank 21: Node m07, CPU core 74, NUMA node 4
Rank 22: Node m07, CPU core 11, NUMA node 0
Rank 23: Node m07, CPU core 75, NUMA node 4
Rank 24: Node m07, CPU core 12, NUMA node 0
Rank 25: Node m07, CPU core 76, NUMA node 4
Rank 26: Node m07, CPU core 13, NUMA node 0
Rank 27: Node m07, CPU core 77, NUMA node 4
Rank 28: Node m07, CPU core 14, NUMA node 0
Rank 29: Node m07, CPU core 78, NUMA node 4
Rank 30: Node m07, CPU core 15, NUMA node 0
Rank 31: Node m07, CPU core 79, NUMA node 4
Rank 32: Node m07, CPU core 16, NUMA node 1
Rank 33: Node m07, CPU core 80, NUMA node 5
Rank 34: Node m07, CPU core 17, NUMA node 1
Rank 35: Node m07, CPU core 81, NUMA node 5
Rank 36: Node m07, CPU core 18, NUMA node 1
Rank 37: Node m07, CPU core 82, NUMA node 5
Rank 38: Node m07, CPU core 19, NUMA node 1
Rank 39: Node m07, CPU core 83, NUMA node 5
Rank 40: Node m07, CPU core 20, NUMA node 1
Rank 41: Node m07, CPU core 84, NUMA node 5
Rank 42: Node m07, CPU core 21, NUMA node 1
Rank 43: Node m07, CPU core 85, NUMA node 5
Rank 44: Node m07, CPU core 22, NUMA node 1
Rank 45: Node m07, CPU core 86, NUMA node 5
Rank 46: Node m07, CPU core 23, NUMA node 1
Rank 47: Node m07, CPU core 87, NUMA node 5
Rank 48: Node m07, CPU core 24, NUMA node 1
Rank 49: Node m07, CPU core 88, NUMA node 5
Rank 50: Node m07, CPU core 25, NUMA node 1
Rank 51: Node m07, CPU core 89, NUMA node 5
Rank 52: Node m07, CPU core 26, NUMA node 1
Rank 53: Node m07, CPU core 90, NUMA node 5
Rank 54: Node m07, CPU core 27, NUMA node 1
Rank 55: Node m07, CPU core 91, NUMA node 5
Rank 56: Node m07, CPU core 28, NUMA node 1
Rank 57: Node m07, CPU core 92, NUMA node 5
Rank 58: Node m07, CPU core 29, NUMA node 1
Rank 59: Node m07, CPU core 93, NUMA node 5
Rank 60: Node m07, CPU core 30, NUMA node 1
Rank 61: Node m07, CPU core 94, NUMA node 5
Rank 62: Node m07, CPU core 31, NUMA node 1
Rank 63: Node m07, CPU core 95, NUMA node 5
Rank 64: Node m08, CPU core 0, NUMA node 0
Rank 65: Node m08, CPU core 64, NUMA node 4
Rank 66: Node m08, CPU core 1, NUMA node 0
Rank 67: Node m08, CPU core 65, NUMA node 4
Rank 68: Node m08, CPU core 2, NUMA node 0
Rank 69: Node m08, CPU core 66, NUMA node 4
Rank 70: Node m08, CPU core 3, NUMA node 0
Rank 71: Node m08, CPU core 67, NUMA node 4
Rank 72: Node m08, CPU core 4, NUMA node 0
Rank 73: Node m08, CPU core 68, NUMA node 4
Rank 74: Node m08, CPU core 5, NUMA node 0
Rank 75: Node m08, CPU core 69, NUMA node 4
Rank 76: Node m08, CPU core 6, NUMA node 0
Rank 77: Node m08, CPU core 70, NUMA node 4
Rank 78: Node m08, CPU core 7, NUMA node 0
Rank 79: Node m08, CPU core 71, NUMA node 4
Rank 80: Node m08, CPU core 8, NUMA node 0
Rank 81: Node m08, CPU core 72, NUMA node 4
Rank 82: Node m08, CPU core 9, NUMA node 0
Rank 83: Node m08, CPU core 73, NUMA node 4
Rank 84: Node m08, CPU core 10, NUMA node 0
Rank 85: Node m08, CPU core 74, NUMA node 4
Rank 86: Node m08, CPU core 11, NUMA node 0
Rank 87: Node m08, CPU core 75, NUMA node 4
Rank 88: Node m08, CPU core 12, NUMA node 0
Rank 89: Node m08, CPU core 76, NUMA node 4
Rank 90: Node m08, CPU core 13, NUMA node 0
Rank 91: Node m08, CPU core 77, NUMA node 4
Rank 92: Node m08, CPU core 14, NUMA node 0
Rank 93: Node m08, CPU core 78, NUMA node 4
Rank 94: Node m08, CPU core 15, NUMA node 0
Rank 95: Node m08, CPU core 79, NUMA node 4
Rank 96: Node m08, CPU core 16, NUMA node 1
Rank 97: Node m08, CPU core 80, NUMA node 5
Rank 98: Node m08, CPU core 17, NUMA node 1
Rank 99: Node m08, CPU core 81, NUMA node 5
Rank 100: Node m08, CPU core 18, NUMA node 1
Rank 101: Node m08, CPU core 82, NUMA node 5
Rank 102: Node m08, CPU core 19, NUMA node 1
Rank 103: Node m08, CPU core 83, NUMA node 5
Rank 104: Node m08, CPU core 20, NUMA node 1
Rank 105: Node m08, CPU core 84, NUMA node 5
Rank 106: Node m08, CPU core 21, NUMA node 1
Rank 107: Node m08, CPU core 85, NUMA node 5
Rank 108: Node m08, CPU core 22, NUMA node 1
Rank 109: Node m08, CPU core 86, NUMA node 5
Rank 110: Node m08, CPU core 23, NUMA node 1
Rank 111: Node m08, CPU core 87, NUMA node 5
Rank 112: Node m08, CPU core 24, NUMA node 1
Rank 113: Node m08, CPU core 88, NUMA node 5
Rank 114: Node m08, CPU core 25, NUMA node 1
Rank 115: Node m08, CPU core 89, NUMA node 5
Rank 116: Node m08, CPU core 26, NUMA node 1
Rank 117: Node m08, CPU core 90, NUMA node 5
Rank 118: Node m08, CPU core 27, NUMA node 1
Rank 119: Node m08, CPU core 91, NUMA node 5
Rank 120: Node m08, CPU core 28, NUMA node 1
Rank 121: Node m08, CPU core 92, NUMA node 5
Rank 122: Node m08, CPU core 29, NUMA node 1
Rank 123: Node m08, CPU core 93, NUMA node 5
Rank 124: Node m08, CPU core 30, NUMA node 1
Rank 125: Node m08, CPU core 94, NUMA node 5
Rank 126: Node m08, CPU core 31, NUMA node 1
Rank 127: Node m08, CPU core 95, NUMA node 5

===== SUMMARY =====

----- NODE: m07 -----
CPU cores used: 0 64 1 65 2 66 3 67 4 68 5 69 6 70 7 71 8 72 9 73 10 74 11 75 12 76 13 77 14 78 15 79 16 80 17 81 18 82 19 83 20 84 21 85 22 86 23 87 24 88 25 89 26 90 27 91 28 92 29 93 30 94 31 95
NUMA nodes used: 0 1 4 5

----- NODE: m08 -----
CPU cores used: 0 64 1 65 2 66 3 67 4 68 5 69 6 70 7 71 8 72 9 73 10 74 11 75 12 76 13 77 14 78 15 79 16 80 17 81 18 82 19 83 20 84 21 85 22 86 23 87 24 88 25 89 26 90 27 91 28 92 29 93 30 94 31 95
NUMA nodes used: 0 1 4 5


 NAS Parallel Benchmarks 3.4 -- MG Benchmark

 No input file. Using compiled defaults
 Size: 2048x2048x2048  (class E)
 Iterations:   50
 Total number of processes:    128


 Initialization time:          11.454 seconds

  iter    1
  iter    5
  iter   10
  iter   15
  iter   20
  iter   25
  iter   30
  iter   35
  iter   40
  iter   45
  iter   50

 Benchmark completed
 VERIFICATION SUCCESSFUL
 L2 Norm is  0.5630442584623E-10
 Error is    0.1566921731553E-10


 MG Benchmark Completed.
 Class           =                        E
 Size            =           2048x2048x2048
 Iterations      =                       50
 Time in seconds =                   259.30
 Total processes =                      128
 Active processes=                      128
 Mop/s total     =                 96070.80
 Mop/s/process   =                   750.55
 Operation type  =           floating point
 Verification    =               SUCCESSFUL
 Version         =                    3.4.4
 Compile date    =              06 Apr 2026

 Compile options:
    MPIFC        = mpif90
    FLINK        = $(MPIFC)
    FMPI_LIB     = (none)
    FMPI_INC     = (none)
    FFLAGS       = -O3
    FLINKFLAGS   = $(FFLAGS)
    RAND         = randi8


 Please send feedbacks and/or the results of this run to:

 NPB Development Team
 Internet: npb@nas.nasa.gov




 NAS Parallel Benchmarks 3.4 -- MG Benchmark

 No input file. Using compiled defaults
 Size: 2048x2048x2048  (class E)
 Iterations:   50
 Total number of processes:    128


 Initialization time:          11.458 seconds

  iter    1
  iter    5
  iter   10
  iter   15
  iter   20
  iter   25
  iter   30
  iter   35
  iter   40
  iter   45
  iter   50

 Benchmark completed
 VERIFICATION SUCCESSFUL
 L2 Norm is  0.5630442584623E-10
 Error is    0.1566921731553E-10


 MG Benchmark Completed.
 Class           =                        E
 Size            =           2048x2048x2048
 Iterations      =                       50
 Time in seconds =                   259.23
 Total processes =                      128
 Active processes=                      128
 Mop/s total     =                 96096.19
 Mop/s/process   =                   750.75
 Operation type  =           floating point
 Verification    =               SUCCESSFUL
 Version         =                    3.4.4
 Compile date    =              06 Apr 2026

 Compile options:
    MPIFC        = mpif90
    FLINK        = $(MPIFC)
    FMPI_LIB     = (none)
    FMPI_INC     = (none)
    FFLAGS       = -O3
    FLINKFLAGS   = $(FFLAGS)
    RAND         = randi8


 Please send feedbacks and/or the results of this run to:

 NPB Development Team
 Internet: npb@nas.nasa.gov




 NAS Parallel Benchmarks 3.4 -- MG Benchmark

 No input file. Using compiled defaults
 Size: 2048x2048x2048  (class E)
 Iterations:   50
 Total number of processes:    128


 Initialization time:          11.465 seconds

  iter    1
  iter    5
  iter   10
  iter   15
  iter   20
  iter   25
  iter   30
  iter   35
  iter   40
  iter   45
  iter   50

 Benchmark completed
 VERIFICATION SUCCESSFUL
 L2 Norm is  0.5630442584623E-10
 Error is    0.1566921731553E-10


 MG Benchmark Completed.
 Class           =                        E
 Size            =           2048x2048x2048
 Iterations      =                       50
 Time in seconds =                   259.18
 Total processes =                      128
 Active processes=                      128
 Mop/s total     =                 96114.99
 Mop/s/process   =                   750.90
 Operation type  =           floating point
 Verification    =               SUCCESSFUL
 Version         =                    3.4.4
 Compile date    =              06 Apr 2026

 Compile options:
    MPIFC        = mpif90
    FLINK        = $(MPIFC)
    FMPI_LIB     = (none)
    FMPI_INC     = (none)
    FFLAGS       = -O3
    FLINKFLAGS   = $(FFLAGS)
    RAND         = randi8


 Please send feedbacks and/or the results of this run to:

 NPB Development Team
 Internet: npb@nas.nasa.gov


# RUN: --map-by numa -N 64 --bind-to core mg.E.x
Rank 0: Node m07, CPU core 0, NUMA node 0
Rank 1: Node m07, CPU core 16, NUMA node 1
Rank 2: Node m07, CPU core 32, NUMA node 2
Rank 3: Node m07, CPU core 48, NUMA node 3
Rank 4: Node m07, CPU core 64, NUMA node 4
Rank 5: Node m07, CPU core 80, NUMA node 5
Rank 6: Node m07, CPU core 96, NUMA node 6
Rank 7: Node m07, CPU core 112, NUMA node 7
Rank 8: Node m07, CPU core 1, NUMA node 0
Rank 9: Node m07, CPU core 17, NUMA node 1
Rank 10: Node m07, CPU core 33, NUMA node 2
Rank 11: Node m07, CPU core 49, NUMA node 3
Rank 12: Node m07, CPU core 65, NUMA node 4
Rank 13: Node m07, CPU core 81, NUMA node 5
Rank 14: Node m07, CPU core 97, NUMA node 6
Rank 15: Node m07, CPU core 113, NUMA node 7
Rank 16: Node m07, CPU core 2, NUMA node 0
Rank 17: Node m07, CPU core 18, NUMA node 1
Rank 18: Node m07, CPU core 34, NUMA node 2
Rank 19: Node m07, CPU core 50, NUMA node 3
Rank 20: Node m07, CPU core 66, NUMA node 4
Rank 21: Node m07, CPU core 82, NUMA node 5
Rank 22: Node m07, CPU core 98, NUMA node 6
Rank 23: Node m07, CPU core 114, NUMA node 7
Rank 24: Node m07, CPU core 3, NUMA node 0
Rank 25: Node m07, CPU core 19, NUMA node 1
Rank 26: Node m07, CPU core 35, NUMA node 2
Rank 27: Node m07, CPU core 51, NUMA node 3
Rank 28: Node m07, CPU core 67, NUMA node 4
Rank 29: Node m07, CPU core 83, NUMA node 5
Rank 30: Node m07, CPU core 99, NUMA node 6
Rank 31: Node m07, CPU core 115, NUMA node 7
Rank 32: Node m07, CPU core 4, NUMA node 0
Rank 33: Node m07, CPU core 20, NUMA node 1
Rank 34: Node m07, CPU core 36, NUMA node 2
Rank 35: Node m07, CPU core 52, NUMA node 3
Rank 36: Node m07, CPU core 68, NUMA node 4
Rank 37: Node m07, CPU core 84, NUMA node 5
Rank 38: Node m07, CPU core 100, NUMA node 6
Rank 39: Node m07, CPU core 116, NUMA node 7
Rank 40: Node m07, CPU core 5, NUMA node 0
Rank 41: Node m07, CPU core 21, NUMA node 1
Rank 42: Node m07, CPU core 37, NUMA node 2
Rank 43: Node m07, CPU core 53, NUMA node 3
Rank 44: Node m07, CPU core 69, NUMA node 4
Rank 45: Node m07, CPU core 85, NUMA node 5
Rank 46: Node m07, CPU core 101, NUMA node 6
Rank 47: Node m07, CPU core 117, NUMA node 7
Rank 48: Node m07, CPU core 6, NUMA node 0
Rank 49: Node m07, CPU core 22, NUMA node 1
Rank 50: Node m07, CPU core 38, NUMA node 2
Rank 51: Node m07, CPU core 54, NUMA node 3
Rank 52: Node m07, CPU core 70, NUMA node 4
Rank 53: Node m07, CPU core 86, NUMA node 5
Rank 54: Node m07, CPU core 102, NUMA node 6
Rank 55: Node m07, CPU core 118, NUMA node 7
Rank 56: Node m07, CPU core 7, NUMA node 0
Rank 57: Node m07, CPU core 23, NUMA node 1
Rank 58: Node m07, CPU core 39, NUMA node 2
Rank 59: Node m07, CPU core 55, NUMA node 3
Rank 60: Node m07, CPU core 71, NUMA node 4
Rank 61: Node m07, CPU core 87, NUMA node 5
Rank 62: Node m07, CPU core 103, NUMA node 6
Rank 63: Node m07, CPU core 119, NUMA node 7
Rank 64: Node m08, CPU core 0, NUMA node 0
Rank 65: Node m08, CPU core 16, NUMA node 1
Rank 66: Node m08, CPU core 32, NUMA node 2
Rank 67: Node m08, CPU core 48, NUMA node 3
Rank 68: Node m08, CPU core 64, NUMA node 4
Rank 69: Node m08, CPU core 80, NUMA node 5
Rank 70: Node m08, CPU core 96, NUMA node 6
Rank 71: Node m08, CPU core 112, NUMA node 7
Rank 72: Node m08, CPU core 1, NUMA node 0
Rank 73: Node m08, CPU core 17, NUMA node 1
Rank 74: Node m08, CPU core 33, NUMA node 2
Rank 75: Node m08, CPU core 49, NUMA node 3
Rank 76: Node m08, CPU core 65, NUMA node 4
Rank 77: Node m08, CPU core 81, NUMA node 5
Rank 78: Node m08, CPU core 97, NUMA node 6
Rank 79: Node m08, CPU core 113, NUMA node 7
Rank 80: Node m08, CPU core 2, NUMA node 0
Rank 81: Node m08, CPU core 18, NUMA node 1
Rank 82: Node m08, CPU core 34, NUMA node 2
Rank 83: Node m08, CPU core 50, NUMA node 3
Rank 84: Node m08, CPU core 66, NUMA node 4
Rank 85: Node m08, CPU core 82, NUMA node 5
Rank 86: Node m08, CPU core 98, NUMA node 6
Rank 87: Node m08, CPU core 114, NUMA node 7
Rank 88: Node m08, CPU core 3, NUMA node 0
Rank 89: Node m08, CPU core 19, NUMA node 1
Rank 90: Node m08, CPU core 35, NUMA node 2
Rank 91: Node m08, CPU core 51, NUMA node 3
Rank 92: Node m08, CPU core 67, NUMA node 4
Rank 93: Node m08, CPU core 83, NUMA node 5
Rank 94: Node m08, CPU core 99, NUMA node 6
Rank 95: Node m08, CPU core 115, NUMA node 7
Rank 96: Node m08, CPU core 4, NUMA node 0
Rank 97: Node m08, CPU core 20, NUMA node 1
Rank 98: Node m08, CPU core 36, NUMA node 2
Rank 99: Node m08, CPU core 52, NUMA node 3
Rank 100: Node m08, CPU core 68, NUMA node 4
Rank 101: Node m08, CPU core 84, NUMA node 5
Rank 102: Node m08, CPU core 100, NUMA node 6
Rank 103: Node m08, CPU core 116, NUMA node 7
Rank 104: Node m08, CPU core 5, NUMA node 0
Rank 105: Node m08, CPU core 21, NUMA node 1
Rank 106: Node m08, CPU core 37, NUMA node 2
Rank 107: Node m08, CPU core 53, NUMA node 3
Rank 108: Node m08, CPU core 69, NUMA node 4
Rank 109: Node m08, CPU core 85, NUMA node 5
Rank 110: Node m08, CPU core 101, NUMA node 6
Rank 111: Node m08, CPU core 117, NUMA node 7
Rank 112: Node m08, CPU core 6, NUMA node 0
Rank 113: Node m08, CPU core 22, NUMA node 1
Rank 114: Node m08, CPU core 38, NUMA node 2
Rank 115: Node m08, CPU core 54, NUMA node 3
Rank 116: Node m08, CPU core 70, NUMA node 4
Rank 117: Node m08, CPU core 86, NUMA node 5
Rank 118: Node m08, CPU core 102, NUMA node 6
Rank 119: Node m08, CPU core 118, NUMA node 7
Rank 120: Node m08, CPU core 7, NUMA node 0
Rank 121: Node m08, CPU core 23, NUMA node 1
Rank 122: Node m08, CPU core 39, NUMA node 2
Rank 123: Node m08, CPU core 55, NUMA node 3
Rank 124: Node m08, CPU core 71, NUMA node 4
Rank 125: Node m08, CPU core 87, NUMA node 5
Rank 126: Node m08, CPU core 103, NUMA node 6
Rank 127: Node m08, CPU core 119, NUMA node 7

===== SUMMARY =====

----- NODE: m07 -----
CPU cores used: 0 16 32 48 64 80 96 112 1 17 33 49 65 81 97 113 2 18 34 50 66 82 98 114 3 19 35 51 67 83 99 115 4 20 36 52 68 84 100 116 5 21 37 53 69 85 101 117 6 22 38 54 70 86 102 118 7 23 39 55 71 87 103 119
NUMA nodes used: 0 1 2 3 4 5 6 7

----- NODE: m08 -----
CPU cores used: 0 16 32 48 64 80 96 112 1 17 33 49 65 81 97 113 2 18 34 50 66 82 98 114 3 19 35 51 67 83 99 115 4 20 36 52 68 84 100 116 5 21 37 53 69 85 101 117 6 22 38 54 70 86 102 118 7 23 39 55 71 87 103 119
NUMA nodes used: 0 1 2 3 4 5 6 7


 NAS Parallel Benchmarks 3.4 -- MG Benchmark

 No input file. Using compiled defaults
 Size: 2048x2048x2048  (class E)
 Iterations:   50
 Total number of processes:    128


 Initialization time:           6.117 seconds

  iter    1
  iter    5
  iter   10
  iter   15
  iter   20
  iter   25
  iter   30
  iter   35
  iter   40
  iter   45
  iter   50

 Benchmark completed
 VERIFICATION SUCCESSFUL
 L2 Norm is  0.5630442584623E-10
 Error is    0.1566921731553E-10


 MG Benchmark Completed.
 Class           =                        E
 Size            =           2048x2048x2048
 Iterations      =                       50
 Time in seconds =                   139.31
 Total processes =                      128
 Active processes=                      128
 Mop/s total     =                178810.28
 Mop/s/process   =                  1396.96
 Operation type  =           floating point
 Verification    =               SUCCESSFUL
 Version         =                    3.4.4
 Compile date    =              06 Apr 2026

 Compile options:
    MPIFC        = mpif90
    FLINK        = $(MPIFC)
    FMPI_LIB     = (none)
    FMPI_INC     = (none)
    FFLAGS       = -O3
    FLINKFLAGS   = $(FFLAGS)
    RAND         = randi8


 Please send feedbacks and/or the results of this run to:

 NPB Development Team
 Internet: npb@nas.nasa.gov




 NAS Parallel Benchmarks 3.4 -- MG Benchmark

 No input file. Using compiled defaults
 Size: 2048x2048x2048  (class E)
 Iterations:   50
 Total number of processes:    128


 Initialization time:           6.092 seconds

  iter    1
  iter    5
  iter   10
  iter   15
  iter   20
  iter   25
  iter   30
  iter   35
  iter   40
  iter   45
  iter   50

 Benchmark completed
 VERIFICATION SUCCESSFUL
 L2 Norm is  0.5630442584623E-10
 Error is    0.1566921731553E-10


 MG Benchmark Completed.
 Class           =                        E
 Size            =           2048x2048x2048
 Iterations      =                       50
 Time in seconds =                   139.20
 Total processes =                      128
 Active processes=                      128
 Mop/s total     =                178950.59
 Mop/s/process   =                  1398.05
 Operation type  =           floating point
 Verification    =               SUCCESSFUL
 Version         =                    3.4.4
 Compile date    =              06 Apr 2026

 Compile options:
    MPIFC        = mpif90
    FLINK        = $(MPIFC)
    FMPI_LIB     = (none)
    FMPI_INC     = (none)
    FFLAGS       = -O3
    FLINKFLAGS   = $(FFLAGS)
    RAND         = randi8


 Please send feedbacks and/or the results of this run to:

 NPB Development Team
 Internet: npb@nas.nasa.gov




 NAS Parallel Benchmarks 3.4 -- MG Benchmark

 No input file. Using compiled defaults
 Size: 2048x2048x2048  (class E)
 Iterations:   50
 Total number of processes:    128


 Initialization time:           6.081 seconds

  iter    1
  iter    5
  iter   10
  iter   15
  iter   20
  iter   25
  iter   30
  iter   35
  iter   40
  iter   45
  iter   50

 Benchmark completed
 VERIFICATION SUCCESSFUL
 L2 Norm is  0.5630442584623E-10
 Error is    0.1566921731553E-10


 MG Benchmark Completed.
 Class           =                        E
 Size            =           2048x2048x2048
 Iterations      =                       50
 Time in seconds =                   139.22
 Total processes =                      128
 Active processes=                      128
 Mop/s total     =                178930.01
 Mop/s/process   =                  1397.89
 Operation type  =           floating point
 Verification    =               SUCCESSFUL
 Version         =                    3.4.4
 Compile date    =              06 Apr 2026

 Compile options:
    MPIFC        = mpif90
    FLINK        = $(MPIFC)
    FMPI_LIB     = (none)
    FMPI_INC     = (none)
    FFLAGS       = -O3
    FLINKFLAGS   = $(FFLAGS)
    RAND         = randi8


 Please send feedbacks and/or the results of this run to:

 NPB Development Team
 Internet: npb@nas.nasa.gov


# RUN: --map-by L3cache -N 64 --bind-to core mg.E.x
Rank 0: Node m07, CPU core 0, NUMA node 0
Rank 1: Node m07, CPU core 8, NUMA node 0
Rank 2: Node m07, CPU core 16, NUMA node 1
Rank 3: Node m07, CPU core 24, NUMA node 1
Rank 4: Node m07, CPU core 32, NUMA node 2
Rank 5: Node m07, CPU core 40, NUMA node 2
Rank 6: Node m07, CPU core 48, NUMA node 3
Rank 7: Node m07, CPU core 56, NUMA node 3
Rank 8: Node m07, CPU core 64, NUMA node 4
Rank 9: Node m07, CPU core 72, NUMA node 4
Rank 10: Node m07, CPU core 80, NUMA node 5
Rank 11: Node m07, CPU core 88, NUMA node 5
Rank 12: Node m07, CPU core 96, NUMA node 6
Rank 13: Node m07, CPU core 104, NUMA node 6
Rank 14: Node m07, CPU core 112, NUMA node 7
Rank 15: Node m07, CPU core 120, NUMA node 7
Rank 16: Node m07, CPU core 1, NUMA node 0
Rank 17: Node m07, CPU core 9, NUMA node 0
Rank 18: Node m07, CPU core 17, NUMA node 1
Rank 19: Node m07, CPU core 25, NUMA node 1
Rank 20: Node m07, CPU core 33, NUMA node 2
Rank 21: Node m07, CPU core 41, NUMA node 2
Rank 22: Node m07, CPU core 49, NUMA node 3
Rank 23: Node m07, CPU core 57, NUMA node 3
Rank 24: Node m07, CPU core 65, NUMA node 4
Rank 25: Node m07, CPU core 73, NUMA node 4
Rank 26: Node m07, CPU core 81, NUMA node 5
Rank 27: Node m07, CPU core 89, NUMA node 5
Rank 28: Node m07, CPU core 97, NUMA node 6
Rank 29: Node m07, CPU core 105, NUMA node 6
Rank 30: Node m07, CPU core 113, NUMA node 7
Rank 31: Node m07, CPU core 121, NUMA node 7
Rank 32: Node m07, CPU core 2, NUMA node 0
Rank 33: Node m07, CPU core 10, NUMA node 0
Rank 34: Node m07, CPU core 18, NUMA node 1
Rank 35: Node m07, CPU core 26, NUMA node 1
Rank 36: Node m07, CPU core 34, NUMA node 2
Rank 37: Node m07, CPU core 42, NUMA node 2
Rank 38: Node m07, CPU core 50, NUMA node 3
Rank 39: Node m07, CPU core 58, NUMA node 3
Rank 40: Node m07, CPU core 66, NUMA node 4
Rank 41: Node m07, CPU core 74, NUMA node 4
Rank 42: Node m07, CPU core 82, NUMA node 5
Rank 43: Node m07, CPU core 90, NUMA node 5
Rank 44: Node m07, CPU core 98, NUMA node 6
Rank 45: Node m07, CPU core 106, NUMA node 6
Rank 46: Node m07, CPU core 114, NUMA node 7
Rank 47: Node m07, CPU core 122, NUMA node 7
Rank 48: Node m07, CPU core 3, NUMA node 0
Rank 49: Node m07, CPU core 11, NUMA node 0
Rank 50: Node m07, CPU core 19, NUMA node 1
Rank 51: Node m07, CPU core 27, NUMA node 1
Rank 52: Node m07, CPU core 35, NUMA node 2
Rank 53: Node m07, CPU core 43, NUMA node 2
Rank 54: Node m07, CPU core 51, NUMA node 3
Rank 55: Node m07, CPU core 59, NUMA node 3
Rank 56: Node m07, CPU core 67, NUMA node 4
Rank 57: Node m07, CPU core 75, NUMA node 4
Rank 58: Node m07, CPU core 83, NUMA node 5
Rank 59: Node m07, CPU core 91, NUMA node 5
Rank 60: Node m07, CPU core 99, NUMA node 6
Rank 61: Node m07, CPU core 107, NUMA node 6
Rank 62: Node m07, CPU core 115, NUMA node 7
Rank 63: Node m07, CPU core 123, NUMA node 7
Rank 64: Node m08, CPU core 0, NUMA node 0
Rank 65: Node m08, CPU core 8, NUMA node 0
Rank 66: Node m08, CPU core 16, NUMA node 1
Rank 67: Node m08, CPU core 24, NUMA node 1
Rank 68: Node m08, CPU core 32, NUMA node 2
Rank 69: Node m08, CPU core 40, NUMA node 2
Rank 70: Node m08, CPU core 48, NUMA node 3
Rank 71: Node m08, CPU core 56, NUMA node 3
Rank 72: Node m08, CPU core 64, NUMA node 4
Rank 73: Node m08, CPU core 72, NUMA node 4
Rank 74: Node m08, CPU core 80, NUMA node 5
Rank 75: Node m08, CPU core 88, NUMA node 5
Rank 76: Node m08, CPU core 96, NUMA node 6
Rank 77: Node m08, CPU core 104, NUMA node 6
Rank 78: Node m08, CPU core 112, NUMA node 7
Rank 79: Node m08, CPU core 120, NUMA node 7
Rank 80: Node m08, CPU core 1, NUMA node 0
Rank 81: Node m08, CPU core 9, NUMA node 0
Rank 82: Node m08, CPU core 17, NUMA node 1
Rank 83: Node m08, CPU core 25, NUMA node 1
Rank 84: Node m08, CPU core 33, NUMA node 2
Rank 85: Node m08, CPU core 41, NUMA node 2
Rank 86: Node m08, CPU core 49, NUMA node 3
Rank 87: Node m08, CPU core 57, NUMA node 3
Rank 88: Node m08, CPU core 65, NUMA node 4
Rank 89: Node m08, CPU core 73, NUMA node 4
Rank 90: Node m08, CPU core 81, NUMA node 5
Rank 91: Node m08, CPU core 89, NUMA node 5
Rank 92: Node m08, CPU core 97, NUMA node 6
Rank 93: Node m08, CPU core 105, NUMA node 6
Rank 94: Node m08, CPU core 113, NUMA node 7
Rank 95: Node m08, CPU core 121, NUMA node 7
Rank 96: Node m08, CPU core 2, NUMA node 0
Rank 97: Node m08, CPU core 10, NUMA node 0
Rank 98: Node m08, CPU core 18, NUMA node 1
Rank 99: Node m08, CPU core 26, NUMA node 1
Rank 100: Node m08, CPU core 34, NUMA node 2
Rank 101: Node m08, CPU core 42, NUMA node 2
Rank 102: Node m08, CPU core 50, NUMA node 3
Rank 103: Node m08, CPU core 58, NUMA node 3
Rank 104: Node m08, CPU core 66, NUMA node 4
Rank 105: Node m08, CPU core 74, NUMA node 4
Rank 106: Node m08, CPU core 82, NUMA node 5
Rank 107: Node m08, CPU core 90, NUMA node 5
Rank 108: Node m08, CPU core 98, NUMA node 6
Rank 109: Node m08, CPU core 106, NUMA node 6
Rank 110: Node m08, CPU core 114, NUMA node 7
Rank 111: Node m08, CPU core 122, NUMA node 7
Rank 112: Node m08, CPU core 3, NUMA node 0
Rank 113: Node m08, CPU core 11, NUMA node 0
Rank 114: Node m08, CPU core 19, NUMA node 1
Rank 115: Node m08, CPU core 27, NUMA node 1
Rank 116: Node m08, CPU core 35, NUMA node 2
Rank 117: Node m08, CPU core 43, NUMA node 2
Rank 118: Node m08, CPU core 51, NUMA node 3
Rank 119: Node m08, CPU core 59, NUMA node 3
Rank 120: Node m08, CPU core 67, NUMA node 4
Rank 121: Node m08, CPU core 75, NUMA node 4
Rank 122: Node m08, CPU core 83, NUMA node 5

===== SUMMARY =====

----- NODE: m07 -----
CPU cores used: 0 8 16 24 32 40 48 56 64 72 80 88 96 104 112 120 1 9 17 25 33 41 49 57 65 73 81 89 97 105 113 121 2 10 18 26 34 42 50 58 66 74 82 90 98 106 114 122 3 11 19 27 35 43 51 59 67 75 83 91 99 107 115 123
NUMA nodes used: 0 1 2 3 4 5 6 7

----- NODE: m08 -----
CPU cores used: 0 8 16 24 32 40 48 56 64 72 80 88 96 104 112 120 1 9 17 25 33 41 49 57 65 73 81 89 97 105 113 121 2 10 18 26 34 42 50 58 66 74 82 90 98 106 114 122 3 11 19 27 35 43 51 59 67 75 83 91 99 107 115 123
NUMA nodes used: 0 1 2 3 4 5 6 7
Rank 123: Node m08, CPU core 91, NUMA node 5
Rank 124: Node m08, CPU core 99, NUMA node 6
Rank 125: Node m08, CPU core 107, NUMA node 6
Rank 126: Node m08, CPU core 115, NUMA node 7
Rank 127: Node m08, CPU core 123, NUMA node 7


 NAS Parallel Benchmarks 3.4 -- MG Benchmark

 No input file. Using compiled defaults
 Size: 2048x2048x2048  (class E)
 Iterations:   50
 Total number of processes:    128


 Initialization time:           5.334 seconds

  iter    1
  iter    5
  iter   10
  iter   15
  iter   20
  iter   25
  iter   30
  iter   35
  iter   40
  iter   45
  iter   50

 Benchmark completed
 VERIFICATION SUCCESSFUL
 L2 Norm is  0.5630442584623E-10
 Error is    0.1566921731553E-10


 MG Benchmark Completed.
 Class           =                        E
 Size            =           2048x2048x2048
 Iterations      =                       50
 Time in seconds =                   113.20
 Total processes =                      128
 Active processes=                      128
 Mop/s total     =                220054.55
 Mop/s/process   =                  1719.18
 Operation type  =           floating point
 Verification    =               SUCCESSFUL
 Version         =                    3.4.4
 Compile date    =              06 Apr 2026

 Compile options:
    MPIFC        = mpif90
    FLINK        = $(MPIFC)
    FMPI_LIB     = (none)
    FMPI_INC     = (none)
    FFLAGS       = -O3
    FLINKFLAGS   = $(FFLAGS)
    RAND         = randi8


 Please send feedbacks and/or the results of this run to:

 NPB Development Team
 Internet: npb@nas.nasa.gov




 NAS Parallel Benchmarks 3.4 -- MG Benchmark

 No input file. Using compiled defaults
 Size: 2048x2048x2048  (class E)
 Iterations:   50
 Total number of processes:    128


 Initialization time:           5.326 seconds

  iter    1
  iter    5
  iter   10
  iter   15
  iter   20
  iter   25
  iter   30
  iter   35
  iter   40
  iter   45
  iter   50

 Benchmark completed
 VERIFICATION SUCCESSFUL
 L2 Norm is  0.5630442584623E-10
 Error is    0.1566921731553E-10


 MG Benchmark Completed.
 Class           =                        E
 Size            =           2048x2048x2048
 Iterations      =                       50
 Time in seconds =                   113.11
 Total processes =                      128
 Active processes=                      128
 Mop/s total     =                220234.27
 Mop/s/process   =                  1720.58
 Operation type  =           floating point
 Verification    =               SUCCESSFUL
 Version         =                    3.4.4
 Compile date    =              06 Apr 2026

 Compile options:
    MPIFC        = mpif90
    FLINK        = $(MPIFC)
    FMPI_LIB     = (none)
    FMPI_INC     = (none)
    FFLAGS       = -O3
    FLINKFLAGS   = $(FFLAGS)
    RAND         = randi8


 Please send feedbacks and/or the results of this run to:

 NPB Development Team
 Internet: npb@nas.nasa.gov




 NAS Parallel Benchmarks 3.4 -- MG Benchmark

 No input file. Using compiled defaults
 Size: 2048x2048x2048  (class E)
 Iterations:   50
 Total number of processes:    128


 Initialization time:           5.333 seconds

  iter    1
  iter    5
  iter   10
  iter   15
  iter   20
  iter   25
  iter   30
  iter   35
  iter   40
  iter   45
  iter   50

 Benchmark completed
 VERIFICATION SUCCESSFUL
 L2 Norm is  0.5630442584623E-10
 Error is    0.1566921731553E-10


 MG Benchmark Completed.
 Class           =                        E
 Size            =           2048x2048x2048
 Iterations      =                       50
 Time in seconds =                   113.09
 Total processes =                      128
 Active processes=                      128
 Mop/s total     =                220278.36
 Mop/s/process   =                  1720.92
 Operation type  =           floating point
 Verification    =               SUCCESSFUL
 Version         =                    3.4.4
 Compile date    =              06 Apr 2026

 Compile options:
    MPIFC        = mpif90
    FLINK        = $(MPIFC)
    FMPI_LIB     = (none)
    FMPI_INC     = (none)
    FFLAGS       = -O3
    FLINKFLAGS   = $(FFLAGS)
    RAND         = randi8


 Please send feedbacks and/or the results of this run to:

 NPB Development Team
 Internet: npb@nas.nasa.gov


